Archive member included to satisfy reference by file (symbol)

/opt/st/stm32cubeide_1.7.0/plugins/com.st.stm32cube.ide.mcu.externaltools.gnu-tools-for-stm32.9-2020-q2-update.linux64_2.0.0.202105311346/tools/bin/../lib/gcc/arm-none-eabi/9.3.1/../../../../arm-none-eabi/lib/thumb/v7e-m+fp/hard/libc_nano.a(lib_a-errno.o)
                              ./Core/Src/syscalls.o (__errno)
/opt/st/stm32cubeide_1.7.0/plugins/com.st.stm32cube.ide.mcu.externaltools.gnu-tools-for-stm32.9-2020-q2-update.linux64_2.0.0.202105311346/tools/bin/../lib/gcc/arm-none-eabi/9.3.1/../../../../arm-none-eabi/lib/thumb/v7e-m+fp/hard/libc_nano.a(lib_a-exit.o)
                              /opt/st/stm32cubeide_1.7.0/plugins/com.st.stm32cube.ide.mcu.externaltools.gnu-tools-for-stm32.9-2020-q2-update.linux64_2.0.0.202105311346/tools/bin/../lib/gcc/arm-none-eabi/9.3.1/../../../../arm-none-eabi/lib/thumb/v7e-m+fp/hard/crt0.o (exit)
/opt/st/stm32cubeide_1.7.0/plugins/com.st.stm32cube.ide.mcu.externaltools.gnu-tools-for-stm32.9-2020-q2-update.linux64_2.0.0.202105311346/tools/bin/../lib/gcc/arm-none-eabi/9.3.1/../../../../arm-none-eabi/lib/thumb/v7e-m+fp/hard/libc_nano.a(lib_a-impure.o)
                              /opt/st/stm32cubeide_1.7.0/plugins/com.st.stm32cube.ide.mcu.externaltools.gnu-tools-for-stm32.9-2020-q2-update.linux64_2.0.0.202105311346/tools/bin/../lib/gcc/arm-none-eabi/9.3.1/../../../../arm-none-eabi/lib/thumb/v7e-m+fp/hard/libc_nano.a(lib_a-exit.o) (_global_impure_ptr)
/opt/st/stm32cubeide_1.7.0/plugins/com.st.stm32cube.ide.mcu.externaltools.gnu-tools-for-stm32.9-2020-q2-update.linux64_2.0.0.202105311346/tools/bin/../lib/gcc/arm-none-eabi/9.3.1/../../../../arm-none-eabi/lib/thumb/v7e-m+fp/hard/libc_nano.a(lib_a-init.o)
                              /opt/st/stm32cubeide_1.7.0/plugins/com.st.stm32cube.ide.mcu.externaltools.gnu-tools-for-stm32.9-2020-q2-update.linux64_2.0.0.202105311346/tools/bin/../lib/gcc/arm-none-eabi/9.3.1/../../../../arm-none-eabi/lib/thumb/v7e-m+fp/hard/crt0.o (__libc_init_array)
/opt/st/stm32cubeide_1.7.0/plugins/com.st.stm32cube.ide.mcu.externaltools.gnu-tools-for-stm32.9-2020-q2-update.linux64_2.0.0.202105311346/tools/bin/../lib/gcc/arm-none-eabi/9.3.1/../../../../arm-none-eabi/lib/thumb/v7e-m+fp/hard/libc_nano.a(lib_a-memcpy-stub.o)
                              ./Core/Src/main.o (memcpy)
/opt/st/stm32cubeide_1.7.0/plugins/com.st.stm32cube.ide.mcu.externaltools.gnu-tools-for-stm32.9-2020-q2-update.linux64_2.0.0.202105311346/tools/bin/../lib/gcc/arm-none-eabi/9.3.1/../../../../arm-none-eabi/lib/thumb/v7e-m+fp/hard/libc_nano.a(lib_a-memset.o)
                              /opt/st/stm32cubeide_1.7.0/plugins/com.st.stm32cube.ide.mcu.externaltools.gnu-tools-for-stm32.9-2020-q2-update.linux64_2.0.0.202105311346/tools/bin/../lib/gcc/arm-none-eabi/9.3.1/../../../../arm-none-eabi/lib/thumb/v7e-m+fp/hard/crt0.o (memset)

Allocating common symbols
Common symbol       size              file

hUsbDeviceFS        0x2d0             ./USB_Device/App/usb_device.o
uwTick              0x4               ./Drivers/STM32G4xx_HAL_Driver/Src/stm32g4xx_hal.o
UserRxBufferFS      0x3e8             ./USB_Device/App/usbd_cdc_if.o
UserTxBufferFS      0x3e8             ./USB_Device/App/usbd_cdc_if.o
hpcd_USB_FS         0x2f4             ./USB_Device/Target/usbd_conf.o
USBD_StrDesc        0x200             ./USB_Device/App/usbd_desc.o

Discarded input sections

 .text          0x0000000000000000        0x0 /opt/st/stm32cubeide_1.7.0/plugins/com.st.stm32cube.ide.mcu.externaltools.gnu-tools-for-stm32.9-2020-q2-update.linux64_2.0.0.202105311346/tools/bin/../lib/gcc/arm-none-eabi/9.3.1/thumb/v7e-m+fp/hard/crti.o
 .data          0x0000000000000000        0x0 /opt/st/stm32cubeide_1.7.0/plugins/com.st.stm32cube.ide.mcu.externaltools.gnu-tools-for-stm32.9-2020-q2-update.linux64_2.0.0.202105311346/tools/bin/../lib/gcc/arm-none-eabi/9.3.1/thumb/v7e-m+fp/hard/crti.o
 .bss           0x0000000000000000        0x0 /opt/st/stm32cubeide_1.7.0/plugins/com.st.stm32cube.ide.mcu.externaltools.gnu-tools-for-stm32.9-2020-q2-update.linux64_2.0.0.202105311346/tools/bin/../lib/gcc/arm-none-eabi/9.3.1/thumb/v7e-m+fp/hard/crti.o
 .data          0x0000000000000000        0x4 /opt/st/stm32cubeide_1.7.0/plugins/com.st.stm32cube.ide.mcu.externaltools.gnu-tools-for-stm32.9-2020-q2-update.linux64_2.0.0.202105311346/tools/bin/../lib/gcc/arm-none-eabi/9.3.1/thumb/v7e-m+fp/hard/crtbegin.o
 .text          0x0000000000000000       0x7c /opt/st/stm32cubeide_1.7.0/plugins/com.st.stm32cube.ide.mcu.externaltools.gnu-tools-for-stm32.9-2020-q2-update.linux64_2.0.0.202105311346/tools/bin/../lib/gcc/arm-none-eabi/9.3.1/../../../../arm-none-eabi/lib/thumb/v7e-m+fp/hard/crt0.o
 .data          0x0000000000000000        0x0 /opt/st/stm32cubeide_1.7.0/plugins/com.st.stm32cube.ide.mcu.externaltools.gnu-tools-for-stm32.9-2020-q2-update.linux64_2.0.0.202105311346/tools/bin/../lib/gcc/arm-none-eabi/9.3.1/../../../../arm-none-eabi/lib/thumb/v7e-m+fp/hard/crt0.o
[...]
Memory Configuration

Name             Origin             Length             Attributes
RAM              0x0000000020000000 0x0000000000008000 xrw
FLASH            0x0000000008000000 0x0000000000020000 xr
*default*        0x0000000000000000 0xffffffffffffffff

Linker script and memory map

LOAD /opt/st/stm32cubeide_1.7.0/plugins/com.st.stm32cube.ide.mcu.externaltools.gnu-tools-for-stm32.9-2020-q2-update.linux64_2.0.0.202105311346/tools/bin/../lib/gcc/arm-none-eabi/9.3.1/thumb/v7e-m+fp/hard/crti.o
LOAD /opt/st/stm32cubeide_1.7.0/plugins/com.st.stm32cube.ide.mcu.externaltools.gnu-tools-for-stm32.9-2020-q2-update.linux64_2.0.0.202105311346/tools/bin/../lib/gcc/arm-none-eabi/9.3.1/thumb/v7e-m+fp/hard/crtbegin.o
LOAD /opt/st/stm32cubeide_1.7.0/plugins/com.st.stm32cube.ide.mcu.externaltools.gnu-tools-for-stm32.9-2020-q2-update.linux64_2.0.0.202105311346/tools/bin/../lib/gcc/arm-none-eabi/9.3.1/../../../../arm-none-eabi/lib/thumb/v7e-m+fp/hard/crt0.o
LOAD ./Core/Src/main.o
LOAD ./Core/Src/stm32g4xx_hal_msp.o
LOAD ./Core/Src/stm32g4xx_it.o
LOAD ./Core/Src/syscalls.o
LOAD ./Core/Src/sysmem.o
LOAD ./Core/Src/system_stm32g4xx.o
LOAD ./Core/Startup/startup_stm32g441kbtx.o
LOAD ./Drivers/STM32G4xx_HAL_Driver/Src/stm32g4xx_hal.o
LOAD ./Drivers/STM32G4xx_HAL_Driver/Src/stm32g4xx_hal_cortex.o
LOAD ./Drivers/STM32G4xx_HAL_Driver/Src/stm32g4xx_hal_dma.o
LOAD ./Drivers/STM32G4xx_HAL_Driver/Src/stm32g4xx_hal_dma_ex.o
LOAD ./Drivers/STM32G4xx_HAL_Driver/Src/stm32g4xx_hal_exti.o
LOAD ./Drivers/STM32G4xx_HAL_Driver/Src/stm32g4xx_hal_flash.o
LOAD ./Drivers/STM32G4xx_HAL_Driver/Src/stm32g4xx_hal_flash_ex.o
LOAD ./Drivers/STM32G4xx_HAL_Driver/Src/stm32g4xx_hal_flash_ramfunc.o
LOAD ./Drivers/STM32G4xx_HAL_Driver/Src/stm32g4xx_hal_gpio.o
LOAD ./Drivers/STM32G4xx_HAL_Driver/Src/stm32g4xx_hal_pcd.o
LOAD ./Drivers/STM32G4xx_HAL_Driver/Src/stm32g4xx_hal_pcd_ex.o
LOAD ./Drivers/STM32G4xx_HAL_Driver/Src/stm32g4xx_hal_pwr.o
LOAD ./Drivers/STM32G4xx_HAL_Driver/Src/stm32g4xx_hal_pwr_ex.o
LOAD ./Drivers/STM32G4xx_HAL_Driver/Src/stm32g4xx_hal_rcc.o
LOAD ./Drivers/STM32G4xx_HAL_Driver/Src/stm32g4xx_hal_rcc_ex.o
LOAD ./Drivers/STM32G4xx_HAL_Driver/Src/stm32g4xx_hal_tim.o
LOAD ./Drivers/STM32G4xx_HAL_Driver/Src/stm32g4xx_hal_tim_ex.o
LOAD ./Drivers/STM32G4xx_HAL_Driver/Src/stm32g4xx_ll_usb.o
LOAD ./Middlewares/ST/STM32_USB_Device_Library/Class/CDC/Src/usbd_cdc.o
LOAD ./Middlewares/ST/STM32_USB_Device_Library/Core/Src/usbd_core.o
LOAD ./Middlewares/ST/STM32_USB_Device_Library/Core/Src/usbd_ctlreq.o
LOAD ./Middlewares/ST/STM32_USB_Device_Library/Core/Src/usbd_ioreq.o
LOAD ./USB_Device/App/usb_device.o
LOAD ./USB_Device/App/usbd_cdc_if.o
LOAD ./USB_Device/App/usbd_desc.o
LOAD ./USB_Device/Target/usbd_conf.o
START GROUP
LOAD /opt/st/stm32cubeide_1.7.0/plugins/com.st.stm32cube.ide.mcu.externaltools.gnu-tools-for-stm32.9-2020-q2-update.linux64_2.0.0.202105311346/tools/bin/../lib/gcc/arm-none-eabi/9.3.1/../../../../arm-none-eabi/lib/thumb/v7e-m+fp/hard/libc_nano.a
LOAD /opt/st/stm32cubeide_1.7.0/plugins/com.st.stm32cube.ide.mcu.externaltools.gnu-tools-for-stm32.9-2020-q2-update.linux64_2.0.0.202105311346/tools/bin/../lib/gcc/arm-none-eabi/9.3.1/../../../../arm-none-eabi/lib/thumb/v7e-m+fp/hard/libm.a
END GROUP
START GROUP
LOAD /opt/st/stm32cubeide_1.7.0/plugins/com.st.stm32cube.ide.mcu.externaltools.gnu-tools-for-stm32.9-2020-q2-update.linux64_2.0.0.202105311346/tools/bin/../lib/gcc/arm-none-eabi/9.3.1/thumb/v7e-m+fp/hard/libgcc.a
LOAD /opt/st/stm32cubeide_1.7.0/plugins/com.st.stm32cube.ide.mcu.externaltools.gnu-tools-for-stm32.9-2020-q2-update.linux64_2.0.0.202105311346/tools/bin/../lib/gcc/arm-none-eabi/9.3.1/../../../../arm-none-eabi/lib/thumb/v7e-m+fp/hard/libc_nano.a
END GROUP
START GROUP
LOAD /opt/st/stm32cubeide_1.7.0/plugins/com.st.stm32cube.ide.mcu.externaltools.gnu-tools-for-stm32.9-2020-q2-update.linux64_2.0.0.202105311346/tools/bin/../lib/gcc/arm-none-eabi/9.3.1/thumb/v7e-m+fp/hard/libgcc.a
LOAD /opt/st/stm32cubeide_1.7.0/plugins/com.st.stm32cube.ide.mcu.externaltools.gnu-tools-for-stm32.9-2020-q2-update.linux64_2.0.0.202105311346/tools/bin/../lib/gcc/arm-none-eabi/9.3.1/../../../../arm-none-eabi/lib/thumb/v7e-m+fp/hard/libc_nano.a
LOAD /opt/st/stm32cubeide_1.7.0/plugins/com.st.stm32cube.ide.mcu.externaltools.gnu-tools-for-stm32.9-2020-q2-update.linux64_2.0.0.202105311346/tools/bin/../lib/gcc/arm-none-eabi/9.3.1/../../../../arm-none-eabi/lib/thumb/v7e-m+fp/hard/libnosys.a
END GROUP
START GROUP
LOAD /opt/st/stm32cubeide_1.7.0/plugins/com.st.stm32cube.ide.mcu.externaltools.gnu-tools-for-stm32.9-2020-q2-update.linux64_2.0.0.202105311346/tools/bin/../lib/gcc/arm-none-eabi/9.3.1/thumb/v7e-m+fp/hard/libgcc.a
LOAD /opt/st/stm32cubeide_1.7.0/plugins/com.st.stm32cube.ide.mcu.externaltools.gnu-tools-for-stm32.9-2020-q2-update.linux64_2.0.0.202105311346/tools/bin/../lib/gcc/arm-none-eabi/9.3.1/../../../../arm-none-eabi/lib/thumb/v7e-m+fp/hard/libc_nano.a
LOAD /opt/st/stm32cubeide_1.7.0/plugins/com.st.stm32cube.ide.mcu.externaltools.gnu-tools-for-stm32.9-2020-q2-update.linux64_2.0.0.202105311346/tools/bin/../lib/gcc/arm-none-eabi/9.3.1/../../../../arm-none-eabi/lib/thumb/v7e-m+fp/hard/libnosys.a
END GROUP
LOAD /opt/st/stm32cubeide_1.7.0/plugins/com.st.stm32cube.ide.mcu.externaltools.gnu-tools-for-stm32.9-2020-q2-update.linux64_2.0.0.202105311346/tools/bin/../lib/gcc/arm-none-eabi/9.3.1/thumb/v7e-m+fp/hard/crtend.o
LOAD /opt/st/stm32cubeide_1.7.0/plugins/com.st.stm32cube.ide.mcu.externaltools.gnu-tools-for-stm32.9-2020-q2-update.linux64_2.0.0.202105311346/tools/bin/../lib/gcc/arm-none-eabi/9.3.1/thumb/v7e-m+fp/hard/crtn.o
                0x0000000020008000                _estack = (ORIGIN (RAM) + LENGTH (RAM))
                0x0000000000000200                _Min_Heap_Size = 0x200
                0x0000000000000400                _Min_Stack_Size = 0x400

.isr_vector     0x0000000008000000      0x1d8
                0x0000000008000000                . = ALIGN (0x4)
 *(.isr_vector)
 .isr_vector    0x0000000008000000      0x1d8 ./Core/Startup/startup_stm32g441kbtx.o
                0x0000000008000000                g_pfnVectors
                0x00000000080001d8                . = ALIGN (0x4)

.text           0x00000000080001d8     0x7388
                0x00000000080001d8                . = ALIGN (0x4)
 *(.text)
 .text          0x00000000080001d8       0x40 /opt/st/stm32cubeide_1.7.0/plugins/com.st.stm32cube.ide.mcu.externaltools.gnu-tools-for-stm32.9-2020-q2-update.linux64_2.0.0.202105311346/tools/bin/../lib/gcc/arm-none-eabi/9.3.1/thumb/v7e-m+fp/hard/crtbegin.o
 *(.text*)
 .text.CDC_On_Receive
                0x0000000008000218       0x40 ./Core/Src/main.o
                0x0000000008000218                CDC_On_Receive
 .text.main     0x0000000008000258       0x54 ./Core/Src/main.o
                0x0000000008000258                main
 .text.SystemClock_Config
                0x00000000080002ac       0x98 ./Core/Src/main.o
                0x00000000080002ac                SystemClock_Config
 .text.MX_GPIO_Init
                0x0000000008000344       0x30 ./Core/Src/main.o
 .text.Error_Handler
                0x0000000008000374        0xa ./Core/Src/main.o
                0x0000000008000374                Error_Handler
 *fill*         0x000000000800037e        0x2 
 .text.HAL_MspInit
                0x0000000008000380       0x48 ./Core/Src/stm32g4xx_hal_msp.o
                0x0000000008000380                HAL_MspInit
 .text.NMI_Handler
                0x00000000080003c8        0x6 ./Core/Src/stm32g4xx_it.o
                0x00000000080003c8                NMI_Handler
 .text.HardFault_Handler
                0x00000000080003ce        0x6 ./Core/Src/stm32g4xx_it.o
                0x00000000080003ce                HardFault_Handler
 .text.MemManage_Handler
                0x00000000080003d4        0x6 ./Core/Src/stm32g4xx_it.o
                0x00000000080003d4                MemManage_Handler
 .text.BusFault_Handler
                0x00000000080003da        0x6 ./Core/Src/stm32g4xx_it.o
                0x00000000080003da                BusFault_Handler
 .text.UsageFault_Handler
                0x00000000080003e0        0x6 ./Core/Src/stm32g4xx_it.o
                0x00000000080003e0                UsageFault_Handler
 .text.SVC_Handler
                0x00000000080003e6        0xe ./Core/Src/stm32g4xx_it.o
                0x00000000080003e6                SVC_Handler
 .text.DebugMon_Handler
                0x00000000080003f4        0xe ./Core/Src/stm32g4xx_it.o
                0x00000000080003f4                DebugMon_Handler
 .text.PendSV_Handler
                0x0000000008000402        0xe ./Core/Src/stm32g4xx_it.o
                0x0000000008000402                PendSV_Handler
 .text.SysTick_Handler
                0x0000000008000410        0xc ./Core/Src/stm32g4xx_it.o
                0x0000000008000410                SysTick_Handler
 .text.USB_LP_IRQHandler
                0x000000000800041c       0x14 ./Core/Src/stm32g4xx_it.o
                0x000000000800041c                USB_LP_IRQHandler
 .text.SystemInit
                0x0000000008000430       0x24 ./Core/Src/system_stm32g4xx.o
                0x0000000008000430                SystemInit
 .text.Reset_Handler
                0x0000000008000454       0x50 ./Core/Startup/startup_stm32g441kbtx.o
                0x0000000008000454                Reset_Handler
 .text.Default_Handler
                0x00000000080004a4        0x2 ./Core/Startup/startup_stm32g441kbtx.o
                0x00000000080004a4                RTC_Alarm_IRQHandler
                0x00000000080004a4                EXTI2_IRQHandler
                0x00000000080004a4                TIM8_TRG_COM_IRQHandler
                0x00000000080004a4                TIM8_CC_IRQHandler
                0x00000000080004a4                TIM1_CC_IRQHandler
                0x00000000080004a4                USB_HP_IRQHandler
                0x00000000080004a4                CORDIC_IRQHandler
                0x00000000080004a4                EXTI3_IRQHandler
                0x00000000080004a4                I2C3_ER_IRQHandler
                0x00000000080004a4                EXTI0_IRQHandler
                0x00000000080004a4                I2C2_EV_IRQHandler
                0x00000000080004a4                FPU_IRQHandler
                0x00000000080004a4                FDCAN1_IT1_IRQHandler
                0x00000000080004a4                TIM1_UP_TIM16_IRQHandler
                0x00000000080004a4                ADC1_2_IRQHandler
                0x00000000080004a4                SPI1_IRQHandler
                0x00000000080004a4                TIM6_DAC_IRQHandler
                0x00000000080004a4                TIM8_UP_IRQHandler
                0x00000000080004a4                DMA2_Channel2_IRQHandler
                0x00000000080004a4                DMA1_Channel4_IRQHandler
                0x00000000080004a4                USART3_IRQHandler
                0x00000000080004a4                TIM4_IRQHandler
                0x00000000080004a4                DMA2_Channel1_IRQHandler
                0x00000000080004a4                I2C1_EV_IRQHandler
                0x00000000080004a4                DMA1_Channel6_IRQHandler
                0x00000000080004a4                UART4_IRQHandler
                0x00000000080004a4                DMA2_Channel4_IRQHandler
                0x00000000080004a4                TIM3_IRQHandler
                0x00000000080004a4                RCC_IRQHandler
                0x00000000080004a4                DMA1_Channel1_IRQHandler
                0x00000000080004a4                Default_Handler
                0x00000000080004a4                RTC_TAMP_LSECSS_IRQHandler
                0x00000000080004a4                FMAC_IRQHandler
                0x00000000080004a4                EXTI15_10_IRQHandler
                0x00000000080004a4                TIM7_IRQHandler
                0x00000000080004a4                UCPD1_IRQHandler
                0x00000000080004a4                I2C3_EV_IRQHandler
                0x00000000080004a4                EXTI9_5_IRQHandler
                0x00000000080004a4                RTC_WKUP_IRQHandler
                0x00000000080004a4                PVD_PVM_IRQHandler
                0x00000000080004a4                SPI2_IRQHandler
                0x00000000080004a4                DMA2_Channel5_IRQHandler
                0x00000000080004a4                CRS_IRQHandler
                0x00000000080004a4                DMA1_Channel5_IRQHandler
                0x00000000080004a4                EXTI4_IRQHandler
                0x00000000080004a4                RNG_IRQHandler
                0x00000000080004a4                TIM1_TRG_COM_TIM17_IRQHandler
                0x00000000080004a4                DMA1_Channel3_IRQHandler
                0x00000000080004a4                WWDG_IRQHandler
                0x00000000080004a4                LPUART1_IRQHandler
                0x00000000080004a4                DMA2_Channel6_IRQHandler
                0x00000000080004a4                FDCAN1_IT0_IRQHandler
                0x00000000080004a4                TIM2_IRQHandler
                0x00000000080004a4                COMP1_2_3_IRQHandler
                0x00000000080004a4                EXTI1_IRQHandler
                0x00000000080004a4                AES_IRQHandler
                0x00000000080004a4                USART2_IRQHandler
                0x00000000080004a4                I2C2_ER_IRQHandler
                0x00000000080004a4                DMA1_Channel2_IRQHandler
                0x00000000080004a4                TIM8_BRK_IRQHandler
                0x00000000080004a4                FLASH_IRQHandler
                0x00000000080004a4                USART1_IRQHandler
                0x00000000080004a4                SPI3_IRQHandler
                0x00000000080004a4                I2C1_ER_IRQHandler
                0x00000000080004a4                LPTIM1_IRQHandler
                0x00000000080004a4                DMAMUX_OVR_IRQHandler
                0x00000000080004a4                USBWakeUp_IRQHandler
                0x00000000080004a4                SAI1_IRQHandler
                0x00000000080004a4                DMA2_Channel3_IRQHandler
                0x00000000080004a4                COMP4_IRQHandler
                0x00000000080004a4                TIM1_BRK_TIM15_IRQHandler
 .text.HAL_Init
                0x00000000080004a6       0x30 ./Drivers/STM32G4xx_HAL_Driver/Src/stm32g4xx_hal.o
                0x00000000080004a6                HAL_Init
 *fill*         0x00000000080004d6        0x2 
 .text.HAL_InitTick
                0x00000000080004d8       0x74 ./Drivers/STM32G4xx_HAL_Driver/Src/stm32g4xx_hal.o
                0x00000000080004d8                HAL_InitTick
 .text.HAL_IncTick
                0x000000000800054c       0x24 ./Drivers/STM32G4xx_HAL_Driver/Src/stm32g4xx_hal.o
                0x000000000800054c                HAL_IncTick
 .text.HAL_GetTick
                0x0000000008000570       0x18 ./Drivers/STM32G4xx_HAL_Driver/Src/stm32g4xx_hal.o
                0x0000000008000570                HAL_GetTick
 .text.__NVIC_SetPriorityGrouping
                0x0000000008000588       0x48 ./Drivers/STM32G4xx_HAL_Driver/Src/stm32g4xx_hal_cortex.o
 .text.__NVIC_GetPriorityGrouping
                0x00000000080005d0       0x1c ./Drivers/STM32G4xx_HAL_Driver/Src/stm32g4xx_hal_cortex.o
 .text.__NVIC_EnableIRQ
                0x00000000080005ec       0x3c ./Drivers/STM32G4xx_HAL_Driver/Src/stm32g4xx_hal_cortex.o
 .text.__NVIC_SetPriority
                0x0000000008000628       0x54 ./Drivers/STM32G4xx_HAL_Driver/Src/stm32g4xx_hal_cortex.o
 .text.NVIC_EncodePriority
                0x000000000800067c       0x66 ./Drivers/STM32G4xx_HAL_Driver/Src/stm32g4xx_hal_cortex.o
 *fill*         0x00000000080006e2        0x2 
 .text.SysTick_Config
                0x00000000080006e4       0x44 ./Drivers/STM32G4xx_HAL_Driver/Src/stm32g4xx_hal_cortex.o
 .text.HAL_NVIC_SetPriorityGrouping
                0x0000000008000728       0x16 ./Drivers/STM32G4xx_HAL_Driver/Src/stm32g4xx_hal_cortex.o
                0x0000000008000728                HAL_NVIC_SetPriorityGrouping
 .text.HAL_NVIC_SetPriority
                0x000000000800073e       0x34 ./Drivers/STM32G4xx_HAL_Driver/Src/stm32g4xx_hal_cortex.o
                0x000000000800073e                HAL_NVIC_SetPriority
 .text.HAL_NVIC_EnableIRQ
                0x0000000008000772       0x1c ./Drivers/STM32G4xx_HAL_Driver/Src/stm32g4xx_hal_cortex.o
                0x0000000008000772                HAL_NVIC_EnableIRQ
 .text.HAL_SYSTICK_Config
                0x000000000800078e       0x18 ./Drivers/STM32G4xx_HAL_Driver/Src/stm32g4xx_hal_cortex.o
                0x000000000800078e                HAL_SYSTICK_Config
 .text.HAL_PCD_Init
                0x00000000080007a6      0x1ca ./Drivers/STM32G4xx_HAL_Driver/Src/stm32g4xx_hal_pcd.o
                0x00000000080007a6                HAL_PCD_Init
 .text.HAL_PCD_Start
                0x0000000008000970       0x44 ./Drivers/STM32G4xx_HAL_Driver/Src/stm32g4xx_hal_pcd.o
                0x0000000008000970                HAL_PCD_Start
 .text.HAL_PCD_IRQHandler
                0x00000000080009b4      0x24e ./Drivers/STM32G4xx_HAL_Driver/Src/stm32g4xx_hal_pcd.o
                0x00000000080009b4                HAL_PCD_IRQHandler
 .text.HAL_PCD_SetAddress
                0x0000000008000c02       0x4a ./Drivers/STM32G4xx_HAL_Driver/Src/stm32g4xx_hal_pcd.o
                0x0000000008000c02                HAL_PCD_SetAddress
 .text.HAL_PCD_EP_Open
                0x0000000008000c4c       0xcc ./Drivers/STM32G4xx_HAL_Driver/Src/stm32g4xx_hal_pcd.o
                0x0000000008000c4c                HAL_PCD_EP_Open
 .text.HAL_PCD_EP_Close
                0x0000000008000d18       0x90 ./Drivers/STM32G4xx_HAL_Driver/Src/stm32g4xx_hal_pcd.o
                0x0000000008000d18                HAL_PCD_EP_Close
 .text.HAL_PCD_EP_Receive
                0x0000000008000da8       0x7a ./Drivers/STM32G4xx_HAL_Driver/Src/stm32g4xx_hal_pcd.o
                0x0000000008000da8                HAL_PCD_EP_Receive
 .text.HAL_PCD_EP_GetRxCount
                0x0000000008000e22       0x30 ./Drivers/STM32G4xx_HAL_Driver/Src/stm32g4xx_hal_pcd.o
                0x0000000008000e22                HAL_PCD_EP_GetRxCount
 .text.HAL_PCD_EP_Transmit
                0x0000000008000e52       0x86 ./Drivers/STM32G4xx_HAL_Driver/Src/stm32g4xx_hal_pcd.o
                0x0000000008000e52                HAL_PCD_EP_Transmit
 .text.HAL_PCD_EP_SetStall
                0x0000000008000ed8       0xa4 ./Drivers/STM32G4xx_HAL_Driver/Src/stm32g4xx_hal_pcd.o
                0x0000000008000ed8                HAL_PCD_EP_SetStall
 .text.HAL_PCD_EP_ClrStall
                0x0000000008000f7c       0xa8 ./Drivers/STM32G4xx_HAL_Driver/Src/stm32g4xx_hal_pcd.o
                0x0000000008000f7c                HAL_PCD_EP_ClrStall
 .text.PCD_EP_ISR_Handler
                0x0000000008001024      0x760 ./Drivers/STM32G4xx_HAL_Driver/Src/stm32g4xx_hal_pcd.o
 .text.HAL_PCD_EP_DB_Receive
                0x0000000008001784      0x212 ./Drivers/STM32G4xx_HAL_Driver/Src/stm32g4xx_hal_pcd.o
 .text.HAL_PCD_EP_DB_Transmit
                0x0000000008001996      0x79c ./Drivers/STM32G4xx_HAL_Driver/Src/stm32g4xx_hal_pcd.o
 .text.HAL_PCDEx_PMAConfig
                0x0000000008002132       0x86 ./Drivers/STM32G4xx_HAL_Driver/Src/stm32g4xx_hal_pcd_ex.o
                0x0000000008002132                HAL_PCDEx_PMAConfig
 .text.HAL_PCDEx_ActivateLPM
                0x00000000080021b8       0x54 ./Drivers/STM32G4xx_HAL_Driver/Src/stm32g4xx_hal_pcd_ex.o
                0x00000000080021b8                HAL_PCDEx_ActivateLPM
 .text.HAL_PWREx_ControlVoltageScaling
                0x000000000800220c      0x148 ./Drivers/STM32G4xx_HAL_Driver/Src/stm32g4xx_hal_pwr_ex.o
                0x000000000800220c                HAL_PWREx_ControlVoltageScaling
 .text.HAL_PWREx_DisableUCPDDeadBattery
                0x0000000008002354       0x20 ./Drivers/STM32G4xx_HAL_Driver/Src/stm32g4xx_hal_pwr_ex.o
                0x0000000008002354                HAL_PWREx_DisableUCPDDeadBattery
 .text.HAL_RCC_OscConfig
                0x0000000008002374      0x630 ./Drivers/STM32G4xx_HAL_Driver/Src/stm32g4xx_hal_rcc.o
                0x0000000008002374                HAL_RCC_OscConfig
 .text.HAL_RCC_ClockConfig
                0x00000000080029a4      0x278 ./Drivers/STM32G4xx_HAL_Driver/Src/stm32g4xx_hal_rcc.o
                0x00000000080029a4                HAL_RCC_ClockConfig
 .text.HAL_RCC_GetSysClockFreq
                0x0000000008002c1c       0xc4 ./Drivers/STM32G4xx_HAL_Driver/Src/stm32g4xx_hal_rcc.o
                0x0000000008002c1c                HAL_RCC_GetSysClockFreq
 .text.RCC_GetSysClockFreqFromPLLSource
                0x0000000008002ce0       0x8c ./Drivers/STM32G4xx_HAL_Driver/Src/stm32g4xx_hal_rcc.o
 .text.HAL_RCCEx_PeriphCLKConfig
                0x0000000008002d6c      0x3e0 ./Drivers/STM32G4xx_HAL_Driver/Src/stm32g4xx_hal_rcc_ex.o
                0x0000000008002d6c                HAL_RCCEx_PeriphCLKConfig
 .text.USB_EnableGlobalInt
                0x000000000800314c       0x2e ./Drivers/STM32G4xx_HAL_Driver/Src/stm32g4xx_ll_usb.o
                0x000000000800314c                USB_EnableGlobalInt
 .text.USB_DisableGlobalInt
                0x000000000800317a       0x36 ./Drivers/STM32G4xx_HAL_Driver/Src/stm32g4xx_ll_usb.o
                0x000000000800317a                USB_DisableGlobalInt
 .text.USB_DevInit
                0x00000000080031b0       0x42 ./Drivers/STM32G4xx_HAL_Driver/Src/stm32g4xx_ll_usb.o
                0x00000000080031b0                USB_DevInit
 *fill*         0x00000000080031f2        0x2 
 .text.USB_ActivateEndpoint
                0x00000000080031f4      0x728 ./Drivers/STM32G4xx_HAL_Driver/Src/stm32g4xx_ll_usb.o
                0x00000000080031f4                USB_ActivateEndpoint
 .text.USB_DeactivateEndpoint
                0x000000000800391c      0x3da ./Drivers/STM32G4xx_HAL_Driver/Src/stm32g4xx_ll_usb.o
                0x000000000800391c                USB_DeactivateEndpoint
 .text.USB_EPStartXfer
                0x0000000008003cf6     0x11a4 ./Drivers/STM32G4xx_HAL_Driver/Src/stm32g4xx_ll_usb.o
                0x0000000008003cf6                USB_EPStartXfer
 .text.USB_EPSetStall
                0x0000000008004e9a       0xa2 ./Drivers/STM32G4xx_HAL_Driver/Src/stm32g4xx_ll_usb.o
                0x0000000008004e9a                USB_EPSetStall
 .text.USB_EPClearStall
                0x0000000008004f3c      0x15c ./Drivers/STM32G4xx_HAL_Driver/Src/stm32g4xx_ll_usb.o
                0x0000000008004f3c                USB_EPClearStall
 .text.USB_SetDevAddress
                0x0000000008005098       0x28 ./Drivers/STM32G4xx_HAL_Driver/Src/stm32g4xx_ll_usb.o
                0x0000000008005098                USB_SetDevAddress
 .text.USB_DevConnect
                0x00000000080050c0       0x2e ./Drivers/STM32G4xx_HAL_Driver/Src/stm32g4xx_ll_usb.o
                0x00000000080050c0                USB_DevConnect
 .text.USB_ReadInterrupts
                0x00000000080050ee       0x20 ./Drivers/STM32G4xx_HAL_Driver/Src/stm32g4xx_ll_usb.o
                0x00000000080050ee                USB_ReadInterrupts
 .text.USB_WritePMA
                0x000000000800510e       0x84 ./Drivers/STM32G4xx_HAL_Driver/Src/stm32g4xx_ll_usb.o
                0x000000000800510e                USB_WritePMA
 .text.USB_ReadPMA
                0x0000000008005192       0x98 ./Drivers/STM32G4xx_HAL_Driver/Src/stm32g4xx_ll_usb.o
                0x0000000008005192                USB_ReadPMA
 .text.USBD_CDC_Init
                0x000000000800522a       0xfe ./Middlewares/ST/STM32_USB_Device_Library/Class/CDC/Src/usbd_cdc.o
 .text.USBD_CDC_DeInit
                0x0000000008005328       0x74 ./Middlewares/ST/STM32_USB_Device_Library/Class/CDC/Src/usbd_cdc.o
 .text.USBD_CDC_Setup
                0x000000000800539c      0x190 ./Middlewares/ST/STM32_USB_Device_Library/Class/CDC/Src/usbd_cdc.o
 .text.USBD_CDC_DataIn
                0x000000000800552c       0xca ./Middlewares/ST/STM32_USB_Device_Library/Class/CDC/Src/usbd_cdc.o
 .text.USBD_CDC_DataOut
                0x00000000080055f6       0x56 ./Middlewares/ST/STM32_USB_Device_Library/Class/CDC/Src/usbd_cdc.o
 .text.USBD_CDC_EP0_RxReady
                0x000000000800564c       0x5a ./Middlewares/ST/STM32_USB_Device_Library/Class/CDC/Src/usbd_cdc.o
 *fill*         0x00000000080056a6        0x2 
 .text.USBD_CDC_GetFSCfgDesc
                0x00000000080056a8       0x20 ./Middlewares/ST/STM32_USB_Device_Library/Class/CDC/Src/usbd_cdc.o
 .text.USBD_CDC_GetHSCfgDesc
                0x00000000080056c8       0x20 ./Middlewares/ST/STM32_USB_Device_Library/Class/CDC/Src/usbd_cdc.o
 .text.USBD_CDC_GetOtherSpeedCfgDesc
                0x00000000080056e8       0x20 ./Middlewares/ST/STM32_USB_Device_Library/Class/CDC/Src/usbd_cdc.o
 .text.USBD_CDC_GetDeviceQualifierDescriptor
                0x0000000008005708       0x20 ./Middlewares/ST/STM32_USB_Device_Library/Class/CDC/Src/usbd_cdc.o
                0x0000000008005708                USBD_CDC_GetDeviceQualifierDescriptor
 .text.USBD_CDC_RegisterInterface
                0x0000000008005728       0x2a ./Middlewares/ST/STM32_USB_Device_Library/Class/CDC/Src/usbd_cdc.o
                0x0000000008005728                USBD_CDC_RegisterInterface
 .text.USBD_CDC_SetTxBuffer
                0x0000000008005752       0x3c ./Middlewares/ST/STM32_USB_Device_Library/Class/CDC/Src/usbd_cdc.o
                0x0000000008005752                USBD_CDC_SetTxBuffer
 .text.USBD_CDC_SetRxBuffer
                0x000000000800578e       0x32 ./Middlewares/ST/STM32_USB_Device_Library/Class/CDC/Src/usbd_cdc.o
                0x000000000800578e                USBD_CDC_SetRxBuffer
 .text.USBD_CDC_TransmitPacket
                0x00000000080057c0       0x60 ./Middlewares/ST/STM32_USB_Device_Library/Class/CDC/Src/usbd_cdc.o
                0x00000000080057c0                USBD_CDC_TransmitPacket
 .text.USBD_CDC_ReceivePacket
                0x0000000008005820       0x54 ./Middlewares/ST/STM32_USB_Device_Library/Class/CDC/Src/usbd_cdc.o
                0x0000000008005820                USBD_CDC_ReceivePacket
 .text.USBD_Init
                0x0000000008005874       0x60 ./Middlewares/ST/STM32_USB_Device_Library/Core/Src/usbd_core.o
                0x0000000008005874                USBD_Init
 .text.USBD_RegisterClass
                0x00000000080058d4       0x4e ./Middlewares/ST/STM32_USB_Device_Library/Core/Src/usbd_core.o
                0x00000000080058d4                USBD_RegisterClass
 .text.USBD_Start
                0x0000000008005922       0x18 ./Middlewares/ST/STM32_USB_Device_Library/Core/Src/usbd_core.o
                0x0000000008005922                USBD_Start
 .text.USBD_RunTestMode
                0x000000000800593a       0x16 ./Middlewares/ST/STM32_USB_Device_Library/Core/Src/usbd_core.o
                0x000000000800593a                USBD_RunTestMode
 .text.USBD_SetClassConfig
                0x0000000008005950       0x38 ./Middlewares/ST/STM32_USB_Device_Library/Core/Src/usbd_core.o
                0x0000000008005950                USBD_SetClassConfig
 .text.USBD_ClrClassConfig
                0x0000000008005988       0x30 ./Middlewares/ST/STM32_USB_Device_Library/Core/Src/usbd_core.o
                0x0000000008005988                USBD_ClrClassConfig
 .text.USBD_LL_SetupStage
                0x00000000080059b8       0xaa ./Middlewares/ST/STM32_USB_Device_Library/Core/Src/usbd_core.o
                0x00000000080059b8                USBD_LL_SetupStage
 .text.USBD_LL_DataOutStage
                0x0000000008005a62       0xc6 ./Middlewares/ST/STM32_USB_Device_Library/Core/Src/usbd_core.o
                0x0000000008005a62                USBD_LL_DataOutStage
 .text.USBD_LL_DataInStage
                0x0000000008005b28      0x12c ./Middlewares/ST/STM32_USB_Device_Library/Core/Src/usbd_core.o
                0x0000000008005b28                USBD_LL_DataInStage
 .text.USBD_LL_Reset
                0x0000000008005c54       0x9c ./Middlewares/ST/STM32_USB_Device_Library/Core/Src/usbd_core.o
                0x0000000008005c54                USBD_LL_Reset
 .text.USBD_LL_SetSpeed
                0x0000000008005cf0       0x20 ./Middlewares/ST/STM32_USB_Device_Library/Core/Src/usbd_core.o
                0x0000000008005cf0                USBD_LL_SetSpeed
 .text.USBD_LL_Suspend
                0x0000000008005d10       0x2c ./Middlewares/ST/STM32_USB_Device_Library/Core/Src/usbd_core.o
                0x0000000008005d10                USBD_LL_Suspend
 .text.USBD_LL_Resume
                0x0000000008005d3c       0x30 ./Middlewares/ST/STM32_USB_Device_Library/Core/Src/usbd_core.o
                0x0000000008005d3c                USBD_LL_Resume
 .text.USBD_LL_SOF
                0x0000000008005d6c       0x44 ./Middlewares/ST/STM32_USB_Device_Library/Core/Src/usbd_core.o
                0x0000000008005d6c                USBD_LL_SOF
 .text.SWAPBYTE
                0x0000000008005db0       0x3c ./Middlewares/ST/STM32_USB_Device_Library/Core/Src/usbd_ctlreq.o
 .text.USBD_StdDevReq
                0x0000000008005dec       0xdc ./Middlewares/ST/STM32_USB_Device_Library/Core/Src/usbd_ctlreq.o
                0x0000000008005dec                USBD_StdDevReq
 .text.USBD_StdItfReq
                0x0000000008005ec8       0x92 ./Middlewares/ST/STM32_USB_Device_Library/Core/Src/usbd_ctlreq.o
                0x0000000008005ec8                USBD_StdItfReq
 .text.USBD_StdEPReq
                0x0000000008005f5a      0x2c4 ./Middlewares/ST/STM32_USB_Device_Library/Core/Src/usbd_ctlreq.o
                0x0000000008005f5a                USBD_StdEPReq
 *fill*         0x000000000800621e        0x2 
 .text.USBD_GetDescriptor
                0x0000000008006220      0x328 ./Middlewares/ST/STM32_USB_Device_Library/Core/Src/usbd_ctlreq.o
 .text.USBD_SetAddress
                0x0000000008006548       0x88 ./Middlewares/ST/STM32_USB_Device_Library/Core/Src/usbd_ctlreq.o
 .text.USBD_SetConfig
                0x00000000080065d0      0x14c ./Middlewares/ST/STM32_USB_Device_Library/Core/Src/usbd_ctlreq.o
 .text.USBD_GetConfig
                0x000000000800671c       0x6c ./Middlewares/ST/STM32_USB_Device_Library/Core/Src/usbd_ctlreq.o
 .text.USBD_GetStatus
                0x0000000008006788       0x68 ./Middlewares/ST/STM32_USB_Device_Library/Core/Src/usbd_ctlreq.o
 .text.USBD_SetFeature
                0x00000000080067f0       0x28 ./Middlewares/ST/STM32_USB_Device_Library/Core/Src/usbd_ctlreq.o
 .text.USBD_ClrFeature
                0x0000000008006818       0x44 ./Middlewares/ST/STM32_USB_Device_Library/Core/Src/usbd_ctlreq.o
 .text.USBD_ParseSetupRequest
                0x000000000800685c       0x74 ./Middlewares/ST/STM32_USB_Device_Library/Core/Src/usbd_ctlreq.o
                0x000000000800685c                USBD_ParseSetupRequest
 .text.USBD_CtlError
                0x00000000080068d0       0x22 ./Middlewares/ST/STM32_USB_Device_Library/Core/Src/usbd_ctlreq.o
                0x00000000080068d0                USBD_CtlError
 .text.USBD_GetString
                0x00000000080068f2       0x8c ./Middlewares/ST/STM32_USB_Device_Library/Core/Src/usbd_ctlreq.o
                0x00000000080068f2                USBD_GetString
 .text.USBD_GetLen
                0x000000000800697e       0x34 ./Middlewares/ST/STM32_USB_Device_Library/Core/Src/usbd_ctlreq.o
 .text.USBD_CtlSendData
                0x00000000080069b2       0x36 ./Middlewares/ST/STM32_USB_Device_Library/Core/Src/usbd_ioreq.o
                0x00000000080069b2                USBD_CtlSendData
 .text.USBD_CtlContinueSendData
                0x00000000080069e8       0x22 ./Middlewares/ST/STM32_USB_Device_Library/Core/Src/usbd_ioreq.o
                0x00000000080069e8                USBD_CtlContinueSendData
 .text.USBD_CtlPrepareRx
                0x0000000008006a0a       0x3a ./Middlewares/ST/STM32_USB_Device_Library/Core/Src/usbd_ioreq.o
                0x0000000008006a0a                USBD_CtlPrepareRx
 .text.USBD_CtlContinueRx
                0x0000000008006a44       0x22 ./Middlewares/ST/STM32_USB_Device_Library/Core/Src/usbd_ioreq.o
                0x0000000008006a44                USBD_CtlContinueRx
 .text.USBD_CtlSendStatus
                0x0000000008006a66       0x26 ./Middlewares/ST/STM32_USB_Device_Library/Core/Src/usbd_ioreq.o
                0x0000000008006a66                USBD_CtlSendStatus
 .text.USBD_CtlReceiveStatus
                0x0000000008006a8c       0x26 ./Middlewares/ST/STM32_USB_Device_Library/Core/Src/usbd_ioreq.o
                0x0000000008006a8c                USBD_CtlReceiveStatus
 *fill*         0x0000000008006ab2        0x2 
 .text.MX_USB_Device_Init
                0x0000000008006ab4       0x60 ./USB_Device/App/usb_device.o
                0x0000000008006ab4                MX_USB_Device_Init
 .text.CDC_Init_FS
                0x0000000008006b14       0x28 ./USB_Device/App/usbd_cdc_if.o
 .text.CDC_DeInit_FS
                0x0000000008006b3c       0x10 ./USB_Device/App/usbd_cdc_if.o
 .text.CDC_Control_FS
                0x0000000008006b4c       0xbc ./USB_Device/App/usbd_cdc_if.o
 .text.CDC_Receive_FS
                0x0000000008006c08       0x30 ./USB_Device/App/usbd_cdc_if.o
 .text.CDC_Transmit_FS
                0x0000000008006c38       0x4c ./USB_Device/App/usbd_cdc_if.o
                0x0000000008006c38                CDC_Transmit_FS
 .text.CDC_TransmitCplt_FS
                0x0000000008006c84       0x22 ./USB_Device/App/usbd_cdc_if.o
 *fill*         0x0000000008006ca6        0x2 
 .text.USBD_CDC_DeviceDescriptor
                0x0000000008006ca8       0x24 ./USB_Device/App/usbd_desc.o
                0x0000000008006ca8                USBD_CDC_DeviceDescriptor
 .text.USBD_CDC_LangIDStrDescriptor
                0x0000000008006ccc       0x24 ./USB_Device/App/usbd_desc.o
                0x0000000008006ccc                USBD_CDC_LangIDStrDescriptor
 .text.USBD_CDC_ProductStrDescriptor
                0x0000000008006cf0       0x3c ./USB_Device/App/usbd_desc.o
                0x0000000008006cf0                USBD_CDC_ProductStrDescriptor
 .text.USBD_CDC_ManufacturerStrDescriptor
                0x0000000008006d2c       0x28 ./USB_Device/App/usbd_desc.o
                0x0000000008006d2c                USBD_CDC_ManufacturerStrDescriptor
 .text.USBD_CDC_SerialStrDescriptor
                0x0000000008006d54       0x24 ./USB_Device/App/usbd_desc.o
                0x0000000008006d54                USBD_CDC_SerialStrDescriptor
 .text.USBD_CDC_ConfigStrDescriptor
                0x0000000008006d78       0x3c ./USB_Device/App/usbd_desc.o
                0x0000000008006d78                USBD_CDC_ConfigStrDescriptor
 .text.USBD_CDC_InterfaceStrDescriptor
                0x0000000008006db4       0x3c ./USB_Device/App/usbd_desc.o
                0x0000000008006db4                USBD_CDC_InterfaceStrDescriptor
 .text.Get_SerialNum
                0x0000000008006df0       0x58 ./USB_Device/App/usbd_desc.o
 .text.IntToUnicode
                0x0000000008006e48       0x7e ./USB_Device/App/usbd_desc.o
 *fill*         0x0000000008006ec6        0x2 
 .text.HAL_PCD_MspInit
                0x0000000008006ec8       0x78 ./USB_Device/Target/usbd_conf.o
                0x0000000008006ec8                HAL_PCD_MspInit
 .text.HAL_PCD_SetupStageCallback
                0x0000000008006f40       0x24 ./USB_Device/Target/usbd_conf.o
                0x0000000008006f40                HAL_PCD_SetupStageCallback
 .text.HAL_PCD_DataOutStageCallback
                0x0000000008006f64       0x36 ./USB_Device/Target/usbd_conf.o
                0x0000000008006f64                HAL_PCD_DataOutStageCallback
 .text.HAL_PCD_DataInStageCallback
                0x0000000008006f9a       0x34 ./USB_Device/Target/usbd_conf.o
                0x0000000008006f9a                HAL_PCD_DataInStageCallback
 .text.HAL_PCD_SOFCallback
                0x0000000008006fce       0x1c ./USB_Device/Target/usbd_conf.o
                0x0000000008006fce                HAL_PCD_SOFCallback
 .text.HAL_PCD_ResetCallback
                0x0000000008006fea       0x3c ./USB_Device/Target/usbd_conf.o
                0x0000000008006fea                HAL_PCD_ResetCallback
 *fill*         0x0000000008007026        0x2 
 .text.HAL_PCD_SuspendCallback
                0x0000000008007028       0x34 ./USB_Device/Target/usbd_conf.o
                0x0000000008007028                HAL_PCD_SuspendCallback
 .text.HAL_PCD_ResumeCallback
                0x000000000800705c       0x38 ./USB_Device/Target/usbd_conf.o
                0x000000000800705c                HAL_PCD_ResumeCallback
 .text.USBD_LL_Init
                0x0000000008007094       0xc0 ./USB_Device/Target/usbd_conf.o
                0x0000000008007094                USBD_LL_Init
 .text.USBD_LL_Start
                0x0000000008007154       0x36 ./USB_Device/Target/usbd_conf.o
                0x0000000008007154                USBD_LL_Start
 .text.USBD_LL_OpenEP
                0x000000000800718a       0x4c ./USB_Device/Target/usbd_conf.o
                0x000000000800718a                USBD_LL_OpenEP
 .text.USBD_LL_CloseEP
                0x00000000080071d6       0x3e ./USB_Device/Target/usbd_conf.o
                0x00000000080071d6                USBD_LL_CloseEP
 .text.USBD_LL_StallEP
                0x0000000008007214       0x3e ./USB_Device/Target/usbd_conf.o
                0x0000000008007214                USBD_LL_StallEP
 .text.USBD_LL_ClearStallEP
                0x0000000008007252       0x3e ./USB_Device/Target/usbd_conf.o
                0x0000000008007252                USBD_LL_ClearStallEP
 .text.USBD_LL_IsStallEP
                0x0000000008007290       0x5a ./USB_Device/Target/usbd_conf.o
                0x0000000008007290                USBD_LL_IsStallEP
 .text.USBD_LL_SetUSBAddress
                0x00000000080072ea       0x3e ./USB_Device/Target/usbd_conf.o
                0x00000000080072ea                USBD_LL_SetUSBAddress
 .text.USBD_LL_Transmit
                0x0000000008007328       0x42 ./USB_Device/Target/usbd_conf.o
                0x0000000008007328                USBD_LL_Transmit
 .text.USBD_LL_PrepareReceive
                0x000000000800736a       0x42 ./USB_Device/Target/usbd_conf.o
                0x000000000800736a                USBD_LL_PrepareReceive
 .text.USBD_LL_GetRxDataSize
                0x00000000080073ac       0x26 ./USB_Device/Target/usbd_conf.o
                0x00000000080073ac                USBD_LL_GetRxDataSize
 *fill*         0x00000000080073d2        0x2 
 .text.HAL_PCDEx_LPM_Callback
                0x00000000080073d4       0x6c ./USB_Device/Target/usbd_conf.o
                0x00000000080073d4                HAL_PCDEx_LPM_Callback
 .text.USBD_static_malloc
                0x0000000008007440       0x1c ./USB_Device/Target/usbd_conf.o
                0x0000000008007440                USBD_static_malloc
 .text.USBD_static_free
                0x000000000800745c       0x14 ./USB_Device/Target/usbd_conf.o
                0x000000000800745c                USBD_static_free
 .text.SystemClockConfig_Resume
                0x0000000008007470        0xc ./USB_Device/Target/usbd_conf.o
 .text.USBD_Get_USB_Status
                0x000000000800747c       0x58 ./USB_Device/Target/usbd_conf.o
 .text.__libc_init_array
                0x00000000080074d4       0x48 /opt/st/stm32cubeide_1.7.0/plugins/com.st.stm32cube.ide.mcu.externaltools.gnu-tools-for-stm32.9-2020-q2-update.linux64_2.0.0.202105311346/tools/bin/../lib/gcc/arm-none-eabi/9.3.1/../../../../arm-none-eabi/lib/thumb/v7e-m+fp/hard/libc_nano.a(lib_a-init.o)
                0x00000000080074d4                __libc_init_array
 .text.memcpy   0x000000000800751c       0x1c /opt/st/stm32cubeide_1.7.0/plugins/com.st.stm32cube.ide.mcu.externaltools.gnu-tools-for-stm32.9-2020-q2-update.linux64_2.0.0.202105311346/tools/bin/../lib/gcc/arm-none-eabi/9.3.1/../../../../arm-none-eabi/lib/thumb/v7e-m+fp/hard/libc_nano.a(lib_a-memcpy-stub.o)
                0x000000000800751c                memcpy
 .text.memset   0x0000000008007538       0x10 /opt/st/stm32cubeide_1.7.0/plugins/com.st.stm32cube.ide.mcu.externaltools.gnu-tools-for-stm32.9-2020-q2-update.linux64_2.0.0.202105311346/tools/bin/../lib/gcc/arm-none-eabi/9.3.1/../../../../arm-none-eabi/lib/thumb/v7e-m+fp/hard/libc_nano.a(lib_a-memset.o)
                0x0000000008007538                memset
 *(.glue_7)
 .glue_7        0x0000000008007548        0x0 linker stubs
 *(.glue_7t)
 .glue_7t       0x0000000008007548        0x0 linker stubs
 *(.eh_frame)
 .eh_frame      0x0000000008007548        0x0 /opt/st/stm32cubeide_1.7.0/plugins/com.st.stm32cube.ide.mcu.externaltools.gnu-tools-for-stm32.9-2020-q2-update.linux64_2.0.0.202105311346/tools/bin/../lib/gcc/arm-none-eabi/9.3.1/thumb/v7e-m+fp/hard/crtbegin.o
 *(.init)
 .init          0x0000000008007548        0x4 /opt/st/stm32cubeide_1.7.0/plugins/com.st.stm32cube.ide.mcu.externaltools.gnu-tools-for-stm32.9-2020-q2-update.linux64_2.0.0.202105311346/tools/bin/../lib/gcc/arm-none-eabi/9.3.1/thumb/v7e-m+fp/hard/crti.o
                0x0000000008007548                _init
 .init          0x000000000800754c        0x8 /opt/st/stm32cubeide_1.7.0/plugins/com.st.stm32cube.ide.mcu.externaltools.gnu-tools-for-stm32.9-2020-q2-update.linux64_2.0.0.202105311346/tools/bin/../lib/gcc/arm-none-eabi/9.3.1/thumb/v7e-m+fp/hard/crtn.o
 *(.fini)
 .fini          0x0000000008007554        0x4 /opt/st/stm32cubeide_1.7.0/plugins/com.st.stm32cube.ide.mcu.externaltools.gnu-tools-for-stm32.9-2020-q2-update.linux64_2.0.0.202105311346/tools/bin/../lib/gcc/arm-none-eabi/9.3.1/thumb/v7e-m+fp/hard/crti.o
                0x0000000008007554                _fini
 .fini          0x0000000008007558        0x8 /opt/st/stm32cubeide_1.7.0/plugins/com.st.stm32cube.ide.mcu.externaltools.gnu-tools-for-stm32.9-2020-q2-update.linux64_2.0.0.202105311346/tools/bin/../lib/gcc/arm-none-eabi/9.3.1/thumb/v7e-m+fp/hard/crtn.o
                0x0000000008007560                . = ALIGN (0x4)
                0x0000000008007560                _etext = .

.vfp11_veneer   0x0000000008007560        0x0
 .vfp11_veneer  0x0000000008007560        0x0 linker stubs

.v4_bx          0x0000000008007560        0x0
 .v4_bx         0x0000000008007560        0x0 linker stubs

.iplt           0x0000000008007560        0x0
 .iplt          0x0000000008007560        0x0 /opt/st/stm32cubeide_1.7.0/plugins/com.st.stm32cube.ide.mcu.externaltools.gnu-tools-for-stm32.9-2020-q2-update.linux64_2.0.0.202105311346/tools/bin/../lib/gcc/arm-none-eabi/9.3.1/thumb/v7e-m+fp/hard/crtbegin.o

.rodata         0x0000000008007560       0x58
                0x0000000008007560                . = ALIGN (0x4)
 *(.rodata)
 .rodata        0x0000000008007560       0x46 ./USB_Device/App/usbd_desc.o
 *(.rodata*)
 *fill*         0x00000000080075a6        0x2 
 .rodata.AHBPrescTable
                0x00000000080075a8       0x10 ./Core/Src/system_stm32g4xx.o
                0x00000000080075a8                AHBPrescTable
                0x00000000080075b8                . = ALIGN (0x4)

.rel.dyn        0x00000000080075b8        0x0
 .rel.iplt      0x00000000080075b8        0x0 /opt/st/stm32cubeide_1.7.0/plugins/com.st.stm32cube.ide.mcu.externaltools.gnu-tools-for-stm32.9-2020-q2-update.linux64_2.0.0.202105311346/tools/bin/../lib/gcc/arm-none-eabi/9.3.1/thumb/v7e-m+fp/hard/crtbegin.o

.ARM.extab      0x00000000080075b8        0x0
                0x00000000080075b8                . = ALIGN (0x4)
 *(.ARM.extab* .gnu.linkonce.armextab.*)
                0x00000000080075b8                . = ALIGN (0x4)

.ARM            0x00000000080075b8        0x0
                0x00000000080075b8                . = ALIGN (0x4)
                0x00000000080075b8                __exidx_start = .
 *(.ARM.exidx*)
                0x00000000080075b8                __exidx_end = .
                0x00000000080075b8                . = ALIGN (0x4)

.preinit_array  0x00000000080075b8        0x0
                0x00000000080075b8                . = ALIGN (0x4)
                0x00000000080075b8                PROVIDE (__preinit_array_start = .)
 *(.preinit_array*)
                0x00000000080075b8                PROVIDE (__preinit_array_end = .)
                0x00000000080075b8                . = ALIGN (0x4)

.init_array     0x00000000080075b8        0x4
                0x00000000080075b8                . = ALIGN (0x4)
                0x00000000080075b8                PROVIDE (__init_array_start = .)
 *(SORT_BY_NAME(.init_array.*))
 *(.init_array*)
 .init_array    0x00000000080075b8        0x4 /opt/st/stm32cubeide_1.7.0/plugins/com.st.stm32cube.ide.mcu.externaltools.gnu-tools-for-stm32.9-2020-q2-update.linux64_2.0.0.202105311346/tools/bin/../lib/gcc/arm-none-eabi/9.3.1/thumb/v7e-m+fp/hard/crtbegin.o
                0x00000000080075bc                PROVIDE (__init_array_end = .)
                0x00000000080075bc                . = ALIGN (0x4)

.fini_array     0x00000000080075bc        0x4
                0x00000000080075bc                . = ALIGN (0x4)
                [!provide]                        PROVIDE (__fini_array_start = .)
 *(SORT_BY_NAME(.fini_array.*))
 *(.fini_array*)
 .fini_array    0x00000000080075bc        0x4 /opt/st/stm32cubeide_1.7.0/plugins/com.st.stm32cube.ide.mcu.externaltools.gnu-tools-for-stm32.9-2020-q2-update.linux64_2.0.0.202105311346/tools/bin/../lib/gcc/arm-none-eabi/9.3.1/thumb/v7e-m+fp/hard/crtbegin.o
                [!provide]                        PROVIDE (__fini_array_end = .)
                0x00000000080075c0                . = ALIGN (0x4)
                0x00000000080075c0                _sidata = LOADADDR (.data)

.data           0x0000000020000000      0x184 load address 0x00000000080075c0
                0x0000000020000000                . = ALIGN (0x4)
                0x0000000020000000                _sdata = .
 *(.data)
 *(.data*)
 .data.SystemCoreClock
                0x0000000020000000        0x4 ./Core/Src/system_stm32g4xx.o
                0x0000000020000000                SystemCoreClock
 .data.uwTickPrio
                0x0000000020000004        0x4 ./Drivers/STM32G4xx_HAL_Driver/Src/stm32g4xx_hal.o
                0x0000000020000004                uwTickPrio
 .data.uwTickFreq
                0x0000000020000008        0x4 ./Drivers/STM32G4xx_HAL_Driver/Src/stm32g4xx_hal.o
                0x0000000020000008                uwTickFreq
 .data.USBD_CDC_DeviceQualifierDesc
                0x000000002000000c        0xa ./Middlewares/ST/STM32_USB_Device_Library/Class/CDC/Src/usbd_cdc.o
 *fill*         0x0000000020000016        0x2 
 .data.USBD_CDC
                0x0000000020000018       0x38 ./Middlewares/ST/STM32_USB_Device_Library/Class/CDC/Src/usbd_cdc.o
                0x0000000020000018                USBD_CDC
 .data.USBD_CDC_CfgHSDesc
                0x0000000020000050       0x43 ./Middlewares/ST/STM32_USB_Device_Library/Class/CDC/Src/usbd_cdc.o
 *fill*         0x0000000020000093        0x1 
 .data.USBD_CDC_CfgFSDesc
                0x0000000020000094       0x43 ./Middlewares/ST/STM32_USB_Device_Library/Class/CDC/Src/usbd_cdc.o
 *fill*         0x00000000200000d7        0x1 
 .data.USBD_CDC_OtherSpeedCfgDesc
                0x00000000200000d8       0x43 ./Middlewares/ST/STM32_USB_Device_Library/Class/CDC/Src/usbd_cdc.o
 *fill*         0x000000002000011b        0x1 
 .data.USBD_Interface_fops_FS
                0x000000002000011c       0x14 ./USB_Device/App/usbd_cdc_if.o
                0x000000002000011c                USBD_Interface_fops_FS
 .data.CDC_Desc
                0x0000000020000130       0x20 ./USB_Device/App/usbd_desc.o
                0x0000000020000130                CDC_Desc
 .data.USBD_CDC_DeviceDesc
                0x0000000020000150       0x12 ./USB_Device/App/usbd_desc.o
                0x0000000020000150                USBD_CDC_DeviceDesc
 *fill*         0x0000000020000162        0x2 
 .data.USBD_LangIDDesc
                0x0000000020000164        0x4 ./USB_Device/App/usbd_desc.o
                0x0000000020000164                USBD_LangIDDesc
 .data.USBD_StringSerial
                0x0000000020000168       0x1a ./USB_Device/App/usbd_desc.o
                0x0000000020000168                USBD_StringSerial
 *(.RamFunc)
 *(.RamFunc*)
                0x0000000020000184                . = ALIGN (0x4)
 *fill*         0x0000000020000182        0x2 
                0x0000000020000184                _edata = .

.igot.plt       0x0000000020000184        0x0 load address 0x0000000008007744
 .igot.plt      0x0000000020000184        0x0 /opt/st/stm32cubeide_1.7.0/plugins/com.st.stm32cube.ide.mcu.externaltools.gnu-tools-for-stm32.9-2020-q2-update.linux64_2.0.0.202105311346/tools/bin/../lib/gcc/arm-none-eabi/9.3.1/thumb/v7e-m+fp/hard/crtbegin.o
                0x0000000020000184                . = ALIGN (0x4)

.bss            0x0000000020000184     0x11e0 load address 0x0000000008007744
                0x0000000020000184                _sbss = .
                0x0000000020000184                __bss_start__ = _sbss
 *(.bss)
 .bss           0x0000000020000184       0x1c /opt/st/stm32cubeide_1.7.0/plugins/com.st.stm32cube.ide.mcu.externaltools.gnu-tools-for-stm32.9-2020-q2-update.linux64_2.0.0.202105311346/tools/bin/../lib/gcc/arm-none-eabi/9.3.1/thumb/v7e-m+fp/hard/crtbegin.o
 *(.bss*)
 .bss.command   0x00000000200001a0        0xa ./Core/Src/main.o
                0x00000000200001a0                command
 .bss.isCommandReceived
                0x00000000200001aa        0x1 ./Core/Src/main.o
                0x00000000200001aa                isCommandReceived
 .bss.cfgidx.10037
                0x00000000200001ab        0x1 ./Middlewares/ST/STM32_USB_Device_Library/Core/Src/usbd_ctlreq.o
 .bss.mem.10116
                0x00000000200001ac      0x220 ./USB_Device/Target/usbd_conf.o
 *(COMMON)
 COMMON         0x00000000200003cc        0x4 ./Drivers/STM32G4xx_HAL_Driver/Src/stm32g4xx_hal.o
                0x00000000200003cc                uwTick
 COMMON         0x00000000200003d0      0x2d0 ./USB_Device/App/usb_device.o
                0x00000000200003d0                hUsbDeviceFS
 COMMON         0x00000000200006a0      0x7d0 ./USB_Device/App/usbd_cdc_if.o
                0x00000000200006a0                UserRxBufferFS
                0x0000000020000a88                UserTxBufferFS
 COMMON         0x0000000020000e70      0x200 ./USB_Device/App/usbd_desc.o
                0x0000000020000e70                USBD_StrDesc
 COMMON         0x0000000020001070      0x2f4 ./USB_Device/Target/usbd_conf.o
                0x0000000020001070                hpcd_USB_FS
                0x0000000020001364                . = ALIGN (0x4)
                0x0000000020001364                _ebss = .
                0x0000000020001364                __bss_end__ = _ebss

._user_heap_stack
                0x0000000020001364      0x604 load address 0x0000000008007744
                0x0000000020001368                . = ALIGN (0x8)
 *fill*         0x0000000020001364        0x4 
                [!provide]                        PROVIDE (end = .)
                0x0000000020001368                PROVIDE (_end = .)
                0x0000000020001568                . = (. + _Min_Heap_Size)
 *fill*         0x0000000020001368      0x200 
                0x0000000020001968                . = (. + _Min_Stack_Size)
 *fill*         0x0000000020001568      0x400 
                0x0000000020001968                . = ALIGN (0x8)

/DISCARD/
 libc.a(*)
 libm.a(*)
 libgcc.a(*)

.ARM.attributes
                0x0000000000000000       0x30
 *(.ARM.attributes)
 .ARM.attributes
                0x0000000000000000       0x1e /opt/st/stm32cubeide_1.7.0/plugins/com.st.stm32cube.ide.mcu.externaltools.gnu-tools-for-stm32.9-2020-q2-update.linux64_2.0.0.202105311346/tools/bin/../lib/gcc/arm-none-eabi/9.3.1/thumb/v7e-m+fp/hard/crti.o
 .ARM.attributes
                0x000000000000001e       0x34 /opt/st/stm32cubeide_1.7.0/plugins/com.st.stm32cube.ide.mcu.externaltools.gnu-tools-for-stm32.9-2020-q2-update.linux64_2.0.0.202105311346/tools/bin/../lib/gcc/arm-none-eabi/9.3.1/thumb/v7e-m+fp/hard/crtbegin.o
 .ARM.attributes
                0x0000000000000052       0x34 ./Core/Src/main.o
 .ARM.attributes
                0x0000000000000086       0x34 ./Core/Src/stm32g4xx_hal_msp.o
 .ARM.attributes
                0x00000000000000ba       0x34 ./Core/Src/stm32g4xx_it.o
 .ARM.attributes
                0x00000000000000ee       0x34 ./Core/Src/system_stm32g4xx.o
 .ARM.attributes
                0x0000000000000122       0x21 ./Core/Startup/startup_stm32g441kbtx.o
 .ARM.attributes
                0x0000000000000143       0x34 ./Drivers/STM32G4xx_HAL_Driver/Src/stm32g4xx_hal.o
 .ARM.attributes
                0x0000000000000177       0x34 ./Drivers/STM32G4xx_HAL_Driver/Src/stm32g4xx_hal_cortex.o
 .ARM.attributes
                0x00000000000001ab       0x34 ./Drivers/STM32G4xx_HAL_Driver/Src/stm32g4xx_hal_pcd.o
 .ARM.attributes
                0x00000000000001df       0x34 ./Drivers/STM32G4xx_HAL_Driver/Src/stm32g4xx_hal_pcd_ex.o
 .ARM.attributes
                0x0000000000000213       0x34 ./Drivers/STM32G4xx_HAL_Driver/Src/stm32g4xx_hal_pwr_ex.o
 .ARM.attributes
                0x0000000000000247       0x34 ./Drivers/STM32G4xx_HAL_Driver/Src/stm32g4xx_hal_rcc.o
 .ARM.attributes
                0x000000000000027b       0x34 ./Drivers/STM32G4xx_HAL_Driver/Src/stm32g4xx_hal_rcc_ex.o
 .ARM.attributes
                0x00000000000002af       0x34 ./Drivers/STM32G4xx_HAL_Driver/Src/stm32g4xx_ll_usb.o
 .ARM.attributes
                0x00000000000002e3       0x34 ./Middlewares/ST/STM32_USB_Device_Library/Class/CDC/Src/usbd_cdc.o
 .ARM.attributes
                0x0000000000000317       0x34 ./Middlewares/ST/STM32_USB_Device_Library/Core/Src/usbd_core.o
 .ARM.attributes
                0x000000000000034b       0x34 ./Middlewares/ST/STM32_USB_Device_Library/Core/Src/usbd_ctlreq.o
 .ARM.attributes
                0x000000000000037f       0x34 ./Middlewares/ST/STM32_USB_Device_Library/Core/Src/usbd_ioreq.o
 .ARM.attributes
                0x00000000000003b3       0x34 ./USB_Device/App/usb_device.o
 .ARM.attributes
                0x00000000000003e7       0x34 ./USB_Device/App/usbd_cdc_if.o
 .ARM.attributes
                0x000000000000041b       0x34 ./USB_Device/App/usbd_desc.o
 .ARM.attributes
                0x000000000000044f       0x34 ./USB_Device/Target/usbd_conf.o
 .ARM.attributes
                0x0000000000000483       0x34 /opt/st/stm32cubeide_1.7.0/plugins/com.st.stm32cube.ide.mcu.externaltools.gnu-tools-for-stm32.9-2020-q2-update.linux64_2.0.0.202105311346/tools/bin/../lib/gcc/arm-none-eabi/9.3.1/../../../../arm-none-eabi/lib/thumb/v7e-m+fp/hard/libc_nano.a(lib_a-init.o)
 .ARM.attributes
                0x00000000000004b7       0x34 /opt/st/stm32cubeide_1.7.0/plugins/com.st.stm32cube.ide.mcu.externaltools.gnu-tools-for-stm32.9-2020-q2-update.linux64_2.0.0.202105311346/tools/bin/../lib/gcc/arm-none-eabi/9.3.1/../../../../arm-none-eabi/lib/thumb/v7e-m+fp/hard/libc_nano.a(lib_a-memcpy-stub.o)
 .ARM.attributes
                0x00000000000004eb       0x34 /opt/st/stm32cubeide_1.7.0/plugins/com.st.stm32cube.ide.mcu.externaltools.gnu-tools-for-stm32.9-2020-q2-update.linux64_2.0.0.202105311346/tools/bin/../lib/gcc/arm-none-eabi/9.3.1/../../../../arm-none-eabi/lib/thumb/v7e-m+fp/hard/libc_nano.a(lib_a-memset.o)
 .ARM.attributes
                0x000000000000051f       0x1e /opt/st/stm32cubeide_1.7.0/plugins/com.st.stm32cube.ide.mcu.externaltools.gnu-tools-for-stm32.9-2020-q2-update.linux64_2.0.0.202105311346/tools/bin/../lib/gcc/arm-none-eabi/9.3.1/thumb/v7e-m+fp/hard/crtn.o
OUTPUT(usbx.elf elf32-littlearm)
LOAD linker stubs
LOAD /opt/st/stm32cubeide_1.7.0/plugins/com.st.stm32cube.ide.mcu.externaltools.gnu-tools-for-stm32.9-2020-q2-update.linux64_2.0.0.202105311346/tools/bin/../lib/gcc/arm-none-eabi/9.3.1/../../../../arm-none-eabi/lib/thumb/v7e-m+fp/hard/libc.a
LOAD /opt/st/stm32cubeide_1.7.0/plugins/com.st.stm32cube.ide.mcu.externaltools.gnu-tools-for-stm32.9-2020-q2-update.linux64_2.0.0.202105311346/tools/bin/../lib/gcc/arm-none-eabi/9.3.1/../../../../arm-none-eabi/lib/thumb/v7e-m+fp/hard/libm.a
LOAD /opt/st/stm32cubeide_1.7.0/plugins/com.st.stm32cube.ide.mcu.externaltools.gnu-tools-for-stm32.9-2020-q2-update.linux64_2.0.0.202105311346/tools/bin/../lib/gcc/arm-none-eabi/9.3.1/thumb/v7e-m+fp/hard/libgcc.a

.debug_info     0x0000000000000000    0x153ca
 .debug_info    0x0000000000000000     0x162e ./Core/Src/main.o
 .debug_info    0x000000000000162e      0x508 ./Core/Src/stm32g4xx_hal_msp.o
 .debug_info    0x0000000000001b36      0x829 ./Core/Src/stm32g4xx_it.o
 .debug_info    0x000000000000235f      0x718 ./Core/Src/system_stm32g4xx.o
 .debug_info    0x0000000000002a77       0x22 ./Core/Startup/startup_stm32g441kbtx.o
 .debug_info    0x0000000000002a99      0xc47 ./Drivers/STM32G4xx_HAL_Driver/Src/stm32g4xx_hal.o
 .debug_info    0x00000000000036e0      0xf7e ./Drivers/STM32G4xx_HAL_Driver/Src/stm32g4xx_hal_cortex.o
 .debug_info    0x000000000000465e     0x165d ./Drivers/STM32G4xx_HAL_Driver/Src/stm32g4xx_hal_pcd.o
 .debug_info    0x0000000000005cbb      0xa15 ./Drivers/STM32G4xx_HAL_Driver/Src/stm32g4xx_hal_pcd_ex.o
 .debug_info    0x00000000000066d0      0xb3a ./Drivers/STM32G4xx_HAL_Driver/Src/stm32g4xx_hal_pwr_ex.o
 .debug_info    0x000000000000720a      0xd7d ./Drivers/STM32G4xx_HAL_Driver/Src/stm32g4xx_hal_rcc.o
 .debug_info    0x0000000000007f87      0xe78 ./Drivers/STM32G4xx_HAL_Driver/Src/stm32g4xx_hal_rcc_ex.o
 .debug_info    0x0000000000008dff     0x1846 ./Drivers/STM32G4xx_HAL_Driver/Src/stm32g4xx_ll_usb.o
 .debug_info    0x000000000000a645     0x1ae7 ./Middlewares/ST/STM32_USB_Device_Library/Class/CDC/Src/usbd_cdc.o
 .debug_info    0x000000000000c12c     0x14ad ./Middlewares/ST/STM32_USB_Device_Library/Core/Src/usbd_core.o
 .debug_info    0x000000000000d5d9     0x1479 ./Middlewares/ST/STM32_USB_Device_Library/Core/Src/usbd_ctlreq.o
 .debug_info    0x000000000000ea52     0x119b ./Middlewares/ST/STM32_USB_Device_Library/Core/Src/usbd_ioreq.o
 .debug_info    0x000000000000fbed     0x1104 ./USB_Device/App/usb_device.o
 .debug_info    0x0000000000010cf1     0x1344 ./USB_Device/App/usbd_cdc_if.o
 .debug_info    0x0000000000012035      0xef7 ./USB_Device/App/usbd_desc.o
 .debug_info    0x0000000000012f2c     0x249e ./USB_Device/Target/usbd_conf.o

.debug_abbrev   0x0000000000000000     0x3049
 .debug_abbrev  0x0000000000000000      0x2a7 ./Core/Src/main.o
 .debug_abbrev  0x00000000000002a7      0x13d ./Core/Src/stm32g4xx_hal_msp.o
 .debug_abbrev  0x00000000000003e4      0x173 ./Core/Src/stm32g4xx_it.o
 .debug_abbrev  0x0000000000000557      0x165 ./Core/Src/system_stm32g4xx.o
 .debug_abbrev  0x00000000000006bc       0x12 ./Core/Startup/startup_stm32g441kbtx.o
 .debug_abbrev  0x00000000000006ce      0x256 ./Drivers/STM32G4xx_HAL_Driver/Src/stm32g4xx_hal.o
 .debug_abbrev  0x0000000000000924      0x333 ./Drivers/STM32G4xx_HAL_Driver/Src/stm32g4xx_hal_cortex.o
 .debug_abbrev  0x0000000000000c57      0x29e ./Drivers/STM32G4xx_HAL_Driver/Src/stm32g4xx_hal_pcd.o
 .debug_abbrev  0x0000000000000ef5      0x219 ./Drivers/STM32G4xx_HAL_Driver/Src/stm32g4xx_hal_pcd_ex.o
 .debug_abbrev  0x000000000000110e      0x229 ./Drivers/STM32G4xx_HAL_Driver/Src/stm32g4xx_hal_pwr_ex.o
 .debug_abbrev  0x0000000000001337      0x275 ./Drivers/STM32G4xx_HAL_Driver/Src/stm32g4xx_hal_rcc.o
 .debug_abbrev  0x00000000000015ac      0x230 ./Drivers/STM32G4xx_HAL_Driver/Src/stm32g4xx_hal_rcc_ex.o
 .debug_abbrev  0x00000000000017dc      0x25c ./Drivers/STM32G4xx_HAL_Driver/Src/stm32g4xx_ll_usb.o
 .debug_abbrev  0x0000000000001a38      0x2ed ./Middlewares/ST/STM32_USB_Device_Library/Class/CDC/Src/usbd_cdc.o
 .debug_abbrev  0x0000000000001d25      0x2b7 ./Middlewares/ST/STM32_USB_Device_Library/Core/Src/usbd_core.o
 .debug_abbrev  0x0000000000001fdc      0x2fc ./Middlewares/ST/STM32_USB_Device_Library/Core/Src/usbd_ctlreq.o
 .debug_abbrev  0x00000000000022d8      0x22a ./Middlewares/ST/STM32_USB_Device_Library/Core/Src/usbd_ioreq.o
 .debug_abbrev  0x0000000000002502      0x204 ./USB_Device/App/usb_device.o
 .debug_abbrev  0x0000000000002706      0x324 ./USB_Device/App/usbd_cdc_if.o
 .debug_abbrev  0x0000000000002a2a      0x2d9 ./USB_Device/App/usbd_desc.o
 .debug_abbrev  0x0000000000002d03      0x346 ./USB_Device/Target/usbd_conf.o

.debug_aranges  0x0000000000000000      0xc30
 .debug_aranges
                0x0000000000000000       0x40 ./Core/Src/main.o
 .debug_aranges
                0x0000000000000040       0x20 ./Core/Src/stm32g4xx_hal_msp.o
 .debug_aranges
                0x0000000000000060       0x68 ./Core/Src/stm32g4xx_it.o
 .debug_aranges
                0x00000000000000c8       0x28 ./Core/Src/system_stm32g4xx.o
 .debug_aranges
                0x00000000000000f0       0x28 ./Core/Startup/startup_stm32g441kbtx.o
 .debug_aranges
                0x0000000000000118      0x130 ./Drivers/STM32G4xx_HAL_Driver/Src/stm32g4xx_hal.o
 .debug_aranges
                0x0000000000000248      0x118 ./Drivers/STM32G4xx_HAL_Driver/Src/stm32g4xx_hal_cortex.o
 .debug_aranges
                0x0000000000000360      0x130 ./Drivers/STM32G4xx_HAL_Driver/Src/stm32g4xx_hal_pcd.o
 .debug_aranges
                0x0000000000000490       0x58 ./Drivers/STM32G4xx_HAL_Driver/Src/stm32g4xx_hal_pcd_ex.o
 .debug_aranges
                0x00000000000004e8      0x140 ./Drivers/STM32G4xx_HAL_Driver/Src/stm32g4xx_hal_pwr_ex.o
 .debug_aranges
                0x0000000000000628       0x98 ./Drivers/STM32G4xx_HAL_Driver/Src/stm32g4xx_hal_rcc.o
 .debug_aranges
                0x00000000000006c0       0xb0 ./Drivers/STM32G4xx_HAL_Driver/Src/stm32g4xx_hal_rcc_ex.o
 .debug_aranges
                0x0000000000000770       0xb0 ./Drivers/STM32G4xx_HAL_Driver/Src/stm32g4xx_ll_usb.o
 .debug_aranges
                0x0000000000000820       0x90 ./Middlewares/ST/STM32_USB_Device_Library/Class/CDC/Src/usbd_cdc.o
 .debug_aranges
                0x00000000000008b0       0xb8 ./Middlewares/ST/STM32_USB_Device_Library/Core/Src/usbd_core.o
 .debug_aranges
                0x0000000000000968       0x90 ./Middlewares/ST/STM32_USB_Device_Library/Core/Src/usbd_ctlreq.o
 .debug_aranges
                0x00000000000009f8       0x50 ./Middlewares/ST/STM32_USB_Device_Library/Core/Src/usbd_ioreq.o
 .debug_aranges
                0x0000000000000a48       0x20 ./USB_Device/App/usb_device.o
 .debug_aranges
                0x0000000000000a68       0x48 ./USB_Device/App/usbd_cdc_if.o
 .debug_aranges
                0x0000000000000ab0       0x60 ./USB_Device/App/usbd_desc.o
 .debug_aranges
                0x0000000000000b10      0x120 ./USB_Device/Target/usbd_conf.o

.debug_ranges   0x0000000000000000      0xae8
 .debug_ranges  0x0000000000000000       0x30 ./Core/Src/main.o
 .debug_ranges  0x0000000000000030       0x10 ./Core/Src/stm32g4xx_hal_msp.o
 .debug_ranges  0x0000000000000040       0x58 ./Core/Src/stm32g4xx_it.o
 .debug_ranges  0x0000000000000098       0x18 ./Core/Src/system_stm32g4xx.o
 .debug_ranges  0x00000000000000b0       0x20 ./Core/Startup/startup_stm32g441kbtx.o
 .debug_ranges  0x00000000000000d0      0x120 ./Drivers/STM32G4xx_HAL_Driver/Src/stm32g4xx_hal.o
 .debug_ranges  0x00000000000001f0      0x108 ./Drivers/STM32G4xx_HAL_Driver/Src/stm32g4xx_hal_cortex.o
 .debug_ranges  0x00000000000002f8      0x120 ./Drivers/STM32G4xx_HAL_Driver/Src/stm32g4xx_hal_pcd.o
 .debug_ranges  0x0000000000000418       0x48 ./Drivers/STM32G4xx_HAL_Driver/Src/stm32g4xx_hal_pcd_ex.o
 .debug_ranges  0x0000000000000460      0x130 ./Drivers/STM32G4xx_HAL_Driver/Src/stm32g4xx_hal_pwr_ex.o
 .debug_ranges  0x0000000000000590       0x88 ./Drivers/STM32G4xx_HAL_Driver/Src/stm32g4xx_hal_rcc.o
 .debug_ranges  0x0000000000000618       0xa0 ./Drivers/STM32G4xx_HAL_Driver/Src/stm32g4xx_hal_rcc_ex.o
 .debug_ranges  0x00000000000006b8       0xa0 ./Drivers/STM32G4xx_HAL_Driver/Src/stm32g4xx_ll_usb.o
 .debug_ranges  0x0000000000000758       0x80 ./Middlewares/ST/STM32_USB_Device_Library/Class/CDC/Src/usbd_cdc.o
 .debug_ranges  0x00000000000007d8       0xa8 ./Middlewares/ST/STM32_USB_Device_Library/Core/Src/usbd_core.o
 .debug_ranges  0x0000000000000880       0x80 ./Middlewares/ST/STM32_USB_Device_Library/Core/Src/usbd_ctlreq.o
 .debug_ranges  0x0000000000000900       0x40 ./Middlewares/ST/STM32_USB_Device_Library/Core/Src/usbd_ioreq.o
 .debug_ranges  0x0000000000000940       0x10 ./USB_Device/App/usb_device.o
 .debug_ranges  0x0000000000000950       0x38 ./USB_Device/App/usbd_cdc_if.o
 .debug_ranges  0x0000000000000988       0x50 ./USB_Device/App/usbd_desc.o
 .debug_ranges  0x00000000000009d8      0x110 ./USB_Device/Target/usbd_conf.o

.debug_macro    0x0000000000000000    0x1f4ea
 .debug_macro   0x0000000000000000      0x409 ./Core/Src/main.o
 .debug_macro   0x0000000000000409      0xaa8 ./Core/Src/main.o
 .debug_macro   0x0000000000000eb1      0x155 ./Core/Src/main.o
 .debug_macro   0x0000000000001006       0x2e ./Core/Src/main.o
 .debug_macro   0x0000000000001034       0x28 ./Core/Src/main.o
 .debug_macro   0x000000000000105c       0x22 ./Core/Src/main.o
 .debug_macro   0x000000000000107e       0x8e ./Core/Src/main.o
 .debug_macro   0x000000000000110c       0x51 ./Core/Src/main.o
 .debug_macro   0x000000000000115d      0x103 ./Core/Src/main.o
 .debug_macro   0x0000000000001260       0x6a ./Core/Src/main.o
 .debug_macro   0x00000000000012ca      0x1df ./Core/Src/main.o
 .debug_macro   0x00000000000014a9       0x1c ./Core/Src/main.o
 .debug_macro   0x00000000000014c5       0x22 ./Core/Src/main.o
 .debug_macro   0x00000000000014e7      0x101 ./Core/Src/main.o
 .debug_macro   0x00000000000015e8     0x1011 ./Core/Src/main.o
 .debug_macro   0x00000000000025f9      0x11f ./Core/Src/main.o
 .debug_macro   0x0000000000002718    0x11778 ./Core/Src/main.o
 .debug_macro   0x0000000000013e90       0x6d ./Core/Src/main.o
 .debug_macro   0x0000000000013efd     0x3554 ./Core/Src/main.o
 .debug_macro   0x0000000000017451      0x174 ./Core/Src/main.o
 .debug_macro   0x00000000000175c5       0x5c ./Core/Src/main.o
 .debug_macro   0x0000000000017621     0x1463 ./Core/Src/main.o
 .debug_macro   0x0000000000018a84      0x535 ./Core/Src/main.o
 .debug_macro   0x0000000000018fb9      0x1b6 ./Core/Src/main.o
 .debug_macro   0x000000000001916f      0x288 ./Core/Src/main.o
 .debug_macro   0x00000000000193f7      0x41d ./Core/Src/main.o
 .debug_macro   0x0000000000019814      0x18b ./Core/Src/main.o
 .debug_macro   0x000000000001999f       0x43 ./Core/Src/main.o
 .debug_macro   0x00000000000199e2      0x23d ./Core/Src/main.o
 .debug_macro   0x0000000000019c1f      0x211 ./Core/Src/main.o
 .debug_macro   0x0000000000019e30      0x401 ./Core/Src/main.o
 .debug_macro   0x000000000001a231      0x107 ./Core/Src/main.o
 .debug_macro   0x000000000001a338       0x6c ./Core/Src/main.o
 .debug_macro   0x000000000001a3a4      0x234 ./Core/Src/main.o
 .debug_macro   0x000000000001a5d8      0x122 ./Core/Src/main.o
 .debug_macro   0x000000000001a6fa      0x3d1 ./Core/Src/main.o
 .debug_macro   0x000000000001aacb      0x306 ./Core/Src/main.o
 .debug_macro   0x000000000001add1       0x52 ./Core/Src/main.o
 .debug_macro   0x000000000001ae23       0x18 ./Core/Src/main.o
 .debug_macro   0x000000000001ae3b       0x3c ./Core/Src/main.o
 .debug_macro   0x000000000001ae77       0x34 ./Core/Src/main.o
 .debug_macro   0x000000000001aeab       0x16 ./Core/Src/main.o
 .debug_macro   0x000000000001aec1       0x35 ./Core/Src/main.o
 .debug_macro   0x000000000001aef6      0x333 ./Core/Src/main.o
 .debug_macro   0x000000000001b229       0x10 ./Core/Src/main.o
 .debug_macro   0x000000000001b239       0x16 ./Core/Src/main.o
 .debug_macro   0x000000000001b24f       0x43 ./Core/Src/main.o
 .debug_macro   0x000000000001b292       0x34 ./Core/Src/main.o
 .debug_macro   0x000000000001b2c6       0x10 ./Core/Src/main.o
 .debug_macro   0x000000000001b2d6       0x58 ./Core/Src/main.o
 .debug_macro   0x000000000001b32e       0x71 ./Core/Src/main.o
 .debug_macro   0x000000000001b39f       0x1c ./Core/Src/main.o
 .debug_macro   0x000000000001b3bb      0x12a ./Core/Src/main.o
 .debug_macro   0x000000000001b4e5       0x10 ./Core/Src/main.o
 .debug_macro   0x000000000001b4f5       0x1c ./Core/Src/main.o
 .debug_macro   0x000000000001b511       0x52 ./Core/Src/main.o
 .debug_macro   0x000000000001b563       0x22 ./Core/Src/main.o
 .debug_macro   0x000000000001b585       0x10 ./Core/Src/main.o
 .debug_macro   0x000000000001b595       0x40 ./Core/Src/main.o
 .debug_macro   0x000000000001b5d5       0xd5 ./Core/Src/main.o
 .debug_macro   0x000000000001b6aa       0x1c ./Core/Src/main.o
 .debug_macro   0x000000000001b6c6       0x3d ./Core/Src/main.o
 .debug_macro   0x000000000001b703       0x16 ./Core/Src/main.o
 .debug_macro   0x000000000001b719      0x145 ./Core/Src/main.o
 .debug_macro   0x000000000001b85e       0x16 ./Core/Src/main.o
 .debug_macro   0x000000000001b874       0x16 ./Core/Src/main.o
 .debug_macro   0x000000000001b88a       0x29 ./Core/Src/main.o
 .debug_macro   0x000000000001b8b3       0x16 ./Core/Src/main.o
 .debug_macro   0x000000000001b8c9       0x20 ./Core/Src/main.o
 .debug_macro   0x000000000001b8e9       0x5f ./Core/Src/main.o
 .debug_macro   0x000000000001b948      0x1ef ./Core/Src/main.o
 .debug_macro   0x000000000001bb37       0x95 ./Core/Src/main.o
 .debug_macro   0x000000000001bbcc       0x10 ./Core/Src/main.o
 .debug_macro   0x000000000001bbdc      0x1d4 ./Core/Src/stm32g4xx_hal_msp.o
 .debug_macro   0x000000000001bdb0      0x1de ./Core/Src/stm32g4xx_it.o
 .debug_macro   0x000000000001bf8e      0x1ca ./Core/Src/system_stm32g4xx.o
 .debug_macro   0x000000000001c158      0x218 ./Drivers/STM32G4xx_HAL_Driver/Src/stm32g4xx_hal.o
 .debug_macro   0x000000000001c370      0x1ca ./Drivers/STM32G4xx_HAL_Driver/Src/stm32g4xx_hal_cortex.o
 .debug_macro   0x000000000001c53a      0x1d6 ./Drivers/STM32G4xx_HAL_Driver/Src/stm32g4xx_hal_pcd.o
 .debug_macro   0x000000000001c710      0x1ca ./Drivers/STM32G4xx_HAL_Driver/Src/stm32g4xx_hal_pcd_ex.o
 .debug_macro   0x000000000001c8da      0x1f4 ./Drivers/STM32G4xx_HAL_Driver/Src/stm32g4xx_hal_pwr_ex.o
 .debug_macro   0x000000000001cace      0x20c ./Drivers/STM32G4xx_HAL_Driver/Src/stm32g4xx_hal_rcc.o
 .debug_macro   0x000000000001ccda      0x1f4 ./Drivers/STM32G4xx_HAL_Driver/Src/stm32g4xx_hal_rcc_ex.o
 .debug_macro   0x000000000001cece      0x1ca ./Drivers/STM32G4xx_HAL_Driver/Src/stm32g4xx_ll_usb.o
 .debug_macro   0x000000000001d098      0x3e0 ./Middlewares/ST/STM32_USB_Device_Library/Class/CDC/Src/usbd_cdc.o
 .debug_macro   0x000000000001d478       0x97 ./Middlewares/ST/STM32_USB_Device_Library/Class/CDC/Src/usbd_cdc.o
 .debug_macro   0x000000000001d50f       0xfd ./Middlewares/ST/STM32_USB_Device_Library/Class/CDC/Src/usbd_cdc.o
 .debug_macro   0x000000000001d60c       0xfb ./Middlewares/ST/STM32_USB_Device_Library/Class/CDC/Src/usbd_cdc.o
 .debug_macro   0x000000000001d707       0x56 ./Middlewares/ST/STM32_USB_Device_Library/Class/CDC/Src/usbd_cdc.o
 .debug_macro   0x000000000001d75d      0x3c7 ./Middlewares/ST/STM32_USB_Device_Library/Core/Src/usbd_core.o
 .debug_macro   0x000000000001db24      0x1f5 ./Middlewares/ST/STM32_USB_Device_Library/Core/Src/usbd_core.o
 .debug_macro   0x000000000001dd19      0x3d1 ./Middlewares/ST/STM32_USB_Device_Library/Core/Src/usbd_ctlreq.o
 .debug_macro   0x000000000001e0ea      0x3cd ./Middlewares/ST/STM32_USB_Device_Library/Core/Src/usbd_ioreq.o
 .debug_macro   0x000000000001e4b7      0x406 ./USB_Device/App/usb_device.o
 .debug_macro   0x000000000001e8bd       0x22 ./USB_Device/App/usb_device.o
 .debug_macro   0x000000000001e8df       0x16 ./USB_Device/App/usb_device.o
 .debug_macro   0x000000000001e8f5      0x3eb ./USB_Device/App/usbd_cdc_if.o
 .debug_macro   0x000000000001ece0      0x404 ./USB_Device/App/usbd_desc.o
 .debug_macro   0x000000000001f0e4       0x1c ./USB_Device/App/usbd_desc.o
 .debug_macro   0x000000000001f100      0x3ea ./USB_Device/Target/usbd_conf.o

.debug_line     0x0000000000000000     0xeed5
 .debug_line    0x0000000000000000      0xa9f ./Core/Src/main.o
 .debug_line    0x0000000000000a9f      0x6a1 ./Core/Src/stm32g4xx_hal_msp.o
 .debug_line    0x0000000000001140      0x77b ./Core/Src/stm32g4xx_it.o
 .debug_line    0x00000000000018bb      0x70a ./Core/Src/system_stm32g4xx.o
 .debug_line    0x0000000000001fc5       0x89 ./Core/Startup/startup_stm32g441kbtx.o
 .debug_line    0x000000000000204e      0xa81 ./Drivers/STM32G4xx_HAL_Driver/Src/stm32g4xx_hal.o
 .debug_line    0x0000000000002acf      0xc34 ./Drivers/STM32G4xx_HAL_Driver/Src/stm32g4xx_hal_cortex.o
 .debug_line    0x0000000000003703     0x12a9 ./Drivers/STM32G4xx_HAL_Driver/Src/stm32g4xx_hal_pcd.o
 .debug_line    0x00000000000049ac      0x815 ./Drivers/STM32G4xx_HAL_Driver/Src/stm32g4xx_hal_pcd_ex.o
 .debug_line    0x00000000000051c1      0xc2c ./Drivers/STM32G4xx_HAL_Driver/Src/stm32g4xx_hal_pwr_ex.o
 .debug_line    0x0000000000005ded      0xe97 ./Drivers/STM32G4xx_HAL_Driver/Src/stm32g4xx_hal_rcc.o
 .debug_line    0x0000000000006c84     0x105a ./Drivers/STM32G4xx_HAL_Driver/Src/stm32g4xx_hal_rcc_ex.o
 .debug_line    0x0000000000007cde      0xecd ./Drivers/STM32G4xx_HAL_Driver/Src/stm32g4xx_ll_usb.o
 .debug_line    0x0000000000008bab      0xd5b ./Middlewares/ST/STM32_USB_Device_Library/Class/CDC/Src/usbd_cdc.o
 .debug_line    0x0000000000009906      0xdde ./Middlewares/ST/STM32_USB_Device_Library/Core/Src/usbd_core.o
 .debug_line    0x000000000000a6e4     0x107b ./Middlewares/ST/STM32_USB_Device_Library/Core/Src/usbd_ctlreq.o
 .debug_line    0x000000000000b75f      0xa35 ./Middlewares/ST/STM32_USB_Device_Library/Core/Src/usbd_ioreq.o
 .debug_line    0x000000000000c194      0x9f1 ./USB_Device/App/usb_device.o
 .debug_line    0x000000000000cb85      0xa55 ./USB_Device/App/usbd_cdc_if.o
 .debug_line    0x000000000000d5da      0xaba ./USB_Device/App/usbd_desc.o
 .debug_line    0x000000000000e094      0xe41 ./USB_Device/Target/usbd_conf.o

.debug_str      0x0000000000000000    0xb6bdb
 .debug_str     0x0000000000000000    0xb3688 ./Core/Src/main.o
                                      0xb3ad1 (size before relaxing)
 .debug_str     0x00000000000b3688       0x2c ./Core/Src/stm32g4xx_hal_msp.o
                                      0xae52d (size before relaxing)
 .debug_str     0x00000000000b36b4      0x3a2 ./Core/Src/stm32g4xx_it.o
                                      0xae7ee (size before relaxing)
 .debug_str     0x00000000000b3a56       0xaf ./Core/Src/system_stm32g4xx.o
                                      0xae59f (size before relaxing)
 .debug_str     0x00000000000b3b05       0x36 ./Core/Startup/startup_stm32g441kbtx.o
                                         0x75 (size before relaxing)
 .debug_str     0x00000000000b3b3b      0x9da ./Drivers/STM32G4xx_HAL_Driver/Src/stm32g4xx_hal.o
                                      0xaf07d (size before relaxing)
 .debug_str     0x00000000000b4515      0x395 ./Drivers/STM32G4xx_HAL_Driver/Src/stm32g4xx_hal_cortex.o
                                      0xaed85 (size before relaxing)
 .debug_str     0x00000000000b48aa      0x3d7 ./Drivers/STM32G4xx_HAL_Driver/Src/stm32g4xx_hal_pcd.o
                                      0xaeb69 (size before relaxing)
 .debug_str     0x00000000000b4c81      0x1c6 ./Drivers/STM32G4xx_HAL_Driver/Src/stm32g4xx_hal_pcd_ex.o
                                      0xae942 (size before relaxing)
 .debug_str     0x00000000000b4e47      0x519 ./Drivers/STM32G4xx_HAL_Driver/Src/stm32g4xx_hal_pwr_ex.o
                                      0xaea95 (size before relaxing)
 .debug_str     0x00000000000b5360      0x558 ./Drivers/STM32G4xx_HAL_Driver/Src/stm32g4xx_hal_rcc.o
                                      0xaec66 (size before relaxing)
 .debug_str     0x00000000000b58b8      0x593 ./Drivers/STM32G4xx_HAL_Driver/Src/stm32g4xx_hal_rcc_ex.o
                                      0xaec48 (size before relaxing)
 .debug_str     0x00000000000b5e4b      0x1fb ./Drivers/STM32G4xx_HAL_Driver/Src/stm32g4xx_ll_usb.o
                                      0xae860 (size before relaxing)
 .debug_str     0x00000000000b6046      0x2aa ./Middlewares/ST/STM32_USB_Device_Library/Class/CDC/Src/usbd_cdc.o
                                      0xb3cf1 (size before relaxing)
 .debug_str     0x00000000000b62f0      0x1a9 ./Middlewares/ST/STM32_USB_Device_Library/Core/Src/usbd_core.o
                                      0xb35a5 (size before relaxing)
 .debug_str     0x00000000000b6499      0x15b ./Middlewares/ST/STM32_USB_Device_Library/Core/Src/usbd_ctlreq.o
                                      0xb3563 (size before relaxing)
 .debug_str     0x00000000000b65f4       0xc9 ./Middlewares/ST/STM32_USB_Device_Library/Core/Src/usbd_ioreq.o
                                      0xb34b3 (size before relaxing)
 .debug_str     0x00000000000b66bd       0xc3 ./USB_Device/App/usb_device.o
                                      0xb3843 (size before relaxing)
 .debug_str     0x00000000000b6780       0x9a ./USB_Device/App/usbd_cdc_if.o
                                      0xb38a3 (size before relaxing)
 .debug_str     0x00000000000b681a      0x254 ./USB_Device/App/usbd_desc.o
                                      0xb33ec (size before relaxing)
 .debug_str     0x00000000000b6a6e      0x16d ./USB_Device/Target/usbd_conf.o
                                      0xb44e9 (size before relaxing)

.comment        0x0000000000000000       0x53
 .comment       0x0000000000000000       0x53 ./Core/Src/main.o
                                         0x54 (size before relaxing)
 .comment       0x0000000000000053       0x54 ./Core/Src/stm32g4xx_hal_msp.o
 .comment       0x0000000000000053       0x54 ./Core/Src/stm32g4xx_it.o
 .comment       0x0000000000000053       0x54 ./Core/Src/system_stm32g4xx.o
 .comment       0x0000000000000053       0x54 ./Drivers/STM32G4xx_HAL_Driver/Src/stm32g4xx_hal.o
 .comment       0x0000000000000053       0x54 ./Drivers/STM32G4xx_HAL_Driver/Src/stm32g4xx_hal_cortex.o
 .comment       0x0000000000000053       0x54 ./Drivers/STM32G4xx_HAL_Driver/Src/stm32g4xx_hal_pcd.o
 .comment       0x0000000000000053       0x54 ./Drivers/STM32G4xx_HAL_Driver/Src/stm32g4xx_hal_pcd_ex.o
 .comment       0x0000000000000053       0x54 ./Drivers/STM32G4xx_HAL_Driver/Src/stm32g4xx_hal_pwr_ex.o
 .comment       0x0000000000000053       0x54 ./Drivers/STM32G4xx_HAL_Driver/Src/stm32g4xx_hal_rcc.o
 .comment       0x0000000000000053       0x54 ./Drivers/STM32G4xx_HAL_Driver/Src/stm32g4xx_hal_rcc_ex.o
 .comment       0x0000000000000053       0x54 ./Drivers/STM32G4xx_HAL_Driver/Src/stm32g4xx_ll_usb.o
 .comment       0x0000000000000053       0x54 ./Middlewares/ST/STM32_USB_Device_Library/Class/CDC/Src/usbd_cdc.o
 .comment       0x0000000000000053       0x54 ./Middlewares/ST/STM32_USB_Device_Library/Core/Src/usbd_core.o
 .comment       0x0000000000000053       0x54 ./Middlewares/ST/STM32_USB_Device_Library/Core/Src/usbd_ctlreq.o
 .comment       0x0000000000000053       0x54 ./Middlewares/ST/STM32_USB_Device_Library/Core/Src/usbd_ioreq.o
 .comment       0x0000000000000053       0x54 ./USB_Device/App/usb_device.o
 .comment       0x0000000000000053       0x54 ./USB_Device/App/usbd_cdc_if.o
 .comment       0x0000000000000053       0x54 ./USB_Device/App/usbd_desc.o
 .comment       0x0000000000000053       0x54 ./USB_Device/Target/usbd_conf.o

.debug_frame    0x0000000000000000     0x2f54
 .debug_frame   0x0000000000000000       0xb8 ./Core/Src/main.o
 .debug_frame   0x00000000000000b8       0x34 ./Core/Src/stm32g4xx_hal_msp.o
 .debug_frame   0x00000000000000ec      0x120 ./Core/Src/stm32g4xx_it.o
 .debug_frame   0x000000000000020c       0x58 ./Core/Src/system_stm32g4xx.o
 .debug_frame   0x0000000000000264      0x4a0 ./Drivers/STM32G4xx_HAL_Driver/Src/stm32g4xx_hal.o
 .debug_frame   0x0000000000000704      0x498 ./Drivers/STM32G4xx_HAL_Driver/Src/stm32g4xx_hal_cortex.o
 .debug_frame   0x0000000000000b9c      0x554 ./Drivers/STM32G4xx_HAL_Driver/Src/stm32g4xx_hal_pcd.o
 .debug_frame   0x00000000000010f0      0x14c ./Drivers/STM32G4xx_HAL_Driver/Src/stm32g4xx_hal_pcd_ex.o
 .debug_frame   0x000000000000123c      0x4fc ./Drivers/STM32G4xx_HAL_Driver/Src/stm32g4xx_hal_pwr_ex.o
 .debug_frame   0x0000000000001738      0x23c ./Drivers/STM32G4xx_HAL_Driver/Src/stm32g4xx_hal_rcc.o
 .debug_frame   0x0000000000001974      0x2ac ./Drivers/STM32G4xx_HAL_Driver/Src/stm32g4xx_hal_rcc_ex.o
 .debug_frame   0x0000000000001c20      0x310 ./Drivers/STM32G4xx_HAL_Driver/Src/stm32g4xx_ll_usb.o
 .debug_frame   0x0000000000001f30      0x248 ./Middlewares/ST/STM32_USB_Device_Library/Class/CDC/Src/usbd_cdc.o
 .debug_frame   0x0000000000002178      0x2f4 ./Middlewares/ST/STM32_USB_Device_Library/Core/Src/usbd_core.o
 .debug_frame   0x000000000000246c      0x23c ./Middlewares/ST/STM32_USB_Device_Library/Core/Src/usbd_ctlreq.o
 .debug_frame   0x00000000000026a8      0x10c ./Middlewares/ST/STM32_USB_Device_Library/Core/Src/usbd_ioreq.o
 .debug_frame   0x00000000000027b4       0x2c ./USB_Device/App/usb_device.o
 .debug_frame   0x00000000000027e0       0xe4 ./USB_Device/App/usbd_cdc_if.o
 .debug_frame   0x00000000000028c4      0x160 ./USB_Device/App/usbd_desc.o
 .debug_frame   0x0000000000002a24      0x4bc ./USB_Device/Target/usbd_conf.o
 .debug_frame   0x0000000000002ee0       0x2c /opt/st/stm32cubeide_1.7.0/plugins/com.st.stm32cube.ide.mcu.externaltools.gnu-tools-for-stm32.9-2020-q2-update.linux64_2.0.0.202105311346/tools/bin/../lib/gcc/arm-none-eabi/9.3.1/../../../../arm-none-eabi/lib/thumb/v7e-m+fp/hard/libc_nano.a(lib_a-init.o)
 .debug_frame   0x0000000000002f0c       0x28 /opt/st/stm32cubeide_1.7.0/plugins/com.st.stm32cube.ide.mcu.externaltools.gnu-tools-for-stm32.9-2020-q2-update.linux64_2.0.0.202105311346/tools/bin/../lib/gcc/arm-none-eabi/9.3.1/../../../../arm-none-eabi/lib/thumb/v7e-m+fp/hard/libc_nano.a(lib_a-memcpy-stub.o)
 .debug_frame   0x0000000000002f34       0x20 /opt/st/stm32cubeide_1.7.0/plugins/com.st.stm32cube.ide.mcu.externaltools.gnu-tools-for-stm32.9-2020-q2-update.linux64_2.0.0.202105311346/tools/bin/../lib/gcc/arm-none-eabi/9.3.1/../../../../arm-none-eabi/lib/thumb/v7e-m+fp/hard/libc_nano.a(lib_a-memset.o)
