main.c:128:6:CDC_On_Receive	16	static
main.c:138:6:throw	24	static
main.c:155:6:HAL_TIM_PeriodElapsedCallback	152	static
main.c:237:5:main	16	static
main.c:420:6:SystemClock_Config	88	static
main.c:465:13:MX_I2C3_Init	8	static
main.c:511:13:MX_TIM1_Init	104	static
main.c:580:13:MX_TIM2_Init	64	static
main.c:647:13:MX_TIM3_Init	56	static
main.c:696:13:MX_TIM4_Init	56	static
main.c:745:13:MX_TIM6_Init	24	static
main.c:783:13:MX_TIM8_Init	56	static
main.c:834:13:MX_TIM15_Init	120	static
main.c:910:13:MX_TIM16_Init	88	static
main.c:973:13:MX_TIM17_Init	88	static
main.c:1036:13:MX_GPIO_Init	40	static
main.c:1081:6:Error_Handler	4	static,ignoring_inline_asm
