main.c:128:6:CDC_On_Receive	16	static
main.c:138:6:throw	16	static
main.c:150:6:HAL_TIM_PeriodElapsedCallback	152	static
main.c:233:5:main	16	static
main.c:417:6:SystemClock_Config	88	static
main.c:462:13:MX_I2C3_Init	8	static
main.c:508:13:MX_TIM1_Init	104	static
main.c:577:13:MX_TIM2_Init	64	static
main.c:644:13:MX_TIM3_Init	56	static
main.c:693:13:MX_TIM4_Init	56	static
main.c:742:13:MX_TIM6_Init	24	static
main.c:780:13:MX_TIM8_Init	56	static
main.c:831:13:MX_TIM15_Init	120	static
main.c:907:13:MX_TIM16_Init	88	static
main.c:970:13:MX_TIM17_Init	88	static
main.c:1033:13:MX_GPIO_Init	40	static
main.c:1078:6:Error_Handler	4	static,ignoring_inline_asm
