Archive member included to satisfy reference by file (symbol)

/opt/st/stm32cubeide_1.7.0/plugins/com.st.stm32cube.ide.mcu.externaltools.gnu-tools-for-stm32.9-2020-q2-update.linux64_2.0.0.202105311346/tools/bin/../lib/gcc/arm-none-eabi/9.3.1/../../../../arm-none-eabi/lib/thumb/v7e-m+fp/hard/libc_nano.a(lib_a-errno.o)
                              ./Core/Src/syscalls.o (__errno)
/opt/st/stm32cubeide_1.7.0/plugins/com.st.stm32cube.ide.mcu.externaltools.gnu-tools-for-stm32.9-2020-q2-update.linux64_2.0.0.202105311346/tools/bin/../lib/gcc/arm-none-eabi/9.3.1/../../../../arm-none-eabi/lib/thumb/v7e-m+fp/hard/libc_nano.a(lib_a-exit.o)
                              /opt/st/stm32cubeide_1.7.0/plugins/com.st.stm32cube.ide.mcu.externaltools.gnu-tools-for-stm32.9-2020-q2-update.linux64_2.0.0.202105311346/tools/bin/../lib/gcc/arm-none-eabi/9.3.1/../../../../arm-none-eabi/lib/thumb/v7e-m+fp/hard/crt0.o (exit)
/opt/st/stm32cubeide_1.7.0/plugins/com.st.stm32cube.ide.mcu.externaltools.gnu-tools-for-stm32.9-2020-q2-update.linux64_2.0.0.202105311346/tools/bin/../lib/gcc/arm-none-eabi/9.3.1/../../../../arm-none-eabi/lib/thumb/v7e-m+fp/hard/libc_nano.a(lib_a-impure.o)
                              /opt/st/stm32cubeide_1.7.0/plugins/com.st.stm32cube.ide.mcu.externaltools.gnu-tools-for-stm32.9-2020-q2-update.linux64_2.0.0.202105311346/tools/bin/../lib/gcc/arm-none-eabi/9.3.1/../../../../arm-none-eabi/lib/thumb/v7e-m+fp/hard/libc_nano.a(lib_a-exit.o) (_global_impure_ptr)
/opt/st/stm32cubeide_1.7.0/plugins/com.st.stm32cube.ide.mcu.externaltools.gnu-tools-for-stm32.9-2020-q2-update.linux64_2.0.0.202105311346/tools/bin/../lib/gcc/arm-none-eabi/9.3.1/../../../../arm-none-eabi/lib/thumb/v7e-m+fp/hard/libc_nano.a(lib_a-init.o)
                              /opt/st/stm32cubeide_1.7.0/plugins/com.st.stm32cube.ide.mcu.externaltools.gnu-tools-for-stm32.9-2020-q2-update.linux64_2.0.0.202105311346/tools/bin/../lib/gcc/arm-none-eabi/9.3.1/../../../../arm-none-eabi/lib/thumb/v7e-m+fp/hard/crt0.o (__libc_init_array)
/opt/st/stm32cubeide_1.7.0/plugins/com.st.stm32cube.ide.mcu.externaltools.gnu-tools-for-stm32.9-2020-q2-update.linux64_2.0.0.202105311346/tools/bin/../lib/gcc/arm-none-eabi/9.3.1/../../../../arm-none-eabi/lib/thumb/v7e-m+fp/hard/libc_nano.a(lib_a-memcpy-stub.o)
                              ./Core/Src/main.o (memcpy)
/opt/st/stm32cubeide_1.7.0/plugins/com.st.stm32cube.ide.mcu.externaltools.gnu-tools-for-stm32.9-2020-q2-update.linux64_2.0.0.202105311346/tools/bin/../lib/gcc/arm-none-eabi/9.3.1/../../../../arm-none-eabi/lib/thumb/v7e-m+fp/hard/libc_nano.a(lib_a-memset.o)
                              /opt/st/stm32cubeide_1.7.0/plugins/com.st.stm32cube.ide.mcu.externaltools.gnu-tools-for-stm32.9-2020-q2-update.linux64_2.0.0.202105311346/tools/bin/../lib/gcc/arm-none-eabi/9.3.1/../../../../arm-none-eabi/lib/thumb/v7e-m+fp/hard/crt0.o (memset)

Allocating common symbols
Common symbol       size              file

hUsbDeviceFS        0x2d0             ./USB_Device/App/usb_device.o
hi2c3               0x4c              ./Core/Src/main.o
htim8               0x4c              ./Core/Src/main.o
htim4               0x4c              ./Core/Src/main.o
htim15              0x4c              ./Core/Src/main.o
htim17              0x4c              ./Core/Src/main.o
uwTick              0x4               ./Drivers/STM32G4xx_HAL_Driver/Src/stm32g4xx_hal.o
UserRxBufferFS      0x3e8             ./USB_Device/App/usbd_cdc_if.o
htim3               0x4c              ./Core/Src/main.o
UserTxBufferFS      0x3e8             ./USB_Device/App/usbd_cdc_if.o
htim6               0x4c              ./Core/Src/main.o
htim1               0x4c              ./Core/Src/main.o
htim2               0x4c              ./Core/Src/main.o
hpcd_USB_FS         0x2f4             ./USB_Device/Target/usbd_conf.o
USBD_StrDesc        0x200             ./USB_Device/App/usbd_desc.o
htim16              0x4c              ./Core/Src/main.o

Discarded input sections

 .text          0x0000000000000000        0x0 /opt/st/stm32cubeide_1.7.0/plugins/com.st.stm32cube.ide.mcu.externaltools.gnu-tools-for-stm32.9-2020-q2-update.linux64_2.0.0.202105311346/tools/bin/../lib/gcc/arm-none-eabi/9.3.1/thumb/v7e-m+fp/hard/crti.o
 .data          0x0000000000000000        0x0 /opt/st/stm32cubeide_1.7.0/plugins/com.st.stm32cube.ide.mcu.externaltools.gnu-tools-for-stm32.9-2020-q2-update.linux64_2.0.0.202105311346/tools/bin/../lib/gcc/arm-none-eabi/9.3.1/thumb/v7e-m+fp/hard/crti.o
 .bss           0x0000000000000000        0x0 /opt/st/stm32cubeide_1.7.0/plugins/com.st.stm32cube.ide.mcu.externaltools.gnu-tools-for-stm32.9-2020-q2-update.linux64_2.0.0.202105311346/tools/bin/../lib/gcc/arm-none-eabi/9.3.1/thumb/v7e-m+fp/hard/crti.o
 .data          0x0000000000000000        0x4 /opt/st/stm32cubeide_1.7.0/plugins/com.st.stm32cube.ide.mcu.externaltools.gnu-tools-for-stm32.9-2020-q2-update.linux64_2.0.0.202105311346/tools/bin/../lib/gcc/arm-none-eabi/9.3.1/thumb/v7e-m+fp/hard/crtbegin.o
[...]
Memory Configuration

Name             Origin             Length             Attributes
RAM              0x0000000020000000 0x0000000000008000 xrw
FLASH            0x0000000008000000 0x0000000000020000 xr
*default*        0x0000000000000000 0xffffffffffffffff

Linker script and memory map

LOAD /opt/st/stm32cubeide_1.7.0/plugins/com.st.stm32cube.ide.mcu.externaltools.gnu-tools-for-stm32.9-2020-q2-update.linux64_2.0.0.202105311346/tools/bin/../lib/gcc/arm-none-eabi/9.3.1/thumb/v7e-m+fp/hard/crti.o
LOAD /opt/st/stm32cubeide_1.7.0/plugins/com.st.stm32cube.ide.mcu.externaltools.gnu-tools-for-stm32.9-2020-q2-update.linux64_2.0.0.202105311346/tools/bin/../lib/gcc/arm-none-eabi/9.3.1/thumb/v7e-m+fp/hard/crtbegin.o
LOAD /opt/st/stm32cubeide_1.7.0/plugins/com.st.stm32cube.ide.mcu.externaltools.gnu-tools-for-stm32.9-2020-q2-update.linux64_2.0.0.202105311346/tools/bin/../lib/gcc/arm-none-eabi/9.3.1/../../../../arm-none-eabi/lib/thumb/v7e-m+fp/hard/crt0.o
LOAD ./Core/Src/main.o
LOAD ./Core/Src/stm32g4xx_hal_msp.o
LOAD ./Core/Src/stm32g4xx_it.o
LOAD ./Core/Src/syscalls.o
LOAD ./Core/Src/sysmem.o
LOAD ./Core/Src/system_stm32g4xx.o
LOAD ./Core/Startup/startup_stm32g441kbtx.o
LOAD ./Drivers/STM32G4xx_HAL_Driver/Src/stm32g4xx_hal.o
LOAD ./Drivers/STM32G4xx_HAL_Driver/Src/stm32g4xx_hal_cortex.o
LOAD ./Drivers/STM32G4xx_HAL_Driver/Src/stm32g4xx_hal_dma.o
LOAD ./Drivers/STM32G4xx_HAL_Driver/Src/stm32g4xx_hal_dma_ex.o
LOAD ./Drivers/STM32G4xx_HAL_Driver/Src/stm32g4xx_hal_exti.o
LOAD ./Drivers/STM32G4xx_HAL_Driver/Src/stm32g4xx_hal_flash.o
LOAD ./Drivers/STM32G4xx_HAL_Driver/Src/stm32g4xx_hal_flash_ex.o
LOAD ./Drivers/STM32G4xx_HAL_Driver/Src/stm32g4xx_hal_flash_ramfunc.o
LOAD ./Drivers/STM32G4xx_HAL_Driver/Src/stm32g4xx_hal_gpio.o
LOAD ./Drivers/STM32G4xx_HAL_Driver/Src/stm32g4xx_hal_i2c.o
LOAD ./Drivers/STM32G4xx_HAL_Driver/Src/stm32g4xx_hal_i2c_ex.o
LOAD ./Drivers/STM32G4xx_HAL_Driver/Src/stm32g4xx_hal_pcd.o
LOAD ./Drivers/STM32G4xx_HAL_Driver/Src/stm32g4xx_hal_pcd_ex.o
LOAD ./Drivers/STM32G4xx_HAL_Driver/Src/stm32g4xx_hal_pwr.o
LOAD ./Drivers/STM32G4xx_HAL_Driver/Src/stm32g4xx_hal_pwr_ex.o
LOAD ./Drivers/STM32G4xx_HAL_Driver/Src/stm32g4xx_hal_rcc.o
LOAD ./Drivers/STM32G4xx_HAL_Driver/Src/stm32g4xx_hal_rcc_ex.o
LOAD ./Drivers/STM32G4xx_HAL_Driver/Src/stm32g4xx_hal_tim.o
LOAD ./Drivers/STM32G4xx_HAL_Driver/Src/stm32g4xx_hal_tim_ex.o
LOAD ./Drivers/STM32G4xx_HAL_Driver/Src/stm32g4xx_ll_usb.o
LOAD ./Middlewares/ST/STM32_USB_Device_Library/Class/CDC/Src/usbd_cdc.o
LOAD ./Middlewares/ST/STM32_USB_Device_Library/Core/Src/usbd_core.o
LOAD ./Middlewares/ST/STM32_USB_Device_Library/Core/Src/usbd_ctlreq.o
LOAD ./Middlewares/ST/STM32_USB_Device_Library/Core/Src/usbd_ioreq.o
LOAD ./USB_Device/App/usb_device.o
LOAD ./USB_Device/App/usbd_cdc_if.o
LOAD ./USB_Device/App/usbd_desc.o
LOAD ./USB_Device/Target/usbd_conf.o
START GROUP
LOAD /opt/st/stm32cubeide_1.7.0/plugins/com.st.stm32cube.ide.mcu.externaltools.gnu-tools-for-stm32.9-2020-q2-update.linux64_2.0.0.202105311346/tools/bin/../lib/gcc/arm-none-eabi/9.3.1/../../../../arm-none-eabi/lib/thumb/v7e-m+fp/hard/libc_nano.a
LOAD /opt/st/stm32cubeide_1.7.0/plugins/com.st.stm32cube.ide.mcu.externaltools.gnu-tools-for-stm32.9-2020-q2-update.linux64_2.0.0.202105311346/tools/bin/../lib/gcc/arm-none-eabi/9.3.1/../../../../arm-none-eabi/lib/thumb/v7e-m+fp/hard/libm.a
END GROUP
START GROUP
LOAD /opt/st/stm32cubeide_1.7.0/plugins/com.st.stm32cube.ide.mcu.externaltools.gnu-tools-for-stm32.9-2020-q2-update.linux64_2.0.0.202105311346/tools/bin/../lib/gcc/arm-none-eabi/9.3.1/thumb/v7e-m+fp/hard/libgcc.a
LOAD /opt/st/stm32cubeide_1.7.0/plugins/com.st.stm32cube.ide.mcu.externaltools.gnu-tools-for-stm32.9-2020-q2-update.linux64_2.0.0.202105311346/tools/bin/../lib/gcc/arm-none-eabi/9.3.1/../../../../arm-none-eabi/lib/thumb/v7e-m+fp/hard/libc_nano.a
END GROUP
START GROUP
LOAD /opt/st/stm32cubeide_1.7.0/plugins/com.st.stm32cube.ide.mcu.externaltools.gnu-tools-for-stm32.9-2020-q2-update.linux64_2.0.0.202105311346/tools/bin/../lib/gcc/arm-none-eabi/9.3.1/thumb/v7e-m+fp/hard/libgcc.a
LOAD /opt/st/stm32cubeide_1.7.0/plugins/com.st.stm32cube.ide.mcu.externaltools.gnu-tools-for-stm32.9-2020-q2-update.linux64_2.0.0.202105311346/tools/bin/../lib/gcc/arm-none-eabi/9.3.1/../../../../arm-none-eabi/lib/thumb/v7e-m+fp/hard/libc_nano.a
LOAD /opt/st/stm32cubeide_1.7.0/plugins/com.st.stm32cube.ide.mcu.externaltools.gnu-tools-for-stm32.9-2020-q2-update.linux64_2.0.0.202105311346/tools/bin/../lib/gcc/arm-none-eabi/9.3.1/../../../../arm-none-eabi/lib/thumb/v7e-m+fp/hard/libnosys.a
END GROUP
START GROUP
LOAD /opt/st/stm32cubeide_1.7.0/plugins/com.st.stm32cube.ide.mcu.externaltools.gnu-tools-for-stm32.9-2020-q2-update.linux64_2.0.0.202105311346/tools/bin/../lib/gcc/arm-none-eabi/9.3.1/thumb/v7e-m+fp/hard/libgcc.a
LOAD /opt/st/stm32cubeide_1.7.0/plugins/com.st.stm32cube.ide.mcu.externaltools.gnu-tools-for-stm32.9-2020-q2-update.linux64_2.0.0.202105311346/tools/bin/../lib/gcc/arm-none-eabi/9.3.1/../../../../arm-none-eabi/lib/thumb/v7e-m+fp/hard/libc_nano.a
LOAD /opt/st/stm32cubeide_1.7.0/plugins/com.st.stm32cube.ide.mcu.externaltools.gnu-tools-for-stm32.9-2020-q2-update.linux64_2.0.0.202105311346/tools/bin/../lib/gcc/arm-none-eabi/9.3.1/../../../../arm-none-eabi/lib/thumb/v7e-m+fp/hard/libnosys.a
END GROUP
LOAD /opt/st/stm32cubeide_1.7.0/plugins/com.st.stm32cube.ide.mcu.externaltools.gnu-tools-for-stm32.9-2020-q2-update.linux64_2.0.0.202105311346/tools/bin/../lib/gcc/arm-none-eabi/9.3.1/thumb/v7e-m+fp/hard/crtend.o
LOAD /opt/st/stm32cubeide_1.7.0/plugins/com.st.stm32cube.ide.mcu.externaltools.gnu-tools-for-stm32.9-2020-q2-update.linux64_2.0.0.202105311346/tools/bin/../lib/gcc/arm-none-eabi/9.3.1/thumb/v7e-m+fp/hard/crtn.o
                0x0000000020008000                _estack = (ORIGIN (RAM) + LENGTH (RAM))
                0x0000000000000200                _Min_Heap_Size = 0x200
                0x0000000000000400                _Min_Stack_Size = 0x400

.isr_vector     0x0000000008000000      0x1d8
                0x0000000008000000                . = ALIGN (0x4)
 *(.isr_vector)
 .isr_vector    0x0000000008000000      0x1d8 ./Core/Startup/startup_stm32g441kbtx.o
                0x0000000008000000                g_pfnVectors
                0x00000000080001d8                . = ALIGN (0x4)

.text           0x00000000080001d8     0xa5e8
                0x00000000080001d8                . = ALIGN (0x4)
 *(.text)
 .text          0x00000000080001d8       0x40 /opt/st/stm32cubeide_1.7.0/plugins/com.st.stm32cube.ide.mcu.externaltools.gnu-tools-for-stm32.9-2020-q2-update.linux64_2.0.0.202105311346/tools/bin/../lib/gcc/arm-none-eabi/9.3.1/thumb/v7e-m+fp/hard/crtbegin.o
 *(.text*)
 .text.CDC_On_Receive
                0x0000000008000218       0x4c ./Core/Src/main.o
                0x0000000008000218                CDC_On_Receive
 .text.throw    0x0000000008000264       0x7c ./Core/Src/main.o
                0x0000000008000264                throw
 .text.main     0x00000000080002e0      0x21c ./Core/Src/main.o
                0x00000000080002e0                main
 .text.SystemClock_Config
                0x00000000080004fc       0x98 ./Core/Src/main.o
                0x00000000080004fc                SystemClock_Config
 .text.MX_I2C3_Init
                0x0000000008000594       0x80 ./Core/Src/main.o
 .text.MX_TIM1_Init
                0x0000000008000614      0x118 ./Core/Src/main.o
 .text.MX_TIM2_Init
                0x000000000800072c      0x11c ./Core/Src/main.o
 .text.MX_TIM3_Init
                0x0000000008000848       0xac ./Core/Src/main.o
 .text.MX_TIM4_Init
                0x00000000080008f4       0xac ./Core/Src/main.o
 .text.MX_TIM6_Init
                0x00000000080009a0       0x6c ./Core/Src/main.o
 .text.MX_TIM8_Init
                0x0000000008000a0c       0xb4 ./Core/Src/main.o
 .text.MX_TIM15_Init
                0x0000000008000ac0      0x148 ./Core/Src/main.o
 .text.MX_TIM16_Init
                0x0000000008000c08       0xf4 ./Core/Src/main.o
 .text.MX_TIM17_Init
                0x0000000008000cfc       0xf4 ./Core/Src/main.o
 .text.MX_GPIO_Init
                0x0000000008000df0       0xc4 ./Core/Src/main.o
 .text.HAL_TIM_PeriodElapsedCallback
                0x0000000008000eb4      0x268 ./Core/Src/main.o
                0x0000000008000eb4                HAL_TIM_PeriodElapsedCallback
 .text.Error_Handler
                0x000000000800111c        0xa ./Core/Src/main.o
                0x000000000800111c                Error_Handler
 *fill*         0x0000000008001126        0x2 
 .text.HAL_MspInit
                0x0000000008001128       0x48 ./Core/Src/stm32g4xx_hal_msp.o
                0x0000000008001128                HAL_MspInit
 .text.HAL_I2C_MspInit
                0x0000000008001170       0xf0 ./Core/Src/stm32g4xx_hal_msp.o
                0x0000000008001170                HAL_I2C_MspInit
 .text.HAL_TIM_PWM_MspInit
                0x0000000008001260       0x40 ./Core/Src/stm32g4xx_hal_msp.o
                0x0000000008001260                HAL_TIM_PWM_MspInit
 .text.HAL_TIM_Base_MspInit
                0x00000000080012a0       0xe8 ./Core/Src/stm32g4xx_hal_msp.o
                0x00000000080012a0                HAL_TIM_Base_MspInit
 .text.HAL_TIM_Encoder_MspInit
                0x0000000008001388      0x188 ./Core/Src/stm32g4xx_hal_msp.o
                0x0000000008001388                HAL_TIM_Encoder_MspInit
 .text.HAL_TIM_MspPostInit
                0x0000000008001510      0x1a4 ./Core/Src/stm32g4xx_hal_msp.o
                0x0000000008001510                HAL_TIM_MspPostInit
 .text.NMI_Handler
                0x00000000080016b4        0x6 ./Core/Src/stm32g4xx_it.o
                0x00000000080016b4                NMI_Handler
 .text.HardFault_Handler
                0x00000000080016ba        0x6 ./Core/Src/stm32g4xx_it.o
                0x00000000080016ba                HardFault_Handler
 .text.MemManage_Handler
                0x00000000080016c0        0x6 ./Core/Src/stm32g4xx_it.o
                0x00000000080016c0                MemManage_Handler
 .text.BusFault_Handler
                0x00000000080016c6        0x6 ./Core/Src/stm32g4xx_it.o
                0x00000000080016c6                BusFault_Handler
 .text.UsageFault_Handler
                0x00000000080016cc        0x6 ./Core/Src/stm32g4xx_it.o
                0x00000000080016cc                UsageFault_Handler
 .text.SVC_Handler
                0x00000000080016d2        0xe ./Core/Src/stm32g4xx_it.o
                0x00000000080016d2                SVC_Handler
 .text.DebugMon_Handler
                0x00000000080016e0        0xe ./Core/Src/stm32g4xx_it.o
                0x00000000080016e0                DebugMon_Handler
 .text.PendSV_Handler
                0x00000000080016ee        0xe ./Core/Src/stm32g4xx_it.o
                0x00000000080016ee                PendSV_Handler
 .text.SysTick_Handler
                0x00000000080016fc        0xc ./Core/Src/stm32g4xx_it.o
                0x00000000080016fc                SysTick_Handler
 .text.USB_LP_IRQHandler
                0x0000000008001708       0x14 ./Core/Src/stm32g4xx_it.o
                0x0000000008001708                USB_LP_IRQHandler
 .text.TIM6_DAC_IRQHandler
                0x000000000800171c       0x14 ./Core/Src/stm32g4xx_it.o
                0x000000000800171c                TIM6_DAC_IRQHandler
 .text.SystemInit
                0x0000000008001730       0x24 ./Core/Src/system_stm32g4xx.o
                0x0000000008001730                SystemInit
 .text.Reset_Handler
                0x0000000008001754       0x50 ./Core/Startup/startup_stm32g441kbtx.o
                0x0000000008001754                Reset_Handler
 .text.Default_Handler
                0x00000000080017a4        0x2 ./Core/Startup/startup_stm32g441kbtx.o
                0x00000000080017a4                RTC_Alarm_IRQHandler
                0x00000000080017a4                EXTI2_IRQHandler
                0x00000000080017a4                TIM8_TRG_COM_IRQHandler
                0x00000000080017a4                TIM8_CC_IRQHandler
                0x00000000080017a4                TIM1_CC_IRQHandler
                0x00000000080017a4                USB_HP_IRQHandler
                0x00000000080017a4                CORDIC_IRQHandler
                0x00000000080017a4                EXTI3_IRQHandler
                0x00000000080017a4                I2C3_ER_IRQHandler
                0x00000000080017a4                EXTI0_IRQHandler
                0x00000000080017a4                I2C2_EV_IRQHandler
                0x00000000080017a4                FPU_IRQHandler
                0x00000000080017a4                FDCAN1_IT1_IRQHandler
                0x00000000080017a4                TIM1_UP_TIM16_IRQHandler
                0x00000000080017a4                ADC1_2_IRQHandler
                0x00000000080017a4                SPI1_IRQHandler
                0x00000000080017a4                TIM8_UP_IRQHandler
                0x00000000080017a4                DMA2_Channel2_IRQHandler
                0x00000000080017a4                DMA1_Channel4_IRQHandler
                0x00000000080017a4                USART3_IRQHandler
                0x00000000080017a4                TIM4_IRQHandler
                0x00000000080017a4                DMA2_Channel1_IRQHandler
                0x00000000080017a4                I2C1_EV_IRQHandler
                0x00000000080017a4                DMA1_Channel6_IRQHandler
                0x00000000080017a4                UART4_IRQHandler
                0x00000000080017a4                DMA2_Channel4_IRQHandler
                0x00000000080017a4                TIM3_IRQHandler
                0x00000000080017a4                RCC_IRQHandler
                0x00000000080017a4                DMA1_Channel1_IRQHandler
                0x00000000080017a4                Default_Handler
                0x00000000080017a4                RTC_TAMP_LSECSS_IRQHandler
                0x00000000080017a4                FMAC_IRQHandler
                0x00000000080017a4                EXTI15_10_IRQHandler
                0x00000000080017a4                TIM7_IRQHandler
                0x00000000080017a4                UCPD1_IRQHandler
                0x00000000080017a4                I2C3_EV_IRQHandler
                0x00000000080017a4                EXTI9_5_IRQHandler
                0x00000000080017a4                RTC_WKUP_IRQHandler
                0x00000000080017a4                PVD_PVM_IRQHandler
                0x00000000080017a4                SPI2_IRQHandler
                0x00000000080017a4                DMA2_Channel5_IRQHandler
                0x00000000080017a4                CRS_IRQHandler
                0x00000000080017a4                DMA1_Channel5_IRQHandler
                0x00000000080017a4                EXTI4_IRQHandler
                0x00000000080017a4                RNG_IRQHandler
                0x00000000080017a4                TIM1_TRG_COM_TIM17_IRQHandler
                0x00000000080017a4                DMA1_Channel3_IRQHandler
                0x00000000080017a4                WWDG_IRQHandler
                0x00000000080017a4                LPUART1_IRQHandler
                0x00000000080017a4                DMA2_Channel6_IRQHandler
                0x00000000080017a4                FDCAN1_IT0_IRQHandler
                0x00000000080017a4                TIM2_IRQHandler
                0x00000000080017a4                COMP1_2_3_IRQHandler
                0x00000000080017a4                EXTI1_IRQHandler
                0x00000000080017a4                AES_IRQHandler
                0x00000000080017a4                USART2_IRQHandler
                0x00000000080017a4                I2C2_ER_IRQHandler
                0x00000000080017a4                DMA1_Channel2_IRQHandler
                0x00000000080017a4                TIM8_BRK_IRQHandler
                0x00000000080017a4                FLASH_IRQHandler
                0x00000000080017a4                USART1_IRQHandler
                0x00000000080017a4                SPI3_IRQHandler
                0x00000000080017a4                I2C1_ER_IRQHandler
                0x00000000080017a4                LPTIM1_IRQHandler
                0x00000000080017a4                DMAMUX_OVR_IRQHandler
                0x00000000080017a4                USBWakeUp_IRQHandler
                0x00000000080017a4                SAI1_IRQHandler
                0x00000000080017a4                DMA2_Channel3_IRQHandler
                0x00000000080017a4                COMP4_IRQHandler
                0x00000000080017a4                TIM1_BRK_TIM15_IRQHandler
 .text.HAL_Init
                0x00000000080017a6       0x30 ./Drivers/STM32G4xx_HAL_Driver/Src/stm32g4xx_hal.o
                0x00000000080017a6                HAL_Init
 *fill*         0x00000000080017d6        0x2 
 .text.HAL_InitTick
                0x00000000080017d8       0x74 ./Drivers/STM32G4xx_HAL_Driver/Src/stm32g4xx_hal.o
                0x00000000080017d8                HAL_InitTick
 .text.HAL_IncTick
                0x000000000800184c       0x24 ./Drivers/STM32G4xx_HAL_Driver/Src/stm32g4xx_hal.o
                0x000000000800184c                HAL_IncTick
 .text.HAL_GetTick
                0x0000000008001870       0x18 ./Drivers/STM32G4xx_HAL_Driver/Src/stm32g4xx_hal.o
                0x0000000008001870                HAL_GetTick
 .text.HAL_Delay
                0x0000000008001888       0x44 ./Drivers/STM32G4xx_HAL_Driver/Src/stm32g4xx_hal.o
                0x0000000008001888                HAL_Delay
 .text.__NVIC_SetPriorityGrouping
                0x00000000080018cc       0x48 ./Drivers/STM32G4xx_HAL_Driver/Src/stm32g4xx_hal_cortex.o
 .text.__NVIC_GetPriorityGrouping
                0x0000000008001914       0x1c ./Drivers/STM32G4xx_HAL_Driver/Src/stm32g4xx_hal_cortex.o
 .text.__NVIC_EnableIRQ
                0x0000000008001930       0x3c ./Drivers/STM32G4xx_HAL_Driver/Src/stm32g4xx_hal_cortex.o
 .text.__NVIC_SetPriority
                0x000000000800196c       0x54 ./Drivers/STM32G4xx_HAL_Driver/Src/stm32g4xx_hal_cortex.o
 .text.NVIC_EncodePriority
                0x00000000080019c0       0x66 ./Drivers/STM32G4xx_HAL_Driver/Src/stm32g4xx_hal_cortex.o
 *fill*         0x0000000008001a26        0x2 
 .text.SysTick_Config
                0x0000000008001a28       0x44 ./Drivers/STM32G4xx_HAL_Driver/Src/stm32g4xx_hal_cortex.o
 .text.HAL_NVIC_SetPriorityGrouping
                0x0000000008001a6c       0x16 ./Drivers/STM32G4xx_HAL_Driver/Src/stm32g4xx_hal_cortex.o
                0x0000000008001a6c                HAL_NVIC_SetPriorityGrouping
 .text.HAL_NVIC_SetPriority
                0x0000000008001a82       0x34 ./Drivers/STM32G4xx_HAL_Driver/Src/stm32g4xx_hal_cortex.o
                0x0000000008001a82                HAL_NVIC_SetPriority
 .text.HAL_NVIC_EnableIRQ
                0x0000000008001ab6       0x1c ./Drivers/STM32G4xx_HAL_Driver/Src/stm32g4xx_hal_cortex.o
                0x0000000008001ab6                HAL_NVIC_EnableIRQ
 .text.HAL_SYSTICK_Config
                0x0000000008001ad2       0x18 ./Drivers/STM32G4xx_HAL_Driver/Src/stm32g4xx_hal_cortex.o
                0x0000000008001ad2                HAL_SYSTICK_Config
 *fill*         0x0000000008001aea        0x2 
 .text.HAL_GPIO_Init
                0x0000000008001aec      0x304 ./Drivers/STM32G4xx_HAL_Driver/Src/stm32g4xx_hal_gpio.o
                0x0000000008001aec                HAL_GPIO_Init
 .text.HAL_GPIO_ReadPin
                0x0000000008001df0       0x30 ./Drivers/STM32G4xx_HAL_Driver/Src/stm32g4xx_hal_gpio.o
                0x0000000008001df0                HAL_GPIO_ReadPin
 .text.HAL_GPIO_WritePin
                0x0000000008001e20       0x30 ./Drivers/STM32G4xx_HAL_Driver/Src/stm32g4xx_hal_gpio.o
                0x0000000008001e20                HAL_GPIO_WritePin
 .text.HAL_I2C_Init
                0x0000000008001e50      0x11e ./Drivers/STM32G4xx_HAL_Driver/Src/stm32g4xx_hal_i2c.o
                0x0000000008001e50                HAL_I2C_Init
 .text.HAL_I2CEx_ConfigAnalogFilter
                0x0000000008001f6e       0x96 ./Drivers/STM32G4xx_HAL_Driver/Src/stm32g4xx_hal_i2c_ex.o
                0x0000000008001f6e                HAL_I2CEx_ConfigAnalogFilter
 .text.HAL_I2CEx_ConfigDigitalFilter
                0x0000000008002004       0x98 ./Drivers/STM32G4xx_HAL_Driver/Src/stm32g4xx_hal_i2c_ex.o
                0x0000000008002004                HAL_I2CEx_ConfigDigitalFilter
 .text.HAL_PCD_Init
                0x000000000800209c      0x1ca ./Drivers/STM32G4xx_HAL_Driver/Src/stm32g4xx_hal_pcd.o
                0x000000000800209c                HAL_PCD_Init
 .text.HAL_PCD_Start
                0x0000000008002266       0x44 ./Drivers/STM32G4xx_HAL_Driver/Src/stm32g4xx_hal_pcd.o
                0x0000000008002266                HAL_PCD_Start
 .text.HAL_PCD_IRQHandler
                0x00000000080022aa      0x24e ./Drivers/STM32G4xx_HAL_Driver/Src/stm32g4xx_hal_pcd.o
                0x00000000080022aa                HAL_PCD_IRQHandler
 .text.HAL_PCD_SetAddress
                0x00000000080024f8       0x4a ./Drivers/STM32G4xx_HAL_Driver/Src/stm32g4xx_hal_pcd.o
                0x00000000080024f8                HAL_PCD_SetAddress
 .text.HAL_PCD_EP_Open
                0x0000000008002542       0xcc ./Drivers/STM32G4xx_HAL_Driver/Src/stm32g4xx_hal_pcd.o
                0x0000000008002542                HAL_PCD_EP_Open
 .text.HAL_PCD_EP_Close
                0x000000000800260e       0x90 ./Drivers/STM32G4xx_HAL_Driver/Src/stm32g4xx_hal_pcd.o
                0x000000000800260e                HAL_PCD_EP_Close
 .text.HAL_PCD_EP_Receive
                0x000000000800269e       0x7a ./Drivers/STM32G4xx_HAL_Driver/Src/stm32g4xx_hal_pcd.o
                0x000000000800269e                HAL_PCD_EP_Receive
 .text.HAL_PCD_EP_GetRxCount
                0x0000000008002718       0x30 ./Drivers/STM32G4xx_HAL_Driver/Src/stm32g4xx_hal_pcd.o
                0x0000000008002718                HAL_PCD_EP_GetRxCount
 .text.HAL_PCD_EP_Transmit
                0x0000000008002748       0x86 ./Drivers/STM32G4xx_HAL_Driver/Src/stm32g4xx_hal_pcd.o
                0x0000000008002748                HAL_PCD_EP_Transmit
 .text.HAL_PCD_EP_SetStall
                0x00000000080027ce       0xa4 ./Drivers/STM32G4xx_HAL_Driver/Src/stm32g4xx_hal_pcd.o
                0x00000000080027ce                HAL_PCD_EP_SetStall
 .text.HAL_PCD_EP_ClrStall
                0x0000000008002872       0xa8 ./Drivers/STM32G4xx_HAL_Driver/Src/stm32g4xx_hal_pcd.o
                0x0000000008002872                HAL_PCD_EP_ClrStall
 .text.PCD_EP_ISR_Handler
                0x000000000800291a      0x760 ./Drivers/STM32G4xx_HAL_Driver/Src/stm32g4xx_hal_pcd.o
 .text.HAL_PCD_EP_DB_Receive
                0x000000000800307a      0x212 ./Drivers/STM32G4xx_HAL_Driver/Src/stm32g4xx_hal_pcd.o
 .text.HAL_PCD_EP_DB_Transmit
                0x000000000800328c      0x79c ./Drivers/STM32G4xx_HAL_Driver/Src/stm32g4xx_hal_pcd.o
 .text.HAL_PCDEx_PMAConfig
                0x0000000008003a28       0x86 ./Drivers/STM32G4xx_HAL_Driver/Src/stm32g4xx_hal_pcd_ex.o
                0x0000000008003a28                HAL_PCDEx_PMAConfig
 .text.HAL_PCDEx_ActivateLPM
                0x0000000008003aae       0x54 ./Drivers/STM32G4xx_HAL_Driver/Src/stm32g4xx_hal_pcd_ex.o
                0x0000000008003aae                HAL_PCDEx_ActivateLPM
 *fill*         0x0000000008003b02        0x2 
 .text.HAL_PWREx_ControlVoltageScaling
                0x0000000008003b04      0x148 ./Drivers/STM32G4xx_HAL_Driver/Src/stm32g4xx_hal_pwr_ex.o
                0x0000000008003b04                HAL_PWREx_ControlVoltageScaling
 .text.HAL_PWREx_DisableUCPDDeadBattery
                0x0000000008003c4c       0x20 ./Drivers/STM32G4xx_HAL_Driver/Src/stm32g4xx_hal_pwr_ex.o
                0x0000000008003c4c                HAL_PWREx_DisableUCPDDeadBattery
 .text.HAL_RCC_OscConfig
                0x0000000008003c6c      0x630 ./Drivers/STM32G4xx_HAL_Driver/Src/stm32g4xx_hal_rcc.o
                0x0000000008003c6c                HAL_RCC_OscConfig
 .text.HAL_RCC_ClockConfig
                0x000000000800429c      0x278 ./Drivers/STM32G4xx_HAL_Driver/Src/stm32g4xx_hal_rcc.o
                0x000000000800429c                HAL_RCC_ClockConfig
 .text.HAL_RCC_GetSysClockFreq
                0x0000000008004514       0xc4 ./Drivers/STM32G4xx_HAL_Driver/Src/stm32g4xx_hal_rcc.o
                0x0000000008004514                HAL_RCC_GetSysClockFreq
 .text.RCC_GetSysClockFreqFromPLLSource
                0x00000000080045d8       0x8c ./Drivers/STM32G4xx_HAL_Driver/Src/stm32g4xx_hal_rcc.o
 .text.HAL_RCCEx_PeriphCLKConfig
                0x0000000008004664      0x3e0 ./Drivers/STM32G4xx_HAL_Driver/Src/stm32g4xx_hal_rcc_ex.o
                0x0000000008004664                HAL_RCCEx_PeriphCLKConfig
 .text.HAL_TIM_Base_Init
                0x0000000008004a44       0xae ./Drivers/STM32G4xx_HAL_Driver/Src/stm32g4xx_hal_tim.o
                0x0000000008004a44                HAL_TIM_Base_Init
 *fill*         0x0000000008004af2        0x2 
 .text.HAL_TIM_Base_Start_IT
                0x0000000008004af4       0xd4 ./Drivers/STM32G4xx_HAL_Driver/Src/stm32g4xx_hal_tim.o
                0x0000000008004af4                HAL_TIM_Base_Start_IT
 .text.HAL_TIM_PWM_Init
                0x0000000008004bc8       0xae ./Drivers/STM32G4xx_HAL_Driver/Src/stm32g4xx_hal_tim.o
                0x0000000008004bc8                HAL_TIM_PWM_Init
 *fill*         0x0000000008004c76        0x2 
 .text.HAL_TIM_PWM_Start
                0x0000000008004c78      0x200 ./Drivers/STM32G4xx_HAL_Driver/Src/stm32g4xx_hal_tim.o
                0x0000000008004c78                HAL_TIM_PWM_Start
 .text.HAL_TIM_Encoder_Init
                0x0000000008004e78      0x14c ./Drivers/STM32G4xx_HAL_Driver/Src/stm32g4xx_hal_tim.o
                0x0000000008004e78                HAL_TIM_Encoder_Init
 .text.HAL_TIM_Encoder_Start
                0x0000000008004fc4      0x11c ./Drivers/STM32G4xx_HAL_Driver/Src/stm32g4xx_hal_tim.o
                0x0000000008004fc4                HAL_TIM_Encoder_Start
 .text.HAL_TIM_IRQHandler
                0x00000000080050e0      0x2fe ./Drivers/STM32G4xx_HAL_Driver/Src/stm32g4xx_hal_tim.o
                0x00000000080050e0                HAL_TIM_IRQHandler
 *fill*         0x00000000080053de        0x2 
 .text.HAL_TIM_PWM_ConfigChannel
                0x00000000080053e0      0x228 ./Drivers/STM32G4xx_HAL_Driver/Src/stm32g4xx_hal_tim.o
                0x00000000080053e0                HAL_TIM_PWM_ConfigChannel
 .text.HAL_TIM_ConfigClockSource
                0x0000000008005608      0x1f4 ./Drivers/STM32G4xx_HAL_Driver/Src/stm32g4xx_hal_tim.o
                0x0000000008005608                HAL_TIM_ConfigClockSource
 .text.HAL_TIM_OC_DelayElapsedCallback
                0x00000000080057fc       0x14 ./Drivers/STM32G4xx_HAL_Driver/Src/stm32g4xx_hal_tim.o
                0x00000000080057fc                HAL_TIM_OC_DelayElapsedCallback
 .text.HAL_TIM_IC_CaptureCallback
                0x0000000008005810       0x14 ./Drivers/STM32G4xx_HAL_Driver/Src/stm32g4xx_hal_tim.o
                0x0000000008005810                HAL_TIM_IC_CaptureCallback
 .text.HAL_TIM_PWM_PulseFinishedCallback
                0x0000000008005824       0x14 ./Drivers/STM32G4xx_HAL_Driver/Src/stm32g4xx_hal_tim.o
                0x0000000008005824                HAL_TIM_PWM_PulseFinishedCallback
 .text.HAL_TIM_TriggerCallback
                0x0000000008005838       0x14 ./Drivers/STM32G4xx_HAL_Driver/Src/stm32g4xx_hal_tim.o
                0x0000000008005838                HAL_TIM_TriggerCallback
 .text.TIM_Base_SetConfig
                0x000000000800584c      0x120 ./Drivers/STM32G4xx_HAL_Driver/Src/stm32g4xx_hal_tim.o
                0x000000000800584c                TIM_Base_SetConfig
 .text.TIM_OC1_SetConfig
                0x000000000800596c      0x120 ./Drivers/STM32G4xx_HAL_Driver/Src/stm32g4xx_hal_tim.o
 .text.TIM_OC2_SetConfig
                0x0000000008005a8c      0x114 ./Drivers/STM32G4xx_HAL_Driver/Src/stm32g4xx_hal_tim.o
                0x0000000008005a8c                TIM_OC2_SetConfig
 .text.TIM_OC3_SetConfig
                0x0000000008005ba0      0x110 ./Drivers/STM32G4xx_HAL_Driver/Src/stm32g4xx_hal_tim.o
 .text.TIM_OC4_SetConfig
                0x0000000008005cb0      0x114 ./Drivers/STM32G4xx_HAL_Driver/Src/stm32g4xx_hal_tim.o
 .text.TIM_OC5_SetConfig
                0x0000000008005dc4       0xc8 ./Drivers/STM32G4xx_HAL_Driver/Src/stm32g4xx_hal_tim.o
 .text.TIM_OC6_SetConfig
                0x0000000008005e8c       0xcc ./Drivers/STM32G4xx_HAL_Driver/Src/stm32g4xx_hal_tim.o
 .text.TIM_TI1_ConfigInputStage
                0x0000000008005f58       0x5e ./Drivers/STM32G4xx_HAL_Driver/Src/stm32g4xx_hal_tim.o
 .text.TIM_TI2_ConfigInputStage
                0x0000000008005fb6       0x60 ./Drivers/STM32G4xx_HAL_Driver/Src/stm32g4xx_hal_tim.o
 .text.TIM_ITRx_SetConfig
                0x0000000008006016       0x3a ./Drivers/STM32G4xx_HAL_Driver/Src/stm32g4xx_hal_tim.o
 .text.TIM_ETR_SetConfig
                0x0000000008006050       0x40 ./Drivers/STM32G4xx_HAL_Driver/Src/stm32g4xx_hal_tim.o
                0x0000000008006050                TIM_ETR_SetConfig
 .text.TIM_CCxChannelCmd
                0x0000000008006090       0x4a ./Drivers/STM32G4xx_HAL_Driver/Src/stm32g4xx_hal_tim.o
                0x0000000008006090                TIM_CCxChannelCmd
 *fill*         0x00000000080060da        0x2 
 .text.HAL_TIMEx_MasterConfigSynchronization
                0x00000000080060dc      0x104 ./Drivers/STM32G4xx_HAL_Driver/Src/stm32g4xx_hal_tim_ex.o
                0x00000000080060dc                HAL_TIMEx_MasterConfigSynchronization
 .text.HAL_TIMEx_ConfigBreakDeadTime
                0x00000000080061e0      0x140 ./Drivers/STM32G4xx_HAL_Driver/Src/stm32g4xx_hal_tim_ex.o
                0x00000000080061e0                HAL_TIMEx_ConfigBreakDeadTime
 .text.HAL_TIMEx_CommutCallback
                0x0000000008006320       0x14 ./Drivers/STM32G4xx_HAL_Driver/Src/stm32g4xx_hal_tim_ex.o
                0x0000000008006320                HAL_TIMEx_CommutCallback
 .text.HAL_TIMEx_BreakCallback
                0x0000000008006334       0x14 ./Drivers/STM32G4xx_HAL_Driver/Src/stm32g4xx_hal_tim_ex.o
                0x0000000008006334                HAL_TIMEx_BreakCallback
 .text.HAL_TIMEx_Break2Callback
                0x0000000008006348       0x14 ./Drivers/STM32G4xx_HAL_Driver/Src/stm32g4xx_hal_tim_ex.o
                0x0000000008006348                HAL_TIMEx_Break2Callback
 .text.HAL_TIMEx_EncoderIndexCallback
                0x000000000800635c       0x14 ./Drivers/STM32G4xx_HAL_Driver/Src/stm32g4xx_hal_tim_ex.o
                0x000000000800635c                HAL_TIMEx_EncoderIndexCallback
 .text.HAL_TIMEx_DirectionChangeCallback
                0x0000000008006370       0x14 ./Drivers/STM32G4xx_HAL_Driver/Src/stm32g4xx_hal_tim_ex.o
                0x0000000008006370                HAL_TIMEx_DirectionChangeCallback
 .text.HAL_TIMEx_IndexErrorCallback
                0x0000000008006384       0x14 ./Drivers/STM32G4xx_HAL_Driver/Src/stm32g4xx_hal_tim_ex.o
                0x0000000008006384                HAL_TIMEx_IndexErrorCallback
 .text.HAL_TIMEx_TransitionErrorCallback
                0x0000000008006398       0x14 ./Drivers/STM32G4xx_HAL_Driver/Src/stm32g4xx_hal_tim_ex.o
                0x0000000008006398                HAL_TIMEx_TransitionErrorCallback
 .text.USB_EnableGlobalInt
                0x00000000080063ac       0x2e ./Drivers/STM32G4xx_HAL_Driver/Src/stm32g4xx_ll_usb.o
                0x00000000080063ac                USB_EnableGlobalInt
 .text.USB_DisableGlobalInt
                0x00000000080063da       0x36 ./Drivers/STM32G4xx_HAL_Driver/Src/stm32g4xx_ll_usb.o
                0x00000000080063da                USB_DisableGlobalInt
 .text.USB_DevInit
                0x0000000008006410       0x42 ./Drivers/STM32G4xx_HAL_Driver/Src/stm32g4xx_ll_usb.o
                0x0000000008006410                USB_DevInit
 *fill*         0x0000000008006452        0x2 
 .text.USB_ActivateEndpoint
                0x0000000008006454      0x728 ./Drivers/STM32G4xx_HAL_Driver/Src/stm32g4xx_ll_usb.o
                0x0000000008006454                USB_ActivateEndpoint
 .text.USB_DeactivateEndpoint
                0x0000000008006b7c      0x3da ./Drivers/STM32G4xx_HAL_Driver/Src/stm32g4xx_ll_usb.o
                0x0000000008006b7c                USB_DeactivateEndpoint
 .text.USB_EPStartXfer
                0x0000000008006f56     0x11a4 ./Drivers/STM32G4xx_HAL_Driver/Src/stm32g4xx_ll_usb.o
                0x0000000008006f56                USB_EPStartXfer
 .text.USB_EPSetStall
                0x00000000080080fa       0xa2 ./Drivers/STM32G4xx_HAL_Driver/Src/stm32g4xx_ll_usb.o
                0x00000000080080fa                USB_EPSetStall
 .text.USB_EPClearStall
                0x000000000800819c      0x15c ./Drivers/STM32G4xx_HAL_Driver/Src/stm32g4xx_ll_usb.o
                0x000000000800819c                USB_EPClearStall
 .text.USB_SetDevAddress
                0x00000000080082f8       0x28 ./Drivers/STM32G4xx_HAL_Driver/Src/stm32g4xx_ll_usb.o
                0x00000000080082f8                USB_SetDevAddress
 .text.USB_DevConnect
                0x0000000008008320       0x2e ./Drivers/STM32G4xx_HAL_Driver/Src/stm32g4xx_ll_usb.o
                0x0000000008008320                USB_DevConnect
 .text.USB_ReadInterrupts
                0x000000000800834e       0x20 ./Drivers/STM32G4xx_HAL_Driver/Src/stm32g4xx_ll_usb.o
                0x000000000800834e                USB_ReadInterrupts
 .text.USB_WritePMA
                0x000000000800836e       0x84 ./Drivers/STM32G4xx_HAL_Driver/Src/stm32g4xx_ll_usb.o
                0x000000000800836e                USB_WritePMA
 .text.USB_ReadPMA
                0x00000000080083f2       0x98 ./Drivers/STM32G4xx_HAL_Driver/Src/stm32g4xx_ll_usb.o
                0x00000000080083f2                USB_ReadPMA
 .text.USBD_CDC_Init
                0x000000000800848a       0xfe ./Middlewares/ST/STM32_USB_Device_Library/Class/CDC/Src/usbd_cdc.o
 .text.USBD_CDC_DeInit
                0x0000000008008588       0x74 ./Middlewares/ST/STM32_USB_Device_Library/Class/CDC/Src/usbd_cdc.o
 .text.USBD_CDC_Setup
                0x00000000080085fc      0x190 ./Middlewares/ST/STM32_USB_Device_Library/Class/CDC/Src/usbd_cdc.o
 .text.USBD_CDC_DataIn
                0x000000000800878c       0xca ./Middlewares/ST/STM32_USB_Device_Library/Class/CDC/Src/usbd_cdc.o
 .text.USBD_CDC_DataOut
                0x0000000008008856       0x56 ./Middlewares/ST/STM32_USB_Device_Library/Class/CDC/Src/usbd_cdc.o
 .text.USBD_CDC_EP0_RxReady
                0x00000000080088ac       0x5a ./Middlewares/ST/STM32_USB_Device_Library/Class/CDC/Src/usbd_cdc.o
 *fill*         0x0000000008008906        0x2 
 .text.USBD_CDC_GetFSCfgDesc
                0x0000000008008908       0x20 ./Middlewares/ST/STM32_USB_Device_Library/Class/CDC/Src/usbd_cdc.o
 .text.USBD_CDC_GetHSCfgDesc
                0x0000000008008928       0x20 ./Middlewares/ST/STM32_USB_Device_Library/Class/CDC/Src/usbd_cdc.o
 .text.USBD_CDC_GetOtherSpeedCfgDesc
                0x0000000008008948       0x20 ./Middlewares/ST/STM32_USB_Device_Library/Class/CDC/Src/usbd_cdc.o
 .text.USBD_CDC_GetDeviceQualifierDescriptor
                0x0000000008008968       0x20 ./Middlewares/ST/STM32_USB_Device_Library/Class/CDC/Src/usbd_cdc.o
                0x0000000008008968                USBD_CDC_GetDeviceQualifierDescriptor
 .text.USBD_CDC_RegisterInterface
                0x0000000008008988       0x2a ./Middlewares/ST/STM32_USB_Device_Library/Class/CDC/Src/usbd_cdc.o
                0x0000000008008988                USBD_CDC_RegisterInterface
 .text.USBD_CDC_SetTxBuffer
                0x00000000080089b2       0x3c ./Middlewares/ST/STM32_USB_Device_Library/Class/CDC/Src/usbd_cdc.o
                0x00000000080089b2                USBD_CDC_SetTxBuffer
 .text.USBD_CDC_SetRxBuffer
                0x00000000080089ee       0x32 ./Middlewares/ST/STM32_USB_Device_Library/Class/CDC/Src/usbd_cdc.o
                0x00000000080089ee                USBD_CDC_SetRxBuffer
 .text.USBD_CDC_TransmitPacket
                0x0000000008008a20       0x60 ./Middlewares/ST/STM32_USB_Device_Library/Class/CDC/Src/usbd_cdc.o
                0x0000000008008a20                USBD_CDC_TransmitPacket
 .text.USBD_CDC_ReceivePacket
                0x0000000008008a80       0x54 ./Middlewares/ST/STM32_USB_Device_Library/Class/CDC/Src/usbd_cdc.o
                0x0000000008008a80                USBD_CDC_ReceivePacket
 .text.USBD_Init
                0x0000000008008ad4       0x60 ./Middlewares/ST/STM32_USB_Device_Library/Core/Src/usbd_core.o
                0x0000000008008ad4                USBD_Init
 .text.USBD_RegisterClass
                0x0000000008008b34       0x4e ./Middlewares/ST/STM32_USB_Device_Library/Core/Src/usbd_core.o
                0x0000000008008b34                USBD_RegisterClass
 .text.USBD_Start
                0x0000000008008b82       0x18 ./Middlewares/ST/STM32_USB_Device_Library/Core/Src/usbd_core.o
                0x0000000008008b82                USBD_Start
 .text.USBD_RunTestMode
                0x0000000008008b9a       0x16 ./Middlewares/ST/STM32_USB_Device_Library/Core/Src/usbd_core.o
                0x0000000008008b9a                USBD_RunTestMode
 .text.USBD_SetClassConfig
                0x0000000008008bb0       0x38 ./Middlewares/ST/STM32_USB_Device_Library/Core/Src/usbd_core.o
                0x0000000008008bb0                USBD_SetClassConfig
 .text.USBD_ClrClassConfig
                0x0000000008008be8       0x30 ./Middlewares/ST/STM32_USB_Device_Library/Core/Src/usbd_core.o
                0x0000000008008be8                USBD_ClrClassConfig
 .text.USBD_LL_SetupStage
                0x0000000008008c18       0xaa ./Middlewares/ST/STM32_USB_Device_Library/Core/Src/usbd_core.o
                0x0000000008008c18                USBD_LL_SetupStage
 .text.USBD_LL_DataOutStage
                0x0000000008008cc2       0xc6 ./Middlewares/ST/STM32_USB_Device_Library/Core/Src/usbd_core.o
                0x0000000008008cc2                USBD_LL_DataOutStage
 .text.USBD_LL_DataInStage
                0x0000000008008d88      0x12c ./Middlewares/ST/STM32_USB_Device_Library/Core/Src/usbd_core.o
                0x0000000008008d88                USBD_LL_DataInStage
 .text.USBD_LL_Reset
                0x0000000008008eb4       0x9c ./Middlewares/ST/STM32_USB_Device_Library/Core/Src/usbd_core.o
                0x0000000008008eb4                USBD_LL_Reset
 .text.USBD_LL_SetSpeed
                0x0000000008008f50       0x20 ./Middlewares/ST/STM32_USB_Device_Library/Core/Src/usbd_core.o
                0x0000000008008f50                USBD_LL_SetSpeed
 .text.USBD_LL_Suspend
                0x0000000008008f70       0x2c ./Middlewares/ST/STM32_USB_Device_Library/Core/Src/usbd_core.o
                0x0000000008008f70                USBD_LL_Suspend
 .text.USBD_LL_Resume
                0x0000000008008f9c       0x30 ./Middlewares/ST/STM32_USB_Device_Library/Core/Src/usbd_core.o
                0x0000000008008f9c                USBD_LL_Resume
 .text.USBD_LL_SOF
                0x0000000008008fcc       0x44 ./Middlewares/ST/STM32_USB_Device_Library/Core/Src/usbd_core.o
                0x0000000008008fcc                USBD_LL_SOF
 .text.SWAPBYTE
                0x0000000008009010       0x3c ./Middlewares/ST/STM32_USB_Device_Library/Core/Src/usbd_ctlreq.o
 .text.USBD_StdDevReq
                0x000000000800904c       0xdc ./Middlewares/ST/STM32_USB_Device_Library/Core/Src/usbd_ctlreq.o
                0x000000000800904c                USBD_StdDevReq
 .text.USBD_StdItfReq
                0x0000000008009128       0x92 ./Middlewares/ST/STM32_USB_Device_Library/Core/Src/usbd_ctlreq.o
                0x0000000008009128                USBD_StdItfReq
 .text.USBD_StdEPReq
                0x00000000080091ba      0x2c4 ./Middlewares/ST/STM32_USB_Device_Library/Core/Src/usbd_ctlreq.o
                0x00000000080091ba                USBD_StdEPReq
 *fill*         0x000000000800947e        0x2 
 .text.USBD_GetDescriptor
                0x0000000008009480      0x328 ./Middlewares/ST/STM32_USB_Device_Library/Core/Src/usbd_ctlreq.o
 .text.USBD_SetAddress
                0x00000000080097a8       0x88 ./Middlewares/ST/STM32_USB_Device_Library/Core/Src/usbd_ctlreq.o
 .text.USBD_SetConfig
                0x0000000008009830      0x14c ./Middlewares/ST/STM32_USB_Device_Library/Core/Src/usbd_ctlreq.o
 .text.USBD_GetConfig
                0x000000000800997c       0x6c ./Middlewares/ST/STM32_USB_Device_Library/Core/Src/usbd_ctlreq.o
 .text.USBD_GetStatus
                0x00000000080099e8       0x68 ./Middlewares/ST/STM32_USB_Device_Library/Core/Src/usbd_ctlreq.o
 .text.USBD_SetFeature
                0x0000000008009a50       0x28 ./Middlewares/ST/STM32_USB_Device_Library/Core/Src/usbd_ctlreq.o
 .text.USBD_ClrFeature
                0x0000000008009a78       0x44 ./Middlewares/ST/STM32_USB_Device_Library/Core/Src/usbd_ctlreq.o
 .text.USBD_ParseSetupRequest
                0x0000000008009abc       0x74 ./Middlewares/ST/STM32_USB_Device_Library/Core/Src/usbd_ctlreq.o
                0x0000000008009abc                USBD_ParseSetupRequest
 .text.USBD_CtlError
                0x0000000008009b30       0x22 ./Middlewares/ST/STM32_USB_Device_Library/Core/Src/usbd_ctlreq.o
                0x0000000008009b30                USBD_CtlError
 .text.USBD_GetString
                0x0000000008009b52       0x8c ./Middlewares/ST/STM32_USB_Device_Library/Core/Src/usbd_ctlreq.o
                0x0000000008009b52                USBD_GetString
 .text.USBD_GetLen
                0x0000000008009bde       0x34 ./Middlewares/ST/STM32_USB_Device_Library/Core/Src/usbd_ctlreq.o
 .text.USBD_CtlSendData
                0x0000000008009c12       0x36 ./Middlewares/ST/STM32_USB_Device_Library/Core/Src/usbd_ioreq.o
                0x0000000008009c12                USBD_CtlSendData
 .text.USBD_CtlContinueSendData
                0x0000000008009c48       0x22 ./Middlewares/ST/STM32_USB_Device_Library/Core/Src/usbd_ioreq.o
                0x0000000008009c48                USBD_CtlContinueSendData
 .text.USBD_CtlPrepareRx
                0x0000000008009c6a       0x3a ./Middlewares/ST/STM32_USB_Device_Library/Core/Src/usbd_ioreq.o
                0x0000000008009c6a                USBD_CtlPrepareRx
 .text.USBD_CtlContinueRx
                0x0000000008009ca4       0x22 ./Middlewares/ST/STM32_USB_Device_Library/Core/Src/usbd_ioreq.o
                0x0000000008009ca4                USBD_CtlContinueRx
 .text.USBD_CtlSendStatus
                0x0000000008009cc6       0x26 ./Middlewares/ST/STM32_USB_Device_Library/Core/Src/usbd_ioreq.o
                0x0000000008009cc6                USBD_CtlSendStatus
 .text.USBD_CtlReceiveStatus
                0x0000000008009cec       0x26 ./Middlewares/ST/STM32_USB_Device_Library/Core/Src/usbd_ioreq.o
                0x0000000008009cec                USBD_CtlReceiveStatus
 *fill*         0x0000000008009d12        0x2 
 .text.MX_USB_Device_Init
                0x0000000008009d14       0x60 ./USB_Device/App/usb_device.o
                0x0000000008009d14                MX_USB_Device_Init
 .text.CDC_Init_FS
                0x0000000008009d74       0x28 ./USB_Device/App/usbd_cdc_if.o
 .text.CDC_DeInit_FS
                0x0000000008009d9c       0x10 ./USB_Device/App/usbd_cdc_if.o
 .text.CDC_Control_FS
                0x0000000008009dac       0xbc ./USB_Device/App/usbd_cdc_if.o
 .text.CDC_Receive_FS
                0x0000000008009e68       0x30 ./USB_Device/App/usbd_cdc_if.o
 .text.CDC_Transmit_FS
                0x0000000008009e98       0x4c ./USB_Device/App/usbd_cdc_if.o
                0x0000000008009e98                CDC_Transmit_FS
 .text.CDC_TransmitCplt_FS
                0x0000000008009ee4       0x22 ./USB_Device/App/usbd_cdc_if.o
 *fill*         0x0000000008009f06        0x2 
 .text.USBD_CDC_DeviceDescriptor
                0x0000000008009f08       0x24 ./USB_Device/App/usbd_desc.o
                0x0000000008009f08                USBD_CDC_DeviceDescriptor
 .text.USBD_CDC_LangIDStrDescriptor
                0x0000000008009f2c       0x24 ./USB_Device/App/usbd_desc.o
                0x0000000008009f2c                USBD_CDC_LangIDStrDescriptor
 .text.USBD_CDC_ProductStrDescriptor
                0x0000000008009f50       0x3c ./USB_Device/App/usbd_desc.o
                0x0000000008009f50                USBD_CDC_ProductStrDescriptor
 .text.USBD_CDC_ManufacturerStrDescriptor
                0x0000000008009f8c       0x28 ./USB_Device/App/usbd_desc.o
                0x0000000008009f8c                USBD_CDC_ManufacturerStrDescriptor
 .text.USBD_CDC_SerialStrDescriptor
                0x0000000008009fb4       0x24 ./USB_Device/App/usbd_desc.o
                0x0000000008009fb4                USBD_CDC_SerialStrDescriptor
 .text.USBD_CDC_ConfigStrDescriptor
                0x0000000008009fd8       0x3c ./USB_Device/App/usbd_desc.o
                0x0000000008009fd8                USBD_CDC_ConfigStrDescriptor
 .text.USBD_CDC_InterfaceStrDescriptor
                0x000000000800a014       0x3c ./USB_Device/App/usbd_desc.o
                0x000000000800a014                USBD_CDC_InterfaceStrDescriptor
 .text.Get_SerialNum
                0x000000000800a050       0x58 ./USB_Device/App/usbd_desc.o
 .text.IntToUnicode
                0x000000000800a0a8       0x7e ./USB_Device/App/usbd_desc.o
 *fill*         0x000000000800a126        0x2 
 .text.HAL_PCD_MspInit
                0x000000000800a128       0x78 ./USB_Device/Target/usbd_conf.o
                0x000000000800a128                HAL_PCD_MspInit
 .text.HAL_PCD_SetupStageCallback
                0x000000000800a1a0       0x24 ./USB_Device/Target/usbd_conf.o
                0x000000000800a1a0                HAL_PCD_SetupStageCallback
 .text.HAL_PCD_DataOutStageCallback
                0x000000000800a1c4       0x36 ./USB_Device/Target/usbd_conf.o
                0x000000000800a1c4                HAL_PCD_DataOutStageCallback
 .text.HAL_PCD_DataInStageCallback
                0x000000000800a1fa       0x34 ./USB_Device/Target/usbd_conf.o
                0x000000000800a1fa                HAL_PCD_DataInStageCallback
 .text.HAL_PCD_SOFCallback
                0x000000000800a22e       0x1c ./USB_Device/Target/usbd_conf.o
                0x000000000800a22e                HAL_PCD_SOFCallback
 .text.HAL_PCD_ResetCallback
                0x000000000800a24a       0x3c ./USB_Device/Target/usbd_conf.o
                0x000000000800a24a                HAL_PCD_ResetCallback
 *fill*         0x000000000800a286        0x2 
 .text.HAL_PCD_SuspendCallback
                0x000000000800a288       0x34 ./USB_Device/Target/usbd_conf.o
                0x000000000800a288                HAL_PCD_SuspendCallback
 .text.HAL_PCD_ResumeCallback
                0x000000000800a2bc       0x38 ./USB_Device/Target/usbd_conf.o
                0x000000000800a2bc                HAL_PCD_ResumeCallback
 .text.USBD_LL_Init
                0x000000000800a2f4       0xc0 ./USB_Device/Target/usbd_conf.o
                0x000000000800a2f4                USBD_LL_Init
 .text.USBD_LL_Start
                0x000000000800a3b4       0x36 ./USB_Device/Target/usbd_conf.o
                0x000000000800a3b4                USBD_LL_Start
 .text.USBD_LL_OpenEP
                0x000000000800a3ea       0x4c ./USB_Device/Target/usbd_conf.o
                0x000000000800a3ea                USBD_LL_OpenEP
 .text.USBD_LL_CloseEP
                0x000000000800a436       0x3e ./USB_Device/Target/usbd_conf.o
                0x000000000800a436                USBD_LL_CloseEP
 .text.USBD_LL_StallEP
                0x000000000800a474       0x3e ./USB_Device/Target/usbd_conf.o
                0x000000000800a474                USBD_LL_StallEP
 .text.USBD_LL_ClearStallEP
                0x000000000800a4b2       0x3e ./USB_Device/Target/usbd_conf.o
                0x000000000800a4b2                USBD_LL_ClearStallEP
 .text.USBD_LL_IsStallEP
                0x000000000800a4f0       0x5a ./USB_Device/Target/usbd_conf.o
                0x000000000800a4f0                USBD_LL_IsStallEP
 .text.USBD_LL_SetUSBAddress
                0x000000000800a54a       0x3e ./USB_Device/Target/usbd_conf.o
                0x000000000800a54a                USBD_LL_SetUSBAddress
 .text.USBD_LL_Transmit
                0x000000000800a588       0x42 ./USB_Device/Target/usbd_conf.o
                0x000000000800a588                USBD_LL_Transmit
 .text.USBD_LL_PrepareReceive
                0x000000000800a5ca       0x42 ./USB_Device/Target/usbd_conf.o
                0x000000000800a5ca                USBD_LL_PrepareReceive
 .text.USBD_LL_GetRxDataSize
                0x000000000800a60c       0x26 ./USB_Device/Target/usbd_conf.o
                0x000000000800a60c                USBD_LL_GetRxDataSize
 *fill*         0x000000000800a632        0x2 
 .text.HAL_PCDEx_LPM_Callback
                0x000000000800a634       0x6c ./USB_Device/Target/usbd_conf.o
                0x000000000800a634                HAL_PCDEx_LPM_Callback
 .text.USBD_static_malloc
                0x000000000800a6a0       0x1c ./USB_Device/Target/usbd_conf.o
                0x000000000800a6a0                USBD_static_malloc
 .text.USBD_static_free
                0x000000000800a6bc       0x14 ./USB_Device/Target/usbd_conf.o
                0x000000000800a6bc                USBD_static_free
 .text.SystemClockConfig_Resume
                0x000000000800a6d0        0xc ./USB_Device/Target/usbd_conf.o
 .text.USBD_Get_USB_Status
                0x000000000800a6dc       0x58 ./USB_Device/Target/usbd_conf.o
 .text.__libc_init_array
                0x000000000800a734       0x48 /opt/st/stm32cubeide_1.7.0/plugins/com.st.stm32cube.ide.mcu.externaltools.gnu-tools-for-stm32.9-2020-q2-update.linux64_2.0.0.202105311346/tools/bin/../lib/gcc/arm-none-eabi/9.3.1/../../../../arm-none-eabi/lib/thumb/v7e-m+fp/hard/libc_nano.a(lib_a-init.o)
                0x000000000800a734                __libc_init_array
 .text.memcpy   0x000000000800a77c       0x1c /opt/st/stm32cubeide_1.7.0/plugins/com.st.stm32cube.ide.mcu.externaltools.gnu-tools-for-stm32.9-2020-q2-update.linux64_2.0.0.202105311346/tools/bin/../lib/gcc/arm-none-eabi/9.3.1/../../../../arm-none-eabi/lib/thumb/v7e-m+fp/hard/libc_nano.a(lib_a-memcpy-stub.o)
                0x000000000800a77c                memcpy
 .text.memset   0x000000000800a798       0x10 /opt/st/stm32cubeide_1.7.0/plugins/com.st.stm32cube.ide.mcu.externaltools.gnu-tools-for-stm32.9-2020-q2-update.linux64_2.0.0.202105311346/tools/bin/../lib/gcc/arm-none-eabi/9.3.1/../../../../arm-none-eabi/lib/thumb/v7e-m+fp/hard/libc_nano.a(lib_a-memset.o)
                0x000000000800a798                memset
 *(.glue_7)
 .glue_7        0x000000000800a7a8        0x0 linker stubs
 *(.glue_7t)
 .glue_7t       0x000000000800a7a8        0x0 linker stubs
 *(.eh_frame)
 .eh_frame      0x000000000800a7a8        0x0 /opt/st/stm32cubeide_1.7.0/plugins/com.st.stm32cube.ide.mcu.externaltools.gnu-tools-for-stm32.9-2020-q2-update.linux64_2.0.0.202105311346/tools/bin/../lib/gcc/arm-none-eabi/9.3.1/thumb/v7e-m+fp/hard/crtbegin.o
 *(.init)
 .init          0x000000000800a7a8        0x4 /opt/st/stm32cubeide_1.7.0/plugins/com.st.stm32cube.ide.mcu.externaltools.gnu-tools-for-stm32.9-2020-q2-update.linux64_2.0.0.202105311346/tools/bin/../lib/gcc/arm-none-eabi/9.3.1/thumb/v7e-m+fp/hard/crti.o
                0x000000000800a7a8                _init
 .init          0x000000000800a7ac        0x8 /opt/st/stm32cubeide_1.7.0/plugins/com.st.stm32cube.ide.mcu.externaltools.gnu-tools-for-stm32.9-2020-q2-update.linux64_2.0.0.202105311346/tools/bin/../lib/gcc/arm-none-eabi/9.3.1/thumb/v7e-m+fp/hard/crtn.o
 *(.fini)
 .fini          0x000000000800a7b4        0x4 /opt/st/stm32cubeide_1.7.0/plugins/com.st.stm32cube.ide.mcu.externaltools.gnu-tools-for-stm32.9-2020-q2-update.linux64_2.0.0.202105311346/tools/bin/../lib/gcc/arm-none-eabi/9.3.1/thumb/v7e-m+fp/hard/crti.o
                0x000000000800a7b4                _fini
 .fini          0x000000000800a7b8        0x8 /opt/st/stm32cubeide_1.7.0/plugins/com.st.stm32cube.ide.mcu.externaltools.gnu-tools-for-stm32.9-2020-q2-update.linux64_2.0.0.202105311346/tools/bin/../lib/gcc/arm-none-eabi/9.3.1/thumb/v7e-m+fp/hard/crtn.o
                0x000000000800a7c0                . = ALIGN (0x4)
                0x000000000800a7c0                _etext = .

.vfp11_veneer   0x000000000800a7c0        0x0
 .vfp11_veneer  0x000000000800a7c0        0x0 linker stubs

.v4_bx          0x000000000800a7c0        0x0
 .v4_bx         0x000000000800a7c0        0x0 linker stubs

.iplt           0x000000000800a7c0        0x0
 .iplt          0x000000000800a7c0        0x0 /opt/st/stm32cubeide_1.7.0/plugins/com.st.stm32cube.ide.mcu.externaltools.gnu-tools-for-stm32.9-2020-q2-update.linux64_2.0.0.202105311346/tools/bin/../lib/gcc/arm-none-eabi/9.3.1/thumb/v7e-m+fp/hard/crtbegin.o

.rodata         0x000000000800a7c0       0x58
                0x000000000800a7c0                . = ALIGN (0x4)
 *(.rodata)
 .rodata        0x000000000800a7c0       0x46 ./USB_Device/App/usbd_desc.o
 *(.rodata*)
 *fill*         0x000000000800a806        0x2 
 .rodata.AHBPrescTable
                0x000000000800a808       0x10 ./Core/Src/system_stm32g4xx.o
                0x000000000800a808                AHBPrescTable
                0x000000000800a818                . = ALIGN (0x4)

.rel.dyn        0x000000000800a818        0x0
 .rel.iplt      0x000000000800a818        0x0 /opt/st/stm32cubeide_1.7.0/plugins/com.st.stm32cube.ide.mcu.externaltools.gnu-tools-for-stm32.9-2020-q2-update.linux64_2.0.0.202105311346/tools/bin/../lib/gcc/arm-none-eabi/9.3.1/thumb/v7e-m+fp/hard/crtbegin.o

.ARM.extab      0x000000000800a818        0x0
                0x000000000800a818                . = ALIGN (0x4)
 *(.ARM.extab* .gnu.linkonce.armextab.*)
                0x000000000800a818                . = ALIGN (0x4)

.ARM            0x000000000800a818        0x0
                0x000000000800a818                . = ALIGN (0x4)
                0x000000000800a818                __exidx_start = .
 *(.ARM.exidx*)
                0x000000000800a818                __exidx_end = .
                0x000000000800a818                . = ALIGN (0x4)

.preinit_array  0x000000000800a818        0x0
                0x000000000800a818                . = ALIGN (0x4)
                0x000000000800a818                PROVIDE (__preinit_array_start = .)
 *(.preinit_array*)
                0x000000000800a818                PROVIDE (__preinit_array_end = .)
                0x000000000800a818                . = ALIGN (0x4)

.init_array     0x000000000800a818        0x4
                0x000000000800a818                . = ALIGN (0x4)
                0x000000000800a818                PROVIDE (__init_array_start = .)
 *(SORT_BY_NAME(.init_array.*))
 *(.init_array*)
 .init_array    0x000000000800a818        0x4 /opt/st/stm32cubeide_1.7.0/plugins/com.st.stm32cube.ide.mcu.externaltools.gnu-tools-for-stm32.9-2020-q2-update.linux64_2.0.0.202105311346/tools/bin/../lib/gcc/arm-none-eabi/9.3.1/thumb/v7e-m+fp/hard/crtbegin.o
                0x000000000800a81c                PROVIDE (__init_array_end = .)
                0x000000000800a81c                . = ALIGN (0x4)

.fini_array     0x000000000800a81c        0x4
                0x000000000800a81c                . = ALIGN (0x4)
                [!provide]                        PROVIDE (__fini_array_start = .)
 *(SORT_BY_NAME(.fini_array.*))
 *(.fini_array*)
 .fini_array    0x000000000800a81c        0x4 /opt/st/stm32cubeide_1.7.0/plugins/com.st.stm32cube.ide.mcu.externaltools.gnu-tools-for-stm32.9-2020-q2-update.linux64_2.0.0.202105311346/tools/bin/../lib/gcc/arm-none-eabi/9.3.1/thumb/v7e-m+fp/hard/crtbegin.o
                [!provide]                        PROVIDE (__fini_array_end = .)
                0x000000000800a820                . = ALIGN (0x4)
                0x000000000800a820                _sidata = LOADADDR (.data)

.data           0x0000000020000000      0x1a0 load address 0x000000000800a820
                0x0000000020000000                . = ALIGN (0x4)
                0x0000000020000000                _sdata = .
 *(.data)
 *(.data*)
 .data.command  0x0000000020000000       0x10 ./Core/Src/main.o
                0x0000000020000000                command
 .data.feedback
                0x0000000020000010        0xa ./Core/Src/main.o
                0x0000000020000010                feedback
 *fill*         0x000000002000001a        0x2 
 .data.SystemCoreClock
                0x000000002000001c        0x4 ./Core/Src/system_stm32g4xx.o
                0x000000002000001c                SystemCoreClock
 .data.uwTickPrio
                0x0000000020000020        0x4 ./Drivers/STM32G4xx_HAL_Driver/Src/stm32g4xx_hal.o
                0x0000000020000020                uwTickPrio
 .data.uwTickFreq
                0x0000000020000024        0x4 ./Drivers/STM32G4xx_HAL_Driver/Src/stm32g4xx_hal.o
                0x0000000020000024                uwTickFreq
 .data.USBD_CDC_DeviceQualifierDesc
                0x0000000020000028        0xa ./Middlewares/ST/STM32_USB_Device_Library/Class/CDC/Src/usbd_cdc.o
 *fill*         0x0000000020000032        0x2 
 .data.USBD_CDC
                0x0000000020000034       0x38 ./Middlewares/ST/STM32_USB_Device_Library/Class/CDC/Src/usbd_cdc.o
                0x0000000020000034                USBD_CDC
 .data.USBD_CDC_CfgHSDesc
                0x000000002000006c       0x43 ./Middlewares/ST/STM32_USB_Device_Library/Class/CDC/Src/usbd_cdc.o
 *fill*         0x00000000200000af        0x1 
 .data.USBD_CDC_CfgFSDesc
                0x00000000200000b0       0x43 ./Middlewares/ST/STM32_USB_Device_Library/Class/CDC/Src/usbd_cdc.o
 *fill*         0x00000000200000f3        0x1 
 .data.USBD_CDC_OtherSpeedCfgDesc
                0x00000000200000f4       0x43 ./Middlewares/ST/STM32_USB_Device_Library/Class/CDC/Src/usbd_cdc.o
 *fill*         0x0000000020000137        0x1 
 .data.USBD_Interface_fops_FS
                0x0000000020000138       0x14 ./USB_Device/App/usbd_cdc_if.o
                0x0000000020000138                USBD_Interface_fops_FS
 .data.CDC_Desc
                0x000000002000014c       0x20 ./USB_Device/App/usbd_desc.o
                0x000000002000014c                CDC_Desc
 .data.USBD_CDC_DeviceDesc
                0x000000002000016c       0x12 ./USB_Device/App/usbd_desc.o
                0x000000002000016c                USBD_CDC_DeviceDesc
 *fill*         0x000000002000017e        0x2 
 .data.USBD_LangIDDesc
                0x0000000020000180        0x4 ./USB_Device/App/usbd_desc.o
                0x0000000020000180                USBD_LangIDDesc
 .data.USBD_StringSerial
                0x0000000020000184       0x1a ./USB_Device/App/usbd_desc.o
                0x0000000020000184                USBD_StringSerial
 *(.RamFunc)
 *(.RamFunc*)
                0x00000000200001a0                . = ALIGN (0x4)
 *fill*         0x000000002000019e        0x2 
                0x00000000200001a0                _edata = .

.igot.plt       0x00000000200001a0        0x0 load address 0x000000000800a9c0
 .igot.plt      0x00000000200001a0        0x0 /opt/st/stm32cubeide_1.7.0/plugins/com.st.stm32cube.ide.mcu.externaltools.gnu-tools-for-stm32.9-2020-q2-update.linux64_2.0.0.202105311346/tools/bin/../lib/gcc/arm-none-eabi/9.3.1/thumb/v7e-m+fp/hard/crtbegin.o
                0x00000000200001a0                . = ALIGN (0x4)

.bss            0x00000000200001a0     0x150c load address 0x000000000800a9c0
                0x00000000200001a0                _sbss = .
                0x00000000200001a0                __bss_start__ = _sbss
 *(.bss)
 .bss           0x00000000200001a0       0x1c /opt/st/stm32cubeide_1.7.0/plugins/com.st.stm32cube.ide.mcu.externaltools.gnu-tools-for-stm32.9-2020-q2-update.linux64_2.0.0.202105311346/tools/bin/../lib/gcc/arm-none-eabi/9.3.1/thumb/v7e-m+fp/hard/crtbegin.o
 *(.bss*)
 .bss.Lpos_M1   0x00000000200001bc        0x4 ./Core/Src/main.o
                0x00000000200001bc                Lpos_M1
 .bss.Lpos_M2   0x00000000200001c0        0x4 ./Core/Src/main.o
                0x00000000200001c0                Lpos_M2
 .bss.Lpos_M3   0x00000000200001c4        0x4 ./Core/Src/main.o
                0x00000000200001c4                Lpos_M3
 .bss.tgt_M1    0x00000000200001c8        0x4 ./Core/Src/main.o
                0x00000000200001c8                tgt_M1
 .bss.tgt_M2    0x00000000200001cc        0x4 ./Core/Src/main.o
                0x00000000200001cc                tgt_M2
 .bss.tgt_M3    0x00000000200001d0        0x4 ./Core/Src/main.o
                0x00000000200001d0                tgt_M3
 .bss.integral_M1
                0x00000000200001d4        0x4 ./Core/Src/main.o
                0x00000000200001d4                integral_M1
 .bss.integral_M2
                0x00000000200001d8        0x4 ./Core/Src/main.o
                0x00000000200001d8                integral_M2
 .bss.integral_M3
                0x00000000200001dc        0x4 ./Core/Src/main.o
                0x00000000200001dc                integral_M3
 .bss.last_err_M1
                0x00000000200001e0        0x4 ./Core/Src/main.o
                0x00000000200001e0                last_err_M1
 .bss.last_err_M2
                0x00000000200001e4        0x4 ./Core/Src/main.o
                0x00000000200001e4                last_err_M2
 .bss.last_err_M3
                0x00000000200001e8        0x4 ./Core/Src/main.o
                0x00000000200001e8                last_err_M3
 .bss.thrower_speed
                0x00000000200001ec        0x4 ./Core/Src/main.o
                0x00000000200001ec                thrower_speed
 .bss.grabber_on
                0x00000000200001f0        0x1 ./Core/Src/main.o
                0x00000000200001f0                grabber_on
 .bss.thrower   0x00000000200001f1        0x1 ./Core/Src/main.o
                0x00000000200001f1                thrower
 .bss.safety_iters
                0x00000000200001f2        0x1 ./Core/Src/main.o
                0x00000000200001f2                safety_iters
 *fill*         0x00000000200001f3        0x1 
 .bss.return_M1
                0x00000000200001f4        0x2 ./Core/Src/main.o
                0x00000000200001f4                return_M1
 .bss.return_M2
                0x00000000200001f6        0x2 ./Core/Src/main.o
                0x00000000200001f6                return_M2
 .bss.return_M3
                0x00000000200001f8        0x2 ./Core/Src/main.o
                0x00000000200001f8                return_M3
 .bss.isCommandReceived
                0x00000000200001fa        0x1 ./Core/Src/main.o
                0x00000000200001fa                isCommandReceived
 .bss.cfgidx.10914
                0x00000000200001fb        0x1 ./Middlewares/ST/STM32_USB_Device_Library/Core/Src/usbd_ctlreq.o
 .bss.mem.10993
                0x00000000200001fc      0x220 ./USB_Device/Target/usbd_conf.o
 *(COMMON)
 COMMON         0x000000002000041c      0x2f8 ./Core/Src/main.o
                0x000000002000041c                hi2c3
                0x0000000020000468                htim8
                0x00000000200004b4                htim4
                0x0000000020000500                htim15
                0x000000002000054c                htim17
                0x0000000020000598                htim3
                0x00000000200005e4                htim6
                0x0000000020000630                htim1
                0x000000002000067c                htim2
                0x00000000200006c8                htim16
 COMMON         0x0000000020000714        0x4 ./Drivers/STM32G4xx_HAL_Driver/Src/stm32g4xx_hal.o
                0x0000000020000714                uwTick
 COMMON         0x0000000020000718      0x2d0 ./USB_Device/App/usb_device.o
                0x0000000020000718                hUsbDeviceFS
 COMMON         0x00000000200009e8      0x7d0 ./USB_Device/App/usbd_cdc_if.o
                0x00000000200009e8                UserRxBufferFS
                0x0000000020000dd0                UserTxBufferFS
 COMMON         0x00000000200011b8      0x200 ./USB_Device/App/usbd_desc.o
                0x00000000200011b8                USBD_StrDesc
 COMMON         0x00000000200013b8      0x2f4 ./USB_Device/Target/usbd_conf.o
                0x00000000200013b8                hpcd_USB_FS
                0x00000000200016ac                . = ALIGN (0x4)
                0x00000000200016ac                _ebss = .
                0x00000000200016ac                __bss_end__ = _ebss

._user_heap_stack
                0x00000000200016ac      0x604 load address 0x000000000800a9c0
                0x00000000200016b0                . = ALIGN (0x8)
 *fill*         0x00000000200016ac        0x4 
                [!provide]                        PROVIDE (end = .)
                0x00000000200016b0                PROVIDE (_end = .)
                0x00000000200018b0                . = (. + _Min_Heap_Size)
 *fill*         0x00000000200016b0      0x200 
                0x0000000020001cb0                . = (. + _Min_Stack_Size)
 *fill*         0x00000000200018b0      0x400 
                0x0000000020001cb0                . = ALIGN (0x8)

/DISCARD/
 libc.a(*)
 libm.a(*)
 libgcc.a(*)

.ARM.attributes
                0x0000000000000000       0x30
 *(.ARM.attributes)
 .ARM.attributes
                0x0000000000000000       0x1e /opt/st/stm32cubeide_1.7.0/plugins/com.st.stm32cube.ide.mcu.externaltools.gnu-tools-for-stm32.9-2020-q2-update.linux64_2.0.0.202105311346/tools/bin/../lib/gcc/arm-none-eabi/9.3.1/thumb/v7e-m+fp/hard/crti.o
 .ARM.attributes
                0x000000000000001e       0x34 /opt/st/stm32cubeide_1.7.0/plugins/com.st.stm32cube.ide.mcu.externaltools.gnu-tools-for-stm32.9-2020-q2-update.linux64_2.0.0.202105311346/tools/bin/../lib/gcc/arm-none-eabi/9.3.1/thumb/v7e-m+fp/hard/crtbegin.o
 .ARM.attributes
                0x0000000000000052       0x34 ./Core/Src/main.o
 .ARM.attributes
                0x0000000000000086       0x34 ./Core/Src/stm32g4xx_hal_msp.o
 .ARM.attributes
                0x00000000000000ba       0x34 ./Core/Src/stm32g4xx_it.o
 .ARM.attributes
                0x00000000000000ee       0x34 ./Core/Src/system_stm32g4xx.o
 .ARM.attributes
                0x0000000000000122       0x21 ./Core/Startup/startup_stm32g441kbtx.o
 .ARM.attributes
                0x0000000000000143       0x34 ./Drivers/STM32G4xx_HAL_Driver/Src/stm32g4xx_hal.o
 .ARM.attributes
                0x0000000000000177       0x34 ./Drivers/STM32G4xx_HAL_Driver/Src/stm32g4xx_hal_cortex.o
 .ARM.attributes
                0x00000000000001ab       0x34 ./Drivers/STM32G4xx_HAL_Driver/Src/stm32g4xx_hal_gpio.o
 .ARM.attributes
                0x00000000000001df       0x34 ./Drivers/STM32G4xx_HAL_Driver/Src/stm32g4xx_hal_i2c.o
 .ARM.attributes
                0x0000000000000213       0x34 ./Drivers/STM32G4xx_HAL_Driver/Src/stm32g4xx_hal_i2c_ex.o
 .ARM.attributes
                0x0000000000000247       0x34 ./Drivers/STM32G4xx_HAL_Driver/Src/stm32g4xx_hal_pcd.o
 .ARM.attributes
                0x000000000000027b       0x34 ./Drivers/STM32G4xx_HAL_Driver/Src/stm32g4xx_hal_pcd_ex.o
 .ARM.attributes
                0x00000000000002af       0x34 ./Drivers/STM32G4xx_HAL_Driver/Src/stm32g4xx_hal_pwr_ex.o
 .ARM.attributes
                0x00000000000002e3       0x34 ./Drivers/STM32G4xx_HAL_Driver/Src/stm32g4xx_hal_rcc.o
 .ARM.attributes
                0x0000000000000317       0x34 ./Drivers/STM32G4xx_HAL_Driver/Src/stm32g4xx_hal_rcc_ex.o
 .ARM.attributes
                0x000000000000034b       0x34 ./Drivers/STM32G4xx_HAL_Driver/Src/stm32g4xx_hal_tim.o
 .ARM.attributes
                0x000000000000037f       0x34 ./Drivers/STM32G4xx_HAL_Driver/Src/stm32g4xx_hal_tim_ex.o
 .ARM.attributes
                0x00000000000003b3       0x34 ./Drivers/STM32G4xx_HAL_Driver/Src/stm32g4xx_ll_usb.o
 .ARM.attributes
                0x00000000000003e7       0x34 ./Middlewares/ST/STM32_USB_Device_Library/Class/CDC/Src/usbd_cdc.o
 .ARM.attributes
                0x000000000000041b       0x34 ./Middlewares/ST/STM32_USB_Device_Library/Core/Src/usbd_core.o
 .ARM.attributes
                0x000000000000044f       0x34 ./Middlewares/ST/STM32_USB_Device_Library/Core/Src/usbd_ctlreq.o
 .ARM.attributes
                0x0000000000000483       0x34 ./Middlewares/ST/STM32_USB_Device_Library/Core/Src/usbd_ioreq.o
 .ARM.attributes
                0x00000000000004b7       0x34 ./USB_Device/App/usb_device.o
 .ARM.attributes
                0x00000000000004eb       0x34 ./USB_Device/App/usbd_cdc_if.o
 .ARM.attributes
                0x000000000000051f       0x34 ./USB_Device/App/usbd_desc.o
 .ARM.attributes
                0x0000000000000553       0x34 ./USB_Device/Target/usbd_conf.o
 .ARM.attributes
                0x0000000000000587       0x34 /opt/st/stm32cubeide_1.7.0/plugins/com.st.stm32cube.ide.mcu.externaltools.gnu-tools-for-stm32.9-2020-q2-update.linux64_2.0.0.202105311346/tools/bin/../lib/gcc/arm-none-eabi/9.3.1/../../../../arm-none-eabi/lib/thumb/v7e-m+fp/hard/libc_nano.a(lib_a-init.o)
 .ARM.attributes
                0x00000000000005bb       0x34 /opt/st/stm32cubeide_1.7.0/plugins/com.st.stm32cube.ide.mcu.externaltools.gnu-tools-for-stm32.9-2020-q2-update.linux64_2.0.0.202105311346/tools/bin/../lib/gcc/arm-none-eabi/9.3.1/../../../../arm-none-eabi/lib/thumb/v7e-m+fp/hard/libc_nano.a(lib_a-memcpy-stub.o)
 .ARM.attributes
                0x00000000000005ef       0x34 /opt/st/stm32cubeide_1.7.0/plugins/com.st.stm32cube.ide.mcu.externaltools.gnu-tools-for-stm32.9-2020-q2-update.linux64_2.0.0.202105311346/tools/bin/../lib/gcc/arm-none-eabi/9.3.1/../../../../arm-none-eabi/lib/thumb/v7e-m+fp/hard/libc_nano.a(lib_a-memset.o)
 .ARM.attributes
                0x0000000000000623       0x1e /opt/st/stm32cubeide_1.7.0/plugins/com.st.stm32cube.ide.mcu.externaltools.gnu-tools-for-stm32.9-2020-q2-update.linux64_2.0.0.202105311346/tools/bin/../lib/gcc/arm-none-eabi/9.3.1/thumb/v7e-m+fp/hard/crtn.o
OUTPUT(TLO_Rock_PCB_Firmware.elf elf32-littlearm)
LOAD linker stubs
LOAD /opt/st/stm32cubeide_1.7.0/plugins/com.st.stm32cube.ide.mcu.externaltools.gnu-tools-for-stm32.9-2020-q2-update.linux64_2.0.0.202105311346/tools/bin/../lib/gcc/arm-none-eabi/9.3.1/../../../../arm-none-eabi/lib/thumb/v7e-m+fp/hard/libc.a
LOAD /opt/st/stm32cubeide_1.7.0/plugins/com.st.stm32cube.ide.mcu.externaltools.gnu-tools-for-stm32.9-2020-q2-update.linux64_2.0.0.202105311346/tools/bin/../lib/gcc/arm-none-eabi/9.3.1/../../../../arm-none-eabi/lib/thumb/v7e-m+fp/hard/libm.a
LOAD /opt/st/stm32cubeide_1.7.0/plugins/com.st.stm32cube.ide.mcu.externaltools.gnu-tools-for-stm32.9-2020-q2-update.linux64_2.0.0.202105311346/tools/bin/../lib/gcc/arm-none-eabi/9.3.1/thumb/v7e-m+fp/hard/libgcc.a

.debug_info     0x0000000000000000    0x20b15
 .debug_info    0x0000000000000000     0x2a07 ./Core/Src/main.o
 .debug_info    0x0000000000002a07     0x1755 ./Core/Src/stm32g4xx_hal_msp.o
 .debug_info    0x000000000000415c      0xf70 ./Core/Src/stm32g4xx_it.o
 .debug_info    0x00000000000050cc      0x718 ./Core/Src/system_stm32g4xx.o
 .debug_info    0x00000000000057e4       0x22 ./Core/Startup/startup_stm32g441kbtx.o
 .debug_info    0x0000000000005806      0xc47 ./Drivers/STM32G4xx_HAL_Driver/Src/stm32g4xx_hal.o
 .debug_info    0x000000000000644d      0xf7e ./Drivers/STM32G4xx_HAL_Driver/Src/stm32g4xx_hal_cortex.o
 .debug_info    0x00000000000073cb      0xa13 ./Drivers/STM32G4xx_HAL_Driver/Src/stm32g4xx_hal_gpio.o
 .debug_info    0x0000000000007dde     0x242e ./Drivers/STM32G4xx_HAL_Driver/Src/stm32g4xx_hal_i2c.o
 .debug_info    0x000000000000a20c      0xd06 ./Drivers/STM32G4xx_HAL_Driver/Src/stm32g4xx_hal_i2c_ex.o
 .debug_info    0x000000000000af12     0x165d ./Drivers/STM32G4xx_HAL_Driver/Src/stm32g4xx_hal_pcd.o
 .debug_info    0x000000000000c56f      0xa15 ./Drivers/STM32G4xx_HAL_Driver/Src/stm32g4xx_hal_pcd_ex.o
 .debug_info    0x000000000000cf84      0xb3a ./Drivers/STM32G4xx_HAL_Driver/Src/stm32g4xx_hal_pwr_ex.o
 .debug_info    0x000000000000dabe      0xd7d ./Drivers/STM32G4xx_HAL_Driver/Src/stm32g4xx_hal_rcc.o
 .debug_info    0x000000000000e83b      0xe78 ./Drivers/STM32G4xx_HAL_Driver/Src/stm32g4xx_hal_rcc_ex.o
 .debug_info    0x000000000000f6b3     0x2f58 ./Drivers/STM32G4xx_HAL_Driver/Src/stm32g4xx_hal_tim.o
 .debug_info    0x000000000001260b     0x1f4e ./Drivers/STM32G4xx_HAL_Driver/Src/stm32g4xx_hal_tim_ex.o
 .debug_info    0x0000000000014559     0x1846 ./Drivers/STM32G4xx_HAL_Driver/Src/stm32g4xx_ll_usb.o
 .debug_info    0x0000000000015d9f     0x1ae7 ./Middlewares/ST/STM32_USB_Device_Library/Class/CDC/Src/usbd_cdc.o
 .debug_info    0x0000000000017886     0x14ad ./Middlewares/ST/STM32_USB_Device_Library/Core/Src/usbd_core.o
 .debug_info    0x0000000000018d33     0x1479 ./Middlewares/ST/STM32_USB_Device_Library/Core/Src/usbd_ctlreq.o
 .debug_info    0x000000000001a1ac     0x119b ./Middlewares/ST/STM32_USB_Device_Library/Core/Src/usbd_ioreq.o
 .debug_info    0x000000000001b347     0x1104 ./USB_Device/App/usb_device.o
 .debug_info    0x000000000001c44b     0x1335 ./USB_Device/App/usbd_cdc_if.o
 .debug_info    0x000000000001d780      0xef7 ./USB_Device/App/usbd_desc.o
 .debug_info    0x000000000001e677     0x249e ./USB_Device/Target/usbd_conf.o

.debug_abbrev   0x0000000000000000     0x3db9
 .debug_abbrev  0x0000000000000000      0x34c ./Core/Src/main.o
 .debug_abbrev  0x000000000000034c      0x27a ./Core/Src/stm32g4xx_hal_msp.o
 .debug_abbrev  0x00000000000005c6      0x1d8 ./Core/Src/stm32g4xx_it.o
 .debug_abbrev  0x000000000000079e      0x165 ./Core/Src/system_stm32g4xx.o
 .debug_abbrev  0x0000000000000903       0x12 ./Core/Startup/startup_stm32g441kbtx.o
 .debug_abbrev  0x0000000000000915      0x256 ./Drivers/STM32G4xx_HAL_Driver/Src/stm32g4xx_hal.o
 .debug_abbrev  0x0000000000000b6b      0x333 ./Drivers/STM32G4xx_HAL_Driver/Src/stm32g4xx_hal_cortex.o
 .debug_abbrev  0x0000000000000e9e      0x1e8 ./Drivers/STM32G4xx_HAL_Driver/Src/stm32g4xx_hal_gpio.o
 .debug_abbrev  0x0000000000001086      0x256 ./Drivers/STM32G4xx_HAL_Driver/Src/stm32g4xx_hal_i2c.o
 .debug_abbrev  0x00000000000012dc      0x1dd ./Drivers/STM32G4xx_HAL_Driver/Src/stm32g4xx_hal_i2c_ex.o
 .debug_abbrev  0x00000000000014b9      0x29e ./Drivers/STM32G4xx_HAL_Driver/Src/stm32g4xx_hal_pcd.o
 .debug_abbrev  0x0000000000001757      0x219 ./Drivers/STM32G4xx_HAL_Driver/Src/stm32g4xx_hal_pcd_ex.o
 .debug_abbrev  0x0000000000001970      0x229 ./Drivers/STM32G4xx_HAL_Driver/Src/stm32g4xx_hal_pwr_ex.o
 .debug_abbrev  0x0000000000001b99      0x275 ./Drivers/STM32G4xx_HAL_Driver/Src/stm32g4xx_hal_rcc.o
 .debug_abbrev  0x0000000000001e0e      0x230 ./Drivers/STM32G4xx_HAL_Driver/Src/stm32g4xx_hal_rcc_ex.o
 .debug_abbrev  0x000000000000203e      0x28f ./Drivers/STM32G4xx_HAL_Driver/Src/stm32g4xx_hal_tim.o
 .debug_abbrev  0x00000000000022cd      0x297 ./Drivers/STM32G4xx_HAL_Driver/Src/stm32g4xx_hal_tim_ex.o
 .debug_abbrev  0x0000000000002564      0x25c ./Drivers/STM32G4xx_HAL_Driver/Src/stm32g4xx_ll_usb.o
 .debug_abbrev  0x00000000000027c0      0x2ed ./Middlewares/ST/STM32_USB_Device_Library/Class/CDC/Src/usbd_cdc.o
 .debug_abbrev  0x0000000000002aad      0x2b7 ./Middlewares/ST/STM32_USB_Device_Library/Core/Src/usbd_core.o
 .debug_abbrev  0x0000000000002d64      0x2fc ./Middlewares/ST/STM32_USB_Device_Library/Core/Src/usbd_ctlreq.o
 .debug_abbrev  0x0000000000003060      0x22a ./Middlewares/ST/STM32_USB_Device_Library/Core/Src/usbd_ioreq.o
 .debug_abbrev  0x000000000000328a      0x204 ./USB_Device/App/usb_device.o
 .debug_abbrev  0x000000000000348e      0x30c ./USB_Device/App/usbd_cdc_if.o
 .debug_abbrev  0x000000000000379a      0x2d9 ./USB_Device/App/usbd_desc.o
 .debug_abbrev  0x0000000000003a73      0x346 ./USB_Device/Target/usbd_conf.o

.debug_aranges  0x0000000000000000     0x1630
 .debug_aranges
                0x0000000000000000       0xa0 ./Core/Src/main.o
 .debug_aranges
                0x00000000000000a0       0x68 ./Core/Src/stm32g4xx_hal_msp.o
 .debug_aranges
                0x0000000000000108       0x70 ./Core/Src/stm32g4xx_it.o
 .debug_aranges
                0x0000000000000178       0x28 ./Core/Src/system_stm32g4xx.o
 .debug_aranges
                0x00000000000001a0       0x28 ./Core/Startup/startup_stm32g441kbtx.o
 .debug_aranges
                0x00000000000001c8      0x130 ./Drivers/STM32G4xx_HAL_Driver/Src/stm32g4xx_hal.o
 .debug_aranges
                0x00000000000002f8      0x118 ./Drivers/STM32G4xx_HAL_Driver/Src/stm32g4xx_hal_cortex.o
 .debug_aranges
                0x0000000000000410       0x58 ./Drivers/STM32G4xx_HAL_Driver/Src/stm32g4xx_hal_gpio.o
 .debug_aranges
                0x0000000000000468      0x290 ./Drivers/STM32G4xx_HAL_Driver/Src/stm32g4xx_hal_i2c.o
 .debug_aranges
                0x00000000000006f8       0x48 ./Drivers/STM32G4xx_HAL_Driver/Src/stm32g4xx_hal_i2c_ex.o
 .debug_aranges
                0x0000000000000740      0x130 ./Drivers/STM32G4xx_HAL_Driver/Src/stm32g4xx_hal_pcd.o
 .debug_aranges
                0x0000000000000870       0x58 ./Drivers/STM32G4xx_HAL_Driver/Src/stm32g4xx_hal_pcd_ex.o
 .debug_aranges
                0x00000000000008c8      0x140 ./Drivers/STM32G4xx_HAL_Driver/Src/stm32g4xx_hal_pwr_ex.o
 .debug_aranges
                0x0000000000000a08       0x98 ./Drivers/STM32G4xx_HAL_Driver/Src/stm32g4xx_hal_rcc.o
 .debug_aranges
                0x0000000000000aa0       0xb0 ./Drivers/STM32G4xx_HAL_Driver/Src/stm32g4xx_hal_rcc_ex.o
 .debug_aranges
                0x0000000000000b50      0x3e0 ./Drivers/STM32G4xx_HAL_Driver/Src/stm32g4xx_hal_tim.o
 .debug_aranges
                0x0000000000000f30      0x240 ./Drivers/STM32G4xx_HAL_Driver/Src/stm32g4xx_hal_tim_ex.o
 .debug_aranges
                0x0000000000001170       0xb0 ./Drivers/STM32G4xx_HAL_Driver/Src/stm32g4xx_ll_usb.o
 .debug_aranges
                0x0000000000001220       0x90 ./Middlewares/ST/STM32_USB_Device_Library/Class/CDC/Src/usbd_cdc.o
 .debug_aranges
                0x00000000000012b0       0xb8 ./Middlewares/ST/STM32_USB_Device_Library/Core/Src/usbd_core.o
 .debug_aranges
                0x0000000000001368       0x90 ./Middlewares/ST/STM32_USB_Device_Library/Core/Src/usbd_ctlreq.o
 .debug_aranges
                0x00000000000013f8       0x50 ./Middlewares/ST/STM32_USB_Device_Library/Core/Src/usbd_ioreq.o
 .debug_aranges
                0x0000000000001448       0x20 ./USB_Device/App/usb_device.o
 .debug_aranges
                0x0000000000001468       0x48 ./USB_Device/App/usbd_cdc_if.o
 .debug_aranges
                0x00000000000014b0       0x60 ./USB_Device/App/usbd_desc.o
 .debug_aranges
                0x0000000000001510      0x120 ./USB_Device/Target/usbd_conf.o

.debug_ranges   0x0000000000000000     0x1498
 .debug_ranges  0x0000000000000000       0x90 ./Core/Src/main.o
 .debug_ranges  0x0000000000000090       0x58 ./Core/Src/stm32g4xx_hal_msp.o
 .debug_ranges  0x00000000000000e8       0x60 ./Core/Src/stm32g4xx_it.o
 .debug_ranges  0x0000000000000148       0x18 ./Core/Src/system_stm32g4xx.o
 .debug_ranges  0x0000000000000160       0x20 ./Core/Startup/startup_stm32g441kbtx.o
 .debug_ranges  0x0000000000000180      0x120 ./Drivers/STM32G4xx_HAL_Driver/Src/stm32g4xx_hal.o
 .debug_ranges  0x00000000000002a0      0x108 ./Drivers/STM32G4xx_HAL_Driver/Src/stm32g4xx_hal_cortex.o
 .debug_ranges  0x00000000000003a8       0x48 ./Drivers/STM32G4xx_HAL_Driver/Src/stm32g4xx_hal_gpio.o
 .debug_ranges  0x00000000000003f0      0x280 ./Drivers/STM32G4xx_HAL_Driver/Src/stm32g4xx_hal_i2c.o
 .debug_ranges  0x0000000000000670       0x38 ./Drivers/STM32G4xx_HAL_Driver/Src/stm32g4xx_hal_i2c_ex.o
 .debug_ranges  0x00000000000006a8      0x120 ./Drivers/STM32G4xx_HAL_Driver/Src/stm32g4xx_hal_pcd.o
 .debug_ranges  0x00000000000007c8       0x48 ./Drivers/STM32G4xx_HAL_Driver/Src/stm32g4xx_hal_pcd_ex.o
 .debug_ranges  0x0000000000000810      0x130 ./Drivers/STM32G4xx_HAL_Driver/Src/stm32g4xx_hal_pwr_ex.o
 .debug_ranges  0x0000000000000940       0x88 ./Drivers/STM32G4xx_HAL_Driver/Src/stm32g4xx_hal_rcc.o
 .debug_ranges  0x00000000000009c8       0xa0 ./Drivers/STM32G4xx_HAL_Driver/Src/stm32g4xx_hal_rcc_ex.o
 .debug_ranges  0x0000000000000a68      0x3d0 ./Drivers/STM32G4xx_HAL_Driver/Src/stm32g4xx_hal_tim.o
 .debug_ranges  0x0000000000000e38      0x230 ./Drivers/STM32G4xx_HAL_Driver/Src/stm32g4xx_hal_tim_ex.o
 .debug_ranges  0x0000000000001068       0xa0 ./Drivers/STM32G4xx_HAL_Driver/Src/stm32g4xx_ll_usb.o
 .debug_ranges  0x0000000000001108       0x80 ./Middlewares/ST/STM32_USB_Device_Library/Class/CDC/Src/usbd_cdc.o
 .debug_ranges  0x0000000000001188       0xa8 ./Middlewares/ST/STM32_USB_Device_Library/Core/Src/usbd_core.o
 .debug_ranges  0x0000000000001230       0x80 ./Middlewares/ST/STM32_USB_Device_Library/Core/Src/usbd_ctlreq.o
 .debug_ranges  0x00000000000012b0       0x40 ./Middlewares/ST/STM32_USB_Device_Library/Core/Src/usbd_ioreq.o
 .debug_ranges  0x00000000000012f0       0x10 ./USB_Device/App/usb_device.o
 .debug_ranges  0x0000000000001300       0x38 ./USB_Device/App/usbd_cdc_if.o
 .debug_ranges  0x0000000000001338       0x50 ./USB_Device/App/usbd_desc.o
 .debug_ranges  0x0000000000001388      0x110 ./USB_Device/Target/usbd_conf.o

.debug_macro    0x0000000000000000    0x2177b
 .debug_macro   0x0000000000000000      0x43b ./Core/Src/main.o
 .debug_macro   0x000000000000043b      0xaa8 ./Core/Src/main.o
 .debug_macro   0x0000000000000ee3      0x161 ./Core/Src/main.o
 .debug_macro   0x0000000000001044       0x2e ./Core/Src/main.o
 .debug_macro   0x0000000000001072       0x28 ./Core/Src/main.o
 .debug_macro   0x000000000000109a       0x22 ./Core/Src/main.o
 .debug_macro   0x00000000000010bc       0x8e ./Core/Src/main.o
 .debug_macro   0x000000000000114a       0x51 ./Core/Src/main.o
 .debug_macro   0x000000000000119b      0x103 ./Core/Src/main.o
 .debug_macro   0x000000000000129e       0x6a ./Core/Src/main.o
 .debug_macro   0x0000000000001308      0x1df ./Core/Src/main.o
 .debug_macro   0x00000000000014e7       0x1c ./Core/Src/main.o
 .debug_macro   0x0000000000001503       0x22 ./Core/Src/main.o
 .debug_macro   0x0000000000001525      0x101 ./Core/Src/main.o
 .debug_macro   0x0000000000001626     0x1011 ./Core/Src/main.o
 .debug_macro   0x0000000000002637      0x11f ./Core/Src/main.o
 .debug_macro   0x0000000000002756    0x11778 ./Core/Src/main.o
 .debug_macro   0x0000000000013ece       0x6d ./Core/Src/main.o
 .debug_macro   0x0000000000013f3b     0x3554 ./Core/Src/main.o
 .debug_macro   0x000000000001748f      0x174 ./Core/Src/main.o
 .debug_macro   0x0000000000017603       0x5c ./Core/Src/main.o
 .debug_macro   0x000000000001765f     0x1463 ./Core/Src/main.o
 .debug_macro   0x0000000000018ac2      0x535 ./Core/Src/main.o
 .debug_macro   0x0000000000018ff7      0x1b6 ./Core/Src/main.o
 .debug_macro   0x00000000000191ad      0x288 ./Core/Src/main.o
 .debug_macro   0x0000000000019435      0x41d ./Core/Src/main.o
 .debug_macro   0x0000000000019852      0x18b ./Core/Src/main.o
 .debug_macro   0x00000000000199dd       0x43 ./Core/Src/main.o
 .debug_macro   0x0000000000019a20      0x23d ./Core/Src/main.o
 .debug_macro   0x0000000000019c5d      0x211 ./Core/Src/main.o
 .debug_macro   0x0000000000019e6e      0x401 ./Core/Src/main.o
 .debug_macro   0x000000000001a26f      0x107 ./Core/Src/main.o
 .debug_macro   0x000000000001a376      0x22c ./Core/Src/main.o
 .debug_macro   0x000000000001a5a2       0x61 ./Core/Src/main.o
 .debug_macro   0x000000000001a603       0xa5 ./Core/Src/main.o
 .debug_macro   0x000000000001a6a8       0x6c ./Core/Src/main.o
 .debug_macro   0x000000000001a714      0x234 ./Core/Src/main.o
 .debug_macro   0x000000000001a948      0x122 ./Core/Src/main.o
 .debug_macro   0x000000000001aa6a      0x3d1 ./Core/Src/main.o
 .debug_macro   0x000000000001ae3b      0xbbe ./Core/Src/main.o
 .debug_macro   0x000000000001b9f9      0x47e ./Core/Src/main.o
 .debug_macro   0x000000000001be77      0x306 ./Core/Src/main.o
 .debug_macro   0x000000000001c17d       0xd0 ./Core/Src/main.o
 .debug_macro   0x000000000001c24d       0x52 ./Core/Src/main.o
 .debug_macro   0x000000000001c29f       0x18 ./Core/Src/main.o
 .debug_macro   0x000000000001c2b7       0x3c ./Core/Src/main.o
 .debug_macro   0x000000000001c2f3       0x34 ./Core/Src/main.o
 .debug_macro   0x000000000001c327       0x16 ./Core/Src/main.o
 .debug_macro   0x000000000001c33d       0x35 ./Core/Src/main.o
 .debug_macro   0x000000000001c372      0x333 ./Core/Src/main.o
 .debug_macro   0x000000000001c6a5       0x10 ./Core/Src/main.o
 .debug_macro   0x000000000001c6b5       0x16 ./Core/Src/main.o
 .debug_macro   0x000000000001c6cb       0x43 ./Core/Src/main.o
 .debug_macro   0x000000000001c70e       0x34 ./Core/Src/main.o
 .debug_macro   0x000000000001c742       0x10 ./Core/Src/main.o
 .debug_macro   0x000000000001c752       0x58 ./Core/Src/main.o
 .debug_macro   0x000000000001c7aa       0x71 ./Core/Src/main.o
 .debug_macro   0x000000000001c81b       0x1c ./Core/Src/main.o
 .debug_macro   0x000000000001c837      0x12a ./Core/Src/main.o
 .debug_macro   0x000000000001c961       0x10 ./Core/Src/main.o
 .debug_macro   0x000000000001c971       0x1c ./Core/Src/main.o
 .debug_macro   0x000000000001c98d       0x52 ./Core/Src/main.o
 .debug_macro   0x000000000001c9df       0x22 ./Core/Src/main.o
 .debug_macro   0x000000000001ca01       0x10 ./Core/Src/main.o
 .debug_macro   0x000000000001ca11       0x40 ./Core/Src/main.o
 .debug_macro   0x000000000001ca51       0xd5 ./Core/Src/main.o
 .debug_macro   0x000000000001cb26       0x1c ./Core/Src/main.o
 .debug_macro   0x000000000001cb42       0x3d ./Core/Src/main.o
 .debug_macro   0x000000000001cb7f       0x16 ./Core/Src/main.o
 .debug_macro   0x000000000001cb95      0x145 ./Core/Src/main.o
 .debug_macro   0x000000000001ccda       0x16 ./Core/Src/main.o
 .debug_macro   0x000000000001ccf0       0x16 ./Core/Src/main.o
 .debug_macro   0x000000000001cd06       0x29 ./Core/Src/main.o
 .debug_macro   0x000000000001cd2f       0x16 ./Core/Src/main.o
 .debug_macro   0x000000000001cd45       0x20 ./Core/Src/main.o
 .debug_macro   0x000000000001cd65       0x5f ./Core/Src/main.o
 .debug_macro   0x000000000001cdc4      0x1ef ./Core/Src/main.o
 .debug_macro   0x000000000001cfb3       0x95 ./Core/Src/main.o
 .debug_macro   0x000000000001d048       0x10 ./Core/Src/main.o
 .debug_macro   0x000000000001d058      0x206 ./Core/Src/stm32g4xx_hal_msp.o
 .debug_macro   0x000000000001d25e      0x210 ./Core/Src/stm32g4xx_it.o
 .debug_macro   0x000000000001d46e      0x1f7 ./Core/Src/system_stm32g4xx.o
 .debug_macro   0x000000000001d665      0x245 ./Drivers/STM32G4xx_HAL_Driver/Src/stm32g4xx_hal.o
 .debug_macro   0x000000000001d8aa      0x1f7 ./Drivers/STM32G4xx_HAL_Driver/Src/stm32g4xx_hal_cortex.o
 .debug_macro   0x000000000001daa1      0x1fe ./Drivers/STM32G4xx_HAL_Driver/Src/stm32g4xx_hal_gpio.o
 .debug_macro   0x000000000001dc9f      0x2c3 ./Drivers/STM32G4xx_HAL_Driver/Src/stm32g4xx_hal_i2c.o
 .debug_macro   0x000000000001df62      0x1f7 ./Drivers/STM32G4xx_HAL_Driver/Src/stm32g4xx_hal_i2c_ex.o
 .debug_macro   0x000000000001e159      0x203 ./Drivers/STM32G4xx_HAL_Driver/Src/stm32g4xx_hal_pcd.o
 .debug_macro   0x000000000001e35c      0x1f7 ./Drivers/STM32G4xx_HAL_Driver/Src/stm32g4xx_hal_pcd_ex.o
 .debug_macro   0x000000000001e553      0x221 ./Drivers/STM32G4xx_HAL_Driver/Src/stm32g4xx_hal_pwr_ex.o
 .debug_macro   0x000000000001e774      0x239 ./Drivers/STM32G4xx_HAL_Driver/Src/stm32g4xx_hal_rcc.o
 .debug_macro   0x000000000001e9ad      0x221 ./Drivers/STM32G4xx_HAL_Driver/Src/stm32g4xx_hal_rcc_ex.o
 .debug_macro   0x000000000001ebce      0x1ff ./Drivers/STM32G4xx_HAL_Driver/Src/stm32g4xx_hal_tim.o
 .debug_macro   0x000000000001edcd      0x1fd ./Drivers/STM32G4xx_HAL_Driver/Src/stm32g4xx_hal_tim_ex.o
 .debug_macro   0x000000000001efca      0x1f7 ./Drivers/STM32G4xx_HAL_Driver/Src/stm32g4xx_ll_usb.o
 .debug_macro   0x000000000001f1c1      0x40d ./Middlewares/ST/STM32_USB_Device_Library/Class/CDC/Src/usbd_cdc.o
 .debug_macro   0x000000000001f5ce       0x97 ./Middlewares/ST/STM32_USB_Device_Library/Class/CDC/Src/usbd_cdc.o
 .debug_macro   0x000000000001f665       0xfd ./Middlewares/ST/STM32_USB_Device_Library/Class/CDC/Src/usbd_cdc.o
 .debug_macro   0x000000000001f762       0xfb ./Middlewares/ST/STM32_USB_Device_Library/Class/CDC/Src/usbd_cdc.o
 .debug_macro   0x000000000001f85d       0x56 ./Middlewares/ST/STM32_USB_Device_Library/Class/CDC/Src/usbd_cdc.o
 .debug_macro   0x000000000001f8b3      0x3f4 ./Middlewares/ST/STM32_USB_Device_Library/Core/Src/usbd_core.o
 .debug_macro   0x000000000001fca7      0x1f5 ./Middlewares/ST/STM32_USB_Device_Library/Core/Src/usbd_core.o
 .debug_macro   0x000000000001fe9c      0x3fe ./Middlewares/ST/STM32_USB_Device_Library/Core/Src/usbd_ctlreq.o
 .debug_macro   0x000000000002029a      0x3fa ./Middlewares/ST/STM32_USB_Device_Library/Core/Src/usbd_ioreq.o
 .debug_macro   0x0000000000020694      0x433 ./USB_Device/App/usb_device.o
 .debug_macro   0x0000000000020ac7       0x22 ./USB_Device/App/usb_device.o
 .debug_macro   0x0000000000020ae9       0x16 ./USB_Device/App/usb_device.o
 .debug_macro   0x0000000000020aff      0x418 ./USB_Device/App/usbd_cdc_if.o
 .debug_macro   0x0000000000020f17      0x431 ./USB_Device/App/usbd_desc.o
 .debug_macro   0x0000000000021348       0x1c ./USB_Device/App/usbd_desc.o
 .debug_macro   0x0000000000021364      0x417 ./USB_Device/Target/usbd_conf.o

.debug_line     0x0000000000000000    0x1a5f1
 .debug_line    0x0000000000000000     0x1182 ./Core/Src/main.o
 .debug_line    0x0000000000001182      0x9de ./Core/Src/stm32g4xx_hal_msp.o
 .debug_line    0x0000000000001b60      0x7f5 ./Core/Src/stm32g4xx_it.o
 .debug_line    0x0000000000002355      0x76c ./Core/Src/system_stm32g4xx.o
 .debug_line    0x0000000000002ac1       0x89 ./Core/Startup/startup_stm32g441kbtx.o
 .debug_line    0x0000000000002b4a      0xae3 ./Drivers/STM32G4xx_HAL_Driver/Src/stm32g4xx_hal.o
 .debug_line    0x000000000000362d      0xc96 ./Drivers/STM32G4xx_HAL_Driver/Src/stm32g4xx_hal_cortex.o
 .debug_line    0x00000000000042c3      0xb26 ./Drivers/STM32G4xx_HAL_Driver/Src/stm32g4xx_hal_gpio.o
 .debug_line    0x0000000000004de9     0x338a ./Drivers/STM32G4xx_HAL_Driver/Src/stm32g4xx_hal_i2c.o
 .debug_line    0x0000000000008173      0x920 ./Drivers/STM32G4xx_HAL_Driver/Src/stm32g4xx_hal_i2c_ex.o
 .debug_line    0x0000000000008a93     0x130b ./Drivers/STM32G4xx_HAL_Driver/Src/stm32g4xx_hal_pcd.o
 .debug_line    0x0000000000009d9e      0x877 ./Drivers/STM32G4xx_HAL_Driver/Src/stm32g4xx_hal_pcd_ex.o
 .debug_line    0x000000000000a615      0xc8e ./Drivers/STM32G4xx_HAL_Driver/Src/stm32g4xx_hal_pwr_ex.o
 .debug_line    0x000000000000b2a3      0xef9 ./Drivers/STM32G4xx_HAL_Driver/Src/stm32g4xx_hal_rcc.o
 .debug_line    0x000000000000c19c     0x10bc ./Drivers/STM32G4xx_HAL_Driver/Src/stm32g4xx_hal_rcc_ex.o
 .debug_line    0x000000000000d258     0x3ddb ./Drivers/STM32G4xx_HAL_Driver/Src/stm32g4xx_hal_tim.o
 .debug_line    0x0000000000011033     0x2055 ./Drivers/STM32G4xx_HAL_Driver/Src/stm32g4xx_hal_tim_ex.o
 .debug_line    0x0000000000013088      0xf2f ./Drivers/STM32G4xx_HAL_Driver/Src/stm32g4xx_ll_usb.o
 .debug_line    0x0000000000013fb7      0xdbd ./Middlewares/ST/STM32_USB_Device_Library/Class/CDC/Src/usbd_cdc.o
 .debug_line    0x0000000000014d74      0xe40 ./Middlewares/ST/STM32_USB_Device_Library/Core/Src/usbd_core.o
 .debug_line    0x0000000000015bb4     0x10dd ./Middlewares/ST/STM32_USB_Device_Library/Core/Src/usbd_ctlreq.o
 .debug_line    0x0000000000016c91      0xa97 ./Middlewares/ST/STM32_USB_Device_Library/Core/Src/usbd_ioreq.o
 .debug_line    0x0000000000017728      0xa53 ./USB_Device/App/usb_device.o
 .debug_line    0x000000000001817b      0xab7 ./USB_Device/App/usbd_cdc_if.o
 .debug_line    0x0000000000018c32      0xb1c ./USB_Device/App/usbd_desc.o
 .debug_line    0x000000000001974e      0xea3 ./USB_Device/Target/usbd_conf.o

.debug_str      0x0000000000000000    0xc9a2a
 .debug_str     0x0000000000000000    0xc3f02 ./Core/Src/main.o
                                      0xc446e (size before relaxing)
 .debug_str     0x00000000000c3f02      0x6ce ./Core/Src/stm32g4xx_hal_msp.o
                                      0xbf0e4 (size before relaxing)
 .debug_str     0x00000000000c45d0      0x3ad ./Core/Src/stm32g4xx_it.o
                                      0xbe9a0 (size before relaxing)
 .debug_str     0x00000000000c497d       0xaf ./Core/Src/system_stm32g4xx.o
                                      0xbdda9 (size before relaxing)
 .debug_str     0x00000000000c4a2c       0x36 ./Core/Startup/startup_stm32g441kbtx.o
                                         0x86 (size before relaxing)
 .debug_str     0x00000000000c4a62      0x57f ./Drivers/STM32G4xx_HAL_Driver/Src/stm32g4xx_hal.o
                                      0xbe887 (size before relaxing)
 .debug_str     0x00000000000c4fe1      0x389 ./Drivers/STM32G4xx_HAL_Driver/Src/stm32g4xx_hal_cortex.o
                                      0xbe58f (size before relaxing)
 .debug_str     0x00000000000c536a      0x166 ./Drivers/STM32G4xx_HAL_Driver/Src/stm32g4xx_hal_gpio.o
                                      0xbdf72 (size before relaxing)
 .debug_str     0x00000000000c54d0      0xd89 ./Drivers/STM32G4xx_HAL_Driver/Src/stm32g4xx_hal_i2c.o
                                      0xbf02d (size before relaxing)
 .debug_str     0x00000000000c6259       0xb8 ./Drivers/STM32G4xx_HAL_Driver/Src/stm32g4xx_hal_i2c_ex.o
                                      0xbe3d1 (size before relaxing)
 .debug_str     0x00000000000c6311      0x3d7 ./Drivers/STM32G4xx_HAL_Driver/Src/stm32g4xx_hal_pcd.o
                                      0xbe373 (size before relaxing)
 .debug_str     0x00000000000c66e8      0x1c6 ./Drivers/STM32G4xx_HAL_Driver/Src/stm32g4xx_hal_pcd_ex.o
                                      0xbe14c (size before relaxing)
 .debug_str     0x00000000000c68ae      0x4d2 ./Drivers/STM32G4xx_HAL_Driver/Src/stm32g4xx_hal_pwr_ex.o
                                      0xbe29f (size before relaxing)
 .debug_str     0x00000000000c6d80      0x4fb ./Drivers/STM32G4xx_HAL_Driver/Src/stm32g4xx_hal_rcc.o
                                      0xbe470 (size before relaxing)
 .debug_str     0x00000000000c727b      0x3e0 ./Drivers/STM32G4xx_HAL_Driver/Src/stm32g4xx_hal_rcc_ex.o
                                      0xbe452 (size before relaxing)
 .debug_str     0x00000000000c765b      0xd02 ./Drivers/STM32G4xx_HAL_Driver/Src/stm32g4xx_hal_tim.o
                                      0xbf17c (size before relaxing)
 .debug_str     0x00000000000c835d      0x948 ./Drivers/STM32G4xx_HAL_Driver/Src/stm32g4xx_hal_tim_ex.o
                                      0xbee10 (size before relaxing)