stm32g4xx_hal_msp.c:65:6:HAL_MspInit	8	static
stm32g4xx_hal_msp.c:91:6:HAL_I2C_MspInit	120	static
stm32g4xx_hal_msp.c:144:6:HAL_I2C_MspDeInit	8	static
stm32g4xx_hal_msp.c:175:6:HAL_TIM_PWM_MspInit	8	static
stm32g4xx_hal_msp.c:208:6:HAL_TIM_Encoder_MspInit	64	static
stm32g4xx_hal_msp.c:300:6:HAL_TIM_Base_MspInit	8	static
stm32g4xx_hal_msp.c:327:6:HAL_TIM_MspPostInit	56	static
stm32g4xx_hal_msp.c:432:6:HAL_TIM_PWM_MspDeInit	0	static
stm32g4xx_hal_msp.c:465:6:HAL_TIM_Encoder_MspDeInit	8	static
stm32g4xx_hal_msp.c:532:6:HAL_TIM_Base_MspDeInit	0	static
stm32g4xx_hal_msp.c:565:6:HAL_PCD_MspInit	80	static
stm32g4xx_hal_msp.c:597:6:HAL_PCD_MspDeInit	0	static
