usbd_conf.c:72:6:HAL_PCD_MspInit	88	static
usbd_conf.c:107:6:HAL_PCD_MspDeInit	16	static
usbd_conf.c:137:6:HAL_PCD_SetupStageCallback	16	static
usbd_conf.c:158:6:HAL_PCD_DataOutStageCallback	16	static
usbd_conf.c:179:6:HAL_PCD_DataInStageCallback	16	static
usbd_conf.c:199:6:HAL_PCD_SOFCallback	16	static
usbd_conf.c:219:6:HAL_PCD_ResetCallback	24	static
usbd_conf.c:250:6:HAL_PCD_SuspendCallback	16	static
usbd_conf.c:280:6:HAL_PCD_ResumeCallback	16	static
usbd_conf.c:311:6:HAL_PCD_ISOOUTIncompleteCallback	16	static
usbd_conf.c:332:6:HAL_PCD_ISOINIncompleteCallback	16	static
usbd_conf.c:352:6:HAL_PCD_ConnectCallback	16	static
usbd_conf.c:372:6:HAL_PCD_DisconnectCallback	16	static
usbd_conf.c:397:20:USBD_LL_Init	16	static
usbd_conf.c:462:20:USBD_LL_DeInit	24	static
usbd_conf.c:479:20:USBD_LL_Start	24	static
usbd_conf.c:496:20:USBD_LL_Stop	24	static
usbd_conf.c:516:20:USBD_LL_OpenEP	24	static
usbd_conf.c:534:20:USBD_LL_CloseEP	24	static
usbd_conf.c:552:20:USBD_LL_FlushEP	24	static
usbd_conf.c:570:20:USBD_LL_StallEP	24	static
usbd_conf.c:588:20:USBD_LL_ClearStallEP	24	static
usbd_conf.c:606:9:USBD_LL_IsStallEP	24	static
usbd_conf.c:626:20:USBD_LL_SetUSBAddress	24	static
usbd_conf.c:646:20:USBD_LL_Transmit	32	static
usbd_conf.c:666:20:USBD_LL_PrepareReceive	32	static
usbd_conf.c:684:10:USBD_LL_GetRxDataSize	16	static
usbd_conf.c:698:6:HAL_PCDEx_LPM_Callback	16	static
usbd_conf.c:734:6:USBD_LL_Delay	16	static
usbd_conf.c:744:7:USBD_static_malloc	16	static
usbd_conf.c:755:6:USBD_static_free	16	static
usbd_conf.c:766:13:SystemClockConfig_Resume	8	static
usbd_conf.c:777:20:USBD_Get_USB_Status	24	static
