main.c:83:5:main	16	static
main.c:188:6:SystemClock_Config	88	static
main.c:233:13:MX_I2C3_Init	8	static
main.c:279:13:MX_TIM2_Init	64	static
main.c:346:13:MX_TIM3_Init	56	static
main.c:395:13:MX_TIM4_Init	56	static
main.c:444:13:MX_TIM8_Init	56	static
main.c:495:13:MX_TIM15_Init	120	static
main.c:571:13:MX_TIM16_Init	88	static
main.c:634:13:MX_TIM17_Init	88	static
main.c:697:13:MX_USB_PCD_Init	8	static
main.c:730:13:MX_GPIO_Init	40	static
main.c:774:6:Error_Handler	4	static,ignoring_inline_asm
