main.c:129:6:CDC_On_Receive	16	static
main.c:147:6:throw	24	static
main.c:173:5:main	16	static
main.c:343:6:SystemClock_Config	88	static
main.c:388:13:MX_I2C3_Init	8	static
main.c:434:13:MX_TIM1_Init	104	static
main.c:503:13:MX_TIM2_Init	64	static
main.c:570:13:MX_TIM3_Init	56	static
main.c:619:13:MX_TIM4_Init	56	static
main.c:668:13:MX_TIM6_Init	24	static
main.c:706:13:MX_TIM8_Init	56	static
main.c:757:13:MX_TIM15_Init	120	static
main.c:833:13:MX_TIM16_Init	88	static
main.c:896:13:MX_TIM17_Init	88	static
main.c:959:13:MX_GPIO_Init	40	static
main.c:997:6:HAL_TIM_PeriodElapsedCallback	88	static
main.c:1060:6:Error_Handler	4	static,ignoring_inline_asm
